2026-09-03 15:17:07.009 CST [99646] LOG:  starting PostgreSQL 18.3 on x86_64-pc-linux-gnu, compiled by gcc (Ubuntu 11.4.0-1ubuntu1~22.04.3) 11.4.0, 64-bit
2026-09-03 15:17:07.009 CST [99646] LOG:  listening on Unix socket "/tmp/ES7ode_C04/.s.PGSQL.26241"
2026-09-03 15:17:07.011 CST [99652] LOG:  database system was shut down at 2026-09-03 15:17:06 CST
2026-09-03 15:17:07.014 CST [99646] LOG:  database system is ready to accept connections
2026-09-03 15:17:07.110 CST [99657] 006_map_plan.pl LOG:  statement: CREATE EXTENSION semloom_pg VERSION '0.1.0';
2026-09-03 15:17:07.121 CST [99659] 006_map_plan.pl LOG:  statement: SELECT oid, proname, proargtypes, provolatile, proparallel, proisstrict, prosecdef, proleakproof,
	       coalesce(proacl::text, '')
	FROM pg_proc WHERE pronamespace = 'ai_semantic'::regnamespace ORDER BY oid;
2026-09-03 15:17:07.131 CST [99661] 006_map_plan.pl LOG:  statement: ALTER EXTENSION semloom_pg UPDATE TO '0.2.0';
2026-09-03 15:17:07.138 CST [99663] 006_map_plan.pl LOG:  statement: SELECT oid, proname, proargtypes, provolatile, proparallel, proisstrict, prosecdef, proleakproof,
	       coalesce(proacl::text, '')
	FROM pg_proc WHERE pronamespace = 'ai_semantic'::regnamespace
	AND oid <> 'ai_semantic.map(text,text,jsonb)'::regprocedure ORDER BY oid;
2026-09-03 15:17:07.147 CST [99665] 006_map_plan.pl LOG:  statement: SELECT prorettype::regtype, l.lanname, provolatile, proparallel, proisstrict, prosecdef, proleakproof
	FROM pg_proc p JOIN pg_language l ON l.oid = p.prolang
	WHERE p.oid = 'ai_semantic.map(text,text,jsonb)'::regprocedure;
2026-09-03 15:17:07.158 CST [99667] 006_map_plan.pl LOG:  statement: CREATE TABLE map_inputs(id integer, body text);
2026-09-03 15:17:07.160 CST [99667] 006_map_plan.pl LOG:  statement: INSERT INTO map_inputs VALUES (1, 'hello'), (2, NULL);
2026-09-03 15:17:07.170 CST [99669] 006_map_plan.pl LOG:  statement: EXPLAIN (FORMAT JSON) SELECT id, ai_semantic.map(body, 'Echo the input.', '{"model":"golden-map-v1","temperature":0,"max_tokens":128}'::jsonb) AS generated FROM ONLY map_inputs
2026-09-03 15:17:07.184 CST [99671] 006_map_plan.pl LOG:  statement: EXPLAIN SELECT id, ai_semantic.map(body, 'Echo the input.', '{"model":"golden-map-v1","temperature":0,"max_tokens":128}'::jsonb) AS generated FROM ONLY map_inputs
2026-09-03 15:17:07.193 CST [99673] 006_map_plan.pl LOG:  statement: SELECT id, ai_semantic.map(body, 'Echo the input.', '{"model":"golden-map-v1","temperature":0,"max_tokens":128}'::jsonb) AS generated FROM ONLY map_inputs;
2026-09-03 15:17:07.194 CST [99673] 006_map_plan.pl ERROR:  generative SemMap execution is not connected
2026-09-03 15:17:07.194 CST [99673] 006_map_plan.pl STATEMENT:  SELECT id, ai_semantic.map(body, 'Echo the input.', '{"model":"golden-map-v1","temperature":0,"max_tokens":128}'::jsonb) AS generated FROM ONLY map_inputs;
2026-09-03 15:17:07.205 CST [99675] 006_map_plan.pl LOG:  statement: SET plan_cache_mode=force_custom_plan;
2026-09-03 15:17:07.205 CST [99675] 006_map_plan.pl LOG:  statement: PREPARE map_parameter(text) AS SELECT ai_semantic.map(body, $1, '{"model":"golden-map-v1","temperature":0,"max_tokens":128}'::jsonb) FROM ONLY map_inputs;
2026-09-03 15:17:07.205 CST [99675] 006_map_plan.pl LOG:  statement: EXPLAIN EXECUTE map_parameter('Echo the input.');
2026-09-03 15:17:07.206 CST [99675] 006_map_plan.pl ERROR:  SemMap instruction and options must be fixed immutable constants
2026-09-03 15:17:07.206 CST [99675] 006_map_plan.pl STATEMENT:  EXPLAIN EXECUTE map_parameter('Echo the input.');
2026-09-03 15:17:07.216 CST [99677] 006_map_plan.pl LOG:  statement: SET plan_cache_mode=force_custom_plan;
2026-09-03 15:17:07.216 CST [99677] 006_map_plan.pl LOG:  statement: PREPARE map_parameter(jsonb) AS SELECT ai_semantic.map(body, 'Echo the input.', $1) FROM ONLY map_inputs;
2026-09-03 15:17:07.216 CST [99677] 006_map_plan.pl LOG:  statement: EXPLAIN EXECUTE map_parameter('{"model":"golden-map-v1","temperature":0,"max_tokens":128}'::jsonb);
2026-09-03 15:17:07.216 CST [99677] 006_map_plan.pl ERROR:  SemMap instruction and options must be fixed immutable constants
2026-09-03 15:17:07.216 CST [99677] 006_map_plan.pl STATEMENT:  EXPLAIN EXECUTE map_parameter('{"model":"golden-map-v1","temperature":0,"max_tokens":128}'::jsonb);
2026-09-03 15:17:07.226 CST [99679] 006_map_plan.pl LOG:  statement: SET plan_cache_mode=force_custom_plan;
2026-09-03 15:17:07.226 CST [99679] 006_map_plan.pl LOG:  statement: PREPARE map_input(text, integer) AS SELECT ai_semantic.map($1, 'Echo the input.', '{"model":"golden-map-v1","temperature":0,"max_tokens":128}'::jsonb) FROM ONLY map_inputs WHERE id >= $2;
2026-09-03 15:17:07.226 CST [99679] 006_map_plan.pl LOG:  statement: EXPLAIN (FORMAT JSON) EXECUTE map_input('hello', 1);
2026-09-03 15:17:07.236 CST [99681] 006_map_plan.pl LOG:  statement: SET plan_cache_mode=force_generic_plan;
2026-09-03 15:17:07.236 CST [99681] 006_map_plan.pl LOG:  statement: PREPARE map_parameter(text) AS SELECT ai_semantic.map(body, $1, '{"model":"golden-map-v1","temperature":0,"max_tokens":128}'::jsonb) FROM ONLY map_inputs;
2026-09-03 15:17:07.237 CST [99681] 006_map_plan.pl LOG:  statement: EXPLAIN EXECUTE map_parameter('Echo the input.');
2026-09-03 15:17:07.237 CST [99681] 006_map_plan.pl ERROR:  SemMap instruction and options must be fixed immutable constants
2026-09-03 15:17:07.237 CST [99681] 006_map_plan.pl STATEMENT:  EXPLAIN EXECUTE map_parameter('Echo the input.');
2026-09-03 15:17:07.248 CST [99683] 006_map_plan.pl LOG:  statement: SET plan_cache_mode=force_generic_plan;
2026-09-03 15:17:07.248 CST [99683] 006_map_plan.pl LOG:  statement: PREPARE map_parameter(jsonb) AS SELECT ai_semantic.map(body, 'Echo the input.', $1) FROM ONLY map_inputs;
2026-09-03 15:17:07.248 CST [99683] 006_map_plan.pl LOG:  statement: EXPLAIN EXECUTE map_parameter('{"model":"golden-map-v1","temperature":0,"max_tokens":128}'::jsonb);
2026-09-03 15:17:07.248 CST [99683] 006_map_plan.pl ERROR:  SemMap instruction and options must be fixed immutable constants
2026-09-03 15:17:07.248 CST [99683] 006_map_plan.pl STATEMENT:  EXPLAIN EXECUTE map_parameter('{"model":"golden-map-v1","temperature":0,"max_tokens":128}'::jsonb);
2026-09-03 15:17:07.258 CST [99685] 006_map_plan.pl LOG:  statement: SET plan_cache_mode=force_generic_plan;
2026-09-03 15:17:07.259 CST [99685] 006_map_plan.pl LOG:  statement: PREPARE map_input(text, integer) AS SELECT ai_semantic.map($1, 'Echo the input.', '{"model":"golden-map-v1","temperature":0,"max_tokens":128}'::jsonb) FROM ONLY map_inputs WHERE id >= $2;
2026-09-03 15:17:07.259 CST [99685] 006_map_plan.pl LOG:  statement: EXPLAIN (FORMAT JSON) EXECUTE map_input('hello', 1);
2026-09-03 15:17:07.272 CST [99687] 006_map_plan.pl LOG:  statement: CREATE FUNCTION stable_instruction() RETURNS text LANGUAGE sql STABLE AS $$ SELECT 'Echo the input.'::text $$;
2026-09-03 15:17:07.273 CST [99687] 006_map_plan.pl LOG:  statement: CREATE FUNCTION volatile_instruction() RETURNS text LANGUAGE sql VOLATILE AS $$ SELECT 'Echo the input.'::text $$;
2026-09-03 15:17:07.281 CST [99689] 006_map_plan.pl LOG:  statement: EXPLAIN SELECT ai_semantic.map(body, body, '{"model":"golden-map-v1","temperature":0,"max_tokens":128}'::jsonb) FROM ONLY map_inputs;
2026-09-03 15:17:07.282 CST [99689] 006_map_plan.pl ERROR:  SemMap instruction and options must be fixed immutable constants
2026-09-03 15:17:07.282 CST [99689] 006_map_plan.pl STATEMENT:  EXPLAIN SELECT ai_semantic.map(body, body, '{"model":"golden-map-v1","temperature":0,"max_tokens":128}'::jsonb) FROM ONLY map_inputs;
2026-09-03 15:17:07.291 CST [99691] 006_map_plan.pl LOG:  statement: EXPLAIN SELECT ai_semantic.map(body, (SELECT 'Echo the input.'::text), '{"model":"golden-map-v1","temperature":0,"max_tokens":128}'::jsonb) FROM ONLY map_inputs;
2026-09-03 15:17:07.292 CST [99691] 006_map_plan.pl ERROR:  SemMap instruction and options must be fixed immutable constants
2026-09-03 15:17:07.292 CST [99691] 006_map_plan.pl STATEMENT:  EXPLAIN SELECT ai_semantic.map(body, (SELECT 'Echo the input.'::text), '{"model":"golden-map-v1","temperature":0,"max_tokens":128}'::jsonb) FROM ONLY map_inputs;
2026-09-03 15:17:07.299 CST [99693] 006_map_plan.pl LOG:  statement: EXPLAIN SELECT ai_semantic.map(body, stable_instruction(), '{"model":"golden-map-v1","temperature":0,"max_tokens":128}'::jsonb) FROM ONLY map_inputs;
2026-09-03 15:17:07.300 CST [99693] 006_map_plan.pl ERROR:  SemMap instruction and options must be fixed immutable constants
2026-09-03 15:17:07.300 CST [99693] 006_map_plan.pl STATEMENT:  EXPLAIN SELECT ai_semantic.map(body, stable_instruction(), '{"model":"golden-map-v1","temperature":0,"max_tokens":128}'::jsonb) FROM ONLY map_inputs;
2026-09-03 15:17:07.308 CST [99695] 006_map_plan.pl LOG:  statement: EXPLAIN SELECT ai_semantic.map(body, volatile_instruction(), '{"model":"golden-map-v1","temperature":0,"max_tokens":128}'::jsonb) FROM ONLY map_inputs;
2026-09-03 15:17:07.308 CST [99695] 006_map_plan.pl ERROR:  SemMap instruction and options must be fixed immutable constants
2026-09-03 15:17:07.308 CST [99695] 006_map_plan.pl STATEMENT:  EXPLAIN SELECT ai_semantic.map(body, volatile_instruction(), '{"model":"golden-map-v1","temperature":0,"max_tokens":128}'::jsonb) FROM ONLY map_inputs;
2026-09-03 15:17:07.317 CST [99697] 006_map_plan.pl LOG:  statement: EXPLAIN (FORMAT JSON) SELECT ai_semantic.map(body, 'Echo ' || 'the input.', ' {"max_tokens":128.0,"temperature":-0.0,"model":"golden-map-v1"}'::jsonb) FROM ONLY map_inputs;
2026-09-03 15:17:07.329 CST [99699] 006_map_plan.pl LOG:  statement: CREATE ROLE map_reader;
2026-09-03 15:17:07.329 CST [99699] 006_map_plan.pl LOG:  statement: GRANT USAGE ON SCHEMA ai_semantic TO map_reader;
2026-09-03 15:17:07.330 CST [99699] 006_map_plan.pl LOG:  statement: GRANT SELECT ON map_inputs TO map_reader;
2026-09-03 15:17:07.330 CST [99699] 006_map_plan.pl LOG:  statement: REVOKE ALL ON FUNCTION ai_semantic.map(text,text,jsonb) FROM PUBLIC;
2026-09-03 15:17:07.330 CST [99699] 006_map_plan.pl LOG:  statement: CREATE FUNCTION map_test_capture(statement text) RETURNS text LANGUAGE plpgsql AS $$
	DECLARE code text; message text;
	BEGIN
	  EXECUTE statement;
	  RETURN 'unexpected success';
	EXCEPTION WHEN OTHERS THEN
	  GET STACKED DIAGNOSTICS code = RETURNED_SQLSTATE, message = MESSAGE_TEXT;
	  RETURN code || '|' || message;
	END $$;
2026-09-03 15:17:07.345 CST [99701] 006_map_plan.pl LOG:  statement: SET ROLE map_reader
	;
2026-09-03 15:17:07.345 CST [99701] 006_map_plan.pl LOG:  statement: SELECT map_test_capture('SELECT id, ai_semantic.map(body, ''Echo the input.'', ''{"model":"golden-map-v1","temperature":0,"max_tokens":128}''::jsonb) AS generated FROM ONLY map_inputs');
2026-09-03 15:17:07.347 CST [99701] 006_map_plan.pl LOG:  statement: ;
2026-09-03 15:17:07.348 CST [99701] 006_map_plan.pl LOG:  statement: SELECT map_test_capture('SELECT id, ai_semantic.map(body, ''Echo the input.'', ''{"model":"golden-map-v1","temperature":0,"max_tokens":128}''::jsonb) AS generated FROM ONLY map_inputs LIMIT 0');
2026-09-03 15:17:07.348 CST [99701] 006_map_plan.pl LOG:  statement: ;
2026-09-03 15:17:07.349 CST [99701] 006_map_plan.pl LOG:  statement: SELECT map_test_capture('SELECT id, ai_semantic.map(body, ''Echo the input.'', ''{"model":"golden-map-v1","temperature":0,"max_tokens":128}''::jsonb) AS generated FROM ONLY map_inputs WHERE false');
2026-09-03 15:17:07.349 CST [99701] 006_map_plan.pl LOG:  statement: ;
2026-09-03 15:17:07.350 CST [99701] 006_map_plan.pl LOG:  statement: SELECT map_test_capture('SELECT id, ai_semantic.map(body, ''Echo the input.'', ''{"model":"golden-map-v1","temperature":0,"max_tokens":128}''::jsonb) AS generated FROM ONLY map_inputs WHERE body IS NULL');
2026-09-03 15:17:07.350 CST [99701] 006_map_plan.pl LOG:  statement: ;
2026-09-03 15:17:07.350 CST [99701] 006_map_plan.pl LOG:  statement: SELECT map_test_capture('EXPLAIN SELECT id, ai_semantic.map(body, ''Echo the input.'', ''{"model":"golden-map-v1","temperature":0,"max_tokens":128}''::jsonb) AS generated FROM ONLY map_inputs');
2026-09-03 15:17:07.351 CST [99701] 006_map_plan.pl LOG:  statement: ;
2026-09-03 15:17:07.359 CST [99703] 006_map_plan.pl LOG:  statement: GRANT EXECUTE ON FUNCTION ai_semantic.map(text,text,jsonb) TO map_reader;
2026-09-03 15:17:07.361 CST [99701] 006_map_plan.pl LOG:  statement: SET plan_cache_mode=force_custom_plan;
2026-09-03 15:17:07.361 CST [99701] 006_map_plan.pl LOG:  statement: PREPARE map_acl(integer) AS SELECT id, ai_semantic.map(body, 'Echo the input.', '{"model":"golden-map-v1","temperature":0,"max_tokens":128}'::jsonb) AS generated FROM ONLY map_inputs WHERE id >= $1;
2026-09-03 15:17:07.361 CST [99701] 006_map_plan.pl LOG:  statement: ;
2026-09-03 15:17:07.361 CST [99701] 006_map_plan.pl LOG:  statement: EXPLAIN (FORMAT JSON) EXECUTE map_acl(1)
	;
2026-09-03 15:17:07.364 CST [99701] 006_map_plan.pl LOG:  statement: SELECT map_test_capture('EXECUTE map_acl(1)');
2026-09-03 15:17:07.365 CST [99701] 006_map_plan.pl LOG:  statement: ;
2026-09-03 15:17:07.365 CST [99701] 006_map_plan.pl LOG:  statement: SELECT custom_plans > 0 FROM pg_prepared_statements WHERE name='map_acl'
	;
2026-09-03 15:17:07.375 CST [99705] 006_map_plan.pl LOG:  statement: REVOKE EXECUTE ON FUNCTION ai_semantic.map(text,text,jsonb) FROM map_reader;
2026-09-03 15:17:07.376 CST [99701] 006_map_plan.pl LOG:  statement: SELECT map_test_capture('EXECUTE map_acl(1)');
2026-09-03 15:17:07.376 CST [99701] 006_map_plan.pl LOG:  statement: ;
2026-09-03 15:17:07.383 CST [99707] 006_map_plan.pl LOG:  statement: GRANT EXECUTE ON FUNCTION ai_semantic.map(text,text,jsonb) TO map_reader;
2026-09-03 15:17:07.385 CST [99701] 006_map_plan.pl LOG:  statement: SELECT map_test_capture('EXECUTE map_acl(1)');
2026-09-03 15:17:07.385 CST [99701] 006_map_plan.pl LOG:  statement: ;
2026-09-03 15:17:07.387 CST [99701] 006_map_plan.pl LOG:  statement: DEALLOCATE map_acl
	;
2026-09-03 15:17:07.387 CST [99701] 006_map_plan.pl LOG:  statement: SET plan_cache_mode=force_generic_plan;
2026-09-03 15:17:07.387 CST [99701] 006_map_plan.pl LOG:  statement: PREPARE map_acl(integer) AS SELECT id, ai_semantic.map(body, 'Echo the input.', '{"model":"golden-map-v1","temperature":0,"max_tokens":128}'::jsonb) AS generated FROM ONLY map_inputs WHERE id >= $1;
2026-09-03 15:17:07.387 CST [99701] 006_map_plan.pl LOG:  statement: ;
2026-09-03 15:17:07.388 CST [99701] 006_map_plan.pl LOG:  statement: EXPLAIN (FORMAT JSON) EXECUTE map_acl(1)
	;
2026-09-03 15:17:07.390 CST [99701] 006_map_plan.pl LOG:  statement: SELECT map_test_capture('EXECUTE map_acl(1)');
2026-09-03 15:17:07.390 CST [99701] 006_map_plan.pl LOG:  statement: ;
2026-09-03 15:17:07.391 CST [99701] 006_map_plan.pl LOG:  statement: SELECT generic_plans > 0 FROM pg_prepared_statements WHERE name='map_acl'
	;
2026-09-03 15:17:07.399 CST [99709] 006_map_plan.pl LOG:  statement: REVOKE EXECUTE ON FUNCTION ai_semantic.map(text,text,jsonb) FROM map_reader;
2026-09-03 15:17:07.400 CST [99701] 006_map_plan.pl LOG:  statement: SELECT map_test_capture('EXECUTE map_acl(1)');
2026-09-03 15:17:07.401 CST [99701] 006_map_plan.pl LOG:  statement: ;
2026-09-03 15:17:07.412 CST [99711] 006_map_plan.pl LOG:  statement: GRANT EXECUTE ON FUNCTION ai_semantic.map(text,text,jsonb) TO map_reader;
2026-09-03 15:17:07.415 CST [99701] 006_map_plan.pl LOG:  statement: SELECT map_test_capture('EXECUTE map_acl(1)');
2026-09-03 15:17:07.415 CST [99701] 006_map_plan.pl LOG:  statement: ;
2026-09-03 15:17:07.416 CST [99701] 006_map_plan.pl LOG:  statement: DEALLOCATE map_acl
	;
2026-09-03 15:17:07.423 CST [99713] 006_map_plan.pl LOG:  statement: EXPLAIN SELECT CASE WHEN true THEN ai_semantic.map(body, 'Echo the input.', '{"model":"golden-map-v1","temperature":0,"max_tokens":128}'::jsonb) ELSE '' END FROM ONLY map_inputs;
2026-09-03 15:17:07.423 CST [99713] 006_map_plan.pl ERROR:  ai_semantic.map is only supported as a top-level output expression
2026-09-03 15:17:07.423 CST [99713] 006_map_plan.pl STATEMENT:  EXPLAIN SELECT CASE WHEN true THEN ai_semantic.map(body, 'Echo the input.', '{"model":"golden-map-v1","temperature":0,"max_tokens":128}'::jsonb) ELSE '' END FROM ONLY map_inputs;
2026-09-03 15:17:07.432 CST [99715] 006_map_plan.pl LOG:  statement: EXPLAIN SELECT id FROM ONLY map_inputs WHERE ai_semantic.map(body, 'Echo the input.', '{"model":"golden-map-v1","temperature":0,"max_tokens":128}'::jsonb) = 'hello';
2026-09-03 15:17:07.432 CST [99715] 006_map_plan.pl ERROR:  ai_semantic.map is only supported as a top-level output expression
2026-09-03 15:17:07.432 CST [99715] 006_map_plan.pl STATEMENT:  EXPLAIN SELECT id FROM ONLY map_inputs WHERE ai_semantic.map(body, 'Echo the input.', '{"model":"golden-map-v1","temperature":0,"max_tokens":128}'::jsonb) = 'hello';
2026-09-03 15:17:07.441 CST [99717] 006_map_plan.pl LOG:  statement: EXPLAIN SELECT id, ai_semantic.map(body, 'Echo the input.', '{"model":"golden-map-v1","temperature":0,"max_tokens":128}'::jsonb) AS generated FROM ONLY map_inputs WHERE ai_semantic.filter(body);
2026-09-03 15:17:07.441 CST [99717] 006_map_plan.pl ERROR:  SemMap and SemFilter cannot be combined in the current capability
2026-09-03 15:17:07.441 CST [99717] 006_map_plan.pl STATEMENT:  EXPLAIN SELECT id, ai_semantic.map(body, 'Echo the input.', '{"model":"golden-map-v1","temperature":0,"max_tokens":128}'::jsonb) AS generated FROM ONLY map_inputs WHERE ai_semantic.filter(body);
2026-09-03 15:17:07.448 CST [99646] LOG:  received fast shutdown request
2026-09-03 15:17:07.448 CST [99646] LOG:  aborting any active transactions
2026-09-03 15:17:07.449 CST [99646] LOG:  background worker "logical replication launcher" (PID 99655) exited with exit code 1
2026-09-03 15:17:07.449 CST [99650] LOG:  shutting down
2026-09-03 15:17:07.450 CST [99650] LOG:  checkpoint starting: shutdown immediate
2026-09-03 15:17:07.451 CST [99650] LOG:  checkpoint complete: wrote 66 buffers (0.4%), wrote 3 SLRU buffers; 0 WAL file(s) added, 0 removed, 0 recycled; write=0.002 s, sync=0.001 s, total=0.002 s; sync files=0, longest=0.000 s, average=0.000 s; distance=263 kB, estimate=263 kB; lsn=0/172F0D0, redo lsn=0/172F0D0
2026-09-03 15:17:07.459 CST [99646] LOG:  database system is shut down
