2026-09-20 10:13:48,735	INFO worker.py:2024 -- Started a local Ray instance.
test_cumulative_queries_release_jobs_and_result_storage (tests.execution_provider.test_image_pg_integration.ImagePostgresTest.test_cumulative_queries_release_jobs_and_result_storage) ... ok
test_illegal_options_and_oversized_binary_fail_before_submission (tests.execution_provider.test_image_pg_integration.ImagePostgresTest.test_illegal_options_and_oversized_binary_fail_before_submission) ... ok
test_insert_rollback_decode_error_and_old_text_recording (tests.execution_provider.test_image_pg_integration.ImagePostgresTest.test_insert_rollback_decode_error_and_old_text_recording) ... ERROR
test_limit_and_null_do_not_speculate_invalid_later_images (tests.execution_provider.test_image_pg_integration.ImagePostgresTest.test_limit_and_null_do_not_speculate_invalid_later_images) ... ok
test_permissions_and_rls_keep_invisible_images_out_of_workers (tests.execution_provider.test_image_pg_integration.ImagePostgresTest.test_permissions_and_rls_keep_invisible_images_out_of_workers) ... ok
test_pg_cancel_waits_for_remote_end_without_killing_shared_worker (tests.execution_provider.test_image_pg_integration.ImagePostgresTest.test_pg_cancel_waits_for_remote_end_without_killing_shared_worker) ... 2026-09-20 10:14:02,101	ERROR worker.py:437 -- Unhandled error (suppress with 'RAY_IGNORE_UNHANDLED_ERRORS=1'): [36mray::Prepare.preprocess_staged()[39m (pid=10918, ip=172.17.0.6, actor_id=5595e59c9d8b34d852afcbf501000000, repr=<tests.execution_provider.image_fixtures.Prepare object at 0x7fc54c1b1010>)
           ^^^^^^^^^^^^^^^^^^^^^^^^^^^^^^^^^^^^
           ^^^^^^^^^^^^^^^^^^^^^^^^^^^^^^^
  File "<repository>/code/src/modalities/image/operator.py", line 61, in preprocess_staged
    batch = self.prepare(descriptor.row_ids, encoded_images)
            ^^^^^^^^^^^^^^^^^^^^^^^^^^^^^^^^^^^^^^^^^^^^^^^^
           ^^^^^^^^^^^^^^^^^^^^^^^^^^^^^^^
  File "<repository>/code/src/modalities/image/operator.py", line 46, in prepare
    check_encoded_image(self.plan, encoded_images[0])
  File "<repository>/code/src/modalities/image/operator.py", line 20, in check_encoded_image
    with Image.open(io.BytesIO(encoded)) as image:
         ^^^^^^^^^^^^^^^^^^^^^^^^^^^^^^^
  File "<python-runtime>/lib/python3.12/site-packages/PIL/Image.py", line 3711, in open
    raise UnidentifiedImageError(msg)
PIL.UnidentifiedImageError: cannot identify image file <_io.BytesIO object at 0x7fc4b0146c50>
ok
test_pg_rejects_tampered_association_evidence_shape_and_nonfinite_float4 (tests.execution_provider.test_image_pg_integration.ImagePostgresTest.test_pg_rejects_tampered_association_evidence_shape_and_nonfinite_float4) ... ok
test_reference_staged_types_identity_order_and_null (tests.execution_provider.test_image_pg_integration.ImagePostgresTest.test_reference_staged_types_identity_order_and_null) ... ok
test_snapshot_and_prepared_plan_keep_typed_identity (tests.execution_provider.test_image_pg_integration.ImagePostgresTest.test_snapshot_and_prepared_plan_keep_typed_identity) ... ok

======================================================================
ERROR: test_insert_rollback_decode_error_and_old_text_recording (tests.execution_provider.test_image_pg_integration.ImagePostgresTest.test_insert_rollback_decode_error_and_old_text_recording)
----------------------------------------------------------------------
Traceback (most recent call last):
  File "<repository>/code/src/execution_provider/multiplexed_gateway.py", line 452, in _command
    result = self.session_command(state, operation, args)
             ^^^^^^^^^^^^^^^^^^^^^^^^^^^^^^^^^^^^^^^^^^^^
  File "<repository>/code/src/execution_provider/image_gateway.py", line 156, in session_command
    progress = driver.advance(1)
               ^^^^^^^^^^^^^^^^^
  File "<repository>/code/src/semantic_methods/driver.py", line 181, in advance
    raise RuntimeError(progress.error or "method session terminated")
RuntimeError: MODEL_UNAVAILABLE

During handling of the above exception, another exception occurred:

Traceback (most recent call last):
  File "<repository>/code/tests/execution_provider/test_image_pg_integration.py", line 165, in test_insert_rollback_decode_error_and_old_text_recording
    with image_service(self.root, "staged", self.ray) as (path, gateway, events):
  File "<python-runtime>/lib/python3.12/contextlib.py", line 144, in __exit__
    next(self.gen)
  File "<repository>/code/tests/execution_provider/test_image_pg_integration.py", line 96, in image_service
    raise failures[0]
  File "<repository>/code/tests/execution_provider/test_image_pg_integration.py", line 65, in run
    gateway.serve(listener, stop, handler=None)
  File "<repository>/code/src/execution_provider/multiplexed_gateway.py", line 560, in serve
    self._command(state)
  File "<repository>/code/src/execution_provider/multiplexed_gateway.py", line 455, in _command
    session.fail("owner command failed")
  File "<repository>/code/src/scheduling/core/session.py", line 893, in fail
    self._check_open_handle()
  File "<repository>/code/src/scheduling/core/session.py", line 482, in _check_open_handle
    raise RuntimeError("session is closed")
RuntimeError: session is closed

----------------------------------------------------------------------
Ran 9 tests in 31.598s

FAILED (errors=1)
