test_canonical_gateway_serves_both_versions_without_rewriting_results (test_semloom_choice_protocol.ChoiceFixedAdapterTests.test_canonical_gateway_serves_both_versions_without_rewriting_results) ... ok
test_choice_mapping_changes_only_the_explicit_constraint (test_semloom_choice_protocol.ChoiceFixedAdapterTests.test_choice_mapping_changes_only_the_explicit_constraint) ... ok
test_gateway_refuses_undeclared_choice_without_model_request (test_semloom_choice_protocol.ChoiceFixedAdapterTests.test_gateway_refuses_undeclared_choice_without_model_request) ... ok
test_service_rejection_is_terminal_without_unconstrained_retry (test_semloom_choice_protocol.ChoiceFixedAdapterTests.test_service_rejection_is_terminal_without_unconstrained_retry) ... ok
test_undeclared_choice_support_fails_before_http (test_semloom_choice_protocol.ChoiceFixedAdapterTests.test_undeclared_choice_support_fails_before_http) ... ok
test_execution_payload_and_completion_match_independent_vectors (test_semloom_choice_protocol.ChoiceProtocolTests.test_execution_payload_and_completion_match_independent_vectors) ... ok
test_exported_options_cannot_change_effective_wire_parameters (test_semloom_choice_protocol.ChoiceProtocolTests.test_exported_options_cannot_change_effective_wire_parameters) ... ok
test_invalid_json_after_open_has_a_redacted_terminal_error (test_semloom_choice_protocol.ChoiceProtocolTests.test_invalid_json_after_open_has_a_redacted_terminal_error) ... ok
test_malformed_task_frame_returns_strict_v4_error (test_semloom_choice_protocol.ChoiceProtocolTests.test_malformed_task_frame_returns_strict_v4_error) ... ok
test_task_checks_profile_sequence_and_actual_instruction (test_semloom_choice_protocol.ChoiceProtocolTests.test_task_checks_profile_sequence_and_actual_instruction) ... ok
test_v4_plan_uses_the_independent_pg_schema3_vector (test_semloom_choice_protocol.ChoiceProtocolTests.test_v4_plan_uses_the_independent_pg_schema3_vector) ... ok
test_v4_rejects_oversized_sequences_and_non_pg_text (test_semloom_choice_protocol.ChoiceProtocolTests.test_v4_rejects_oversized_sequences_and_non_pg_text) ... ok
test_v4_session_preserves_raw_output_and_profile_evidence (test_semloom_choice_protocol.ChoiceProtocolTests.test_v4_session_preserves_raw_output_and_profile_evidence) ... ok
test_version_mismatch_and_nested_duplicate_open_never_execute (test_semloom_choice_protocol.ChoiceProtocolTests.test_version_mismatch_and_nested_duplicate_open_never_execute) ... ok
test_versions_and_complete_profile_are_strict (test_semloom_choice_protocol.ChoiceProtocolTests.test_versions_and_complete_profile_are_strict) ... ok
test_repeated_timeouts_share_one_bounded_dns_resolution (test_semloom_fixed_model_adapter.FixedModelAdapterDeadlineTests.test_repeated_timeouts_share_one_bounded_dns_resolution) ... ok
test_adapter_forwards_the_exact_v3_request_once (test_semloom_fixed_model_adapter.FixedModelAdapterTests.test_adapter_forwards_the_exact_v3_request_once) ... ok
test_adapter_maps_remote_failures_to_redacted_wire_codes_without_retry (test_semloom_fixed_model_adapter.FixedModelAdapterTests.test_adapter_maps_remote_failures_to_redacted_wire_codes_without_retry) ... ok
test_adapter_rejects_redirect_without_contacting_target (test_semloom_fixed_model_adapter.FixedModelAdapterTests.test_adapter_rejects_redirect_without_contacting_target) ... ok
test_adapter_timeout_is_a_total_deadline_for_slow_response (test_semloom_fixed_model_adapter.FixedModelAdapterTests.test_adapter_timeout_is_a_total_deadline_for_slow_response) ... ok
test_canonical_gateway_routes_wire_v3_through_the_fixed_adapter (test_semloom_fixed_model_adapter.FixedModelAdapterTests.test_canonical_gateway_routes_wire_v3_through_the_fixed_adapter) ... ok
test_config_loader_reads_auth_from_a_named_environment_variable (test_semloom_fixed_model_adapter.FixedModelAdapterTests.test_config_loader_reads_auth_from_a_named_environment_variable) ... ok
test_config_loader_rejects_unknown_fields_and_missing_auth (test_semloom_fixed_model_adapter.FixedModelAdapterTests.test_config_loader_rejects_unknown_fields_and_missing_auth) ... ok
test_c_binds_every_profile_byte_and_never_requires_a_terminator (test_semloom_generation_profile.CGenerationProfileTests.test_c_binds_every_profile_byte_and_never_requires_a_terminator) ... ok
test_c_canonical_bytes_and_identity_match_python_and_independent_vector (test_semloom_generation_profile.CGenerationProfileTests.test_c_canonical_bytes_and_identity_match_python_and_independent_vector) ... ok
test_c_encoder_is_bounded_and_failure_never_publishes_partial_bytes (test_semloom_generation_profile.CGenerationProfileTests.test_c_encoder_is_bounded_and_failure_never_publishes_partial_bytes) ... ok
test_c_rejects_unknown_identity_kind_count_and_malformed_slices (test_semloom_generation_profile.CGenerationProfileTests.test_c_rejects_unknown_identity_kind_count_and_malformed_slices) ... ok
test_only_the_exact_typed_ordered_profile_is_supported (test_semloom_generation_profile.GenerationProfileTests.test_only_the_exact_typed_ordered_profile_is_supported) ... ok
test_profile_cannot_change_after_identity_is_computed (test_semloom_generation_profile.GenerationProfileTests.test_profile_cannot_change_after_identity_is_computed) ... ok
test_record_is_self_contained_and_rejects_unbound_or_changed_fields (test_semloom_generation_profile.GenerationProfileTests.test_record_is_self_contained_and_rejects_unbound_or_changed_fields) ... ok
test_tristate_profile_matches_independent_canonical_vector (test_semloom_generation_profile.GenerationProfileTests.test_tristate_profile_matches_independent_canonical_vector) ... ok
test_exact_semfilter_cost_is_planner_visible_but_not_semantic_identity (test_semloom_pg_static_contract.SemloomPgStaticContractTests.test_exact_semfilter_cost_is_planner_visible_but_not_semantic_identity) ... ok
test_exact_semfilter_has_a_constant_plan_owned_sql_contract (test_semloom_pg_static_contract.SemloomPgStaticContractTests.test_exact_semfilter_has_a_constant_plan_owned_sql_contract) ... ok
test_executor_is_incremental_and_rejects_rescan (test_semloom_pg_static_contract.SemloomPgStaticContractTests.test_executor_is_incremental_and_rejects_rescan) ... ok
test_fixed_model_profile_is_query_fixed_and_transport_neutral (test_semloom_pg_static_contract.SemloomPgStaticContractTests.test_fixed_model_profile_is_query_fixed_and_transport_neutral) ... ok
test_input_limit_preflight_runs_before_canonical_task_construction (test_semloom_pg_static_contract.SemloomPgStaticContractTests.test_input_limit_preflight_runs_before_canonical_task_construction) ... ok
test_marker_is_never_an_implicit_remote_udf (test_semloom_pg_static_contract.SemloomPgStaticContractTests.test_marker_is_never_an_implicit_remote_udf) ... ok
test_neutral_provider_contract_has_no_postgres_dependencies (test_semloom_pg_static_contract.SemloomPgStaticContractTests.test_neutral_provider_contract_has_no_postgres_dependencies) ... ok
test_neutral_provider_error_interface_hides_adapter_operations (test_semloom_pg_static_contract.SemloomPgStaticContractTests.test_neutral_provider_error_interface_hides_adapter_operations) ... ok
test_pgxs_layout_is_versioned_and_has_regression_entry (test_semloom_pg_static_contract.SemloomPgStaticContractTests.test_pgxs_layout_is_versioned_and_has_regression_entry) ... ok
test_planner_owns_the_versioned_semantic_plan_spec (test_semloom_pg_static_contract.SemloomPgStaticContractTests.test_planner_owns_the_versioned_semantic_plan_spec) ... ok
test_planner_wraps_an_ordinary_child_path_and_chains_hooks (test_semloom_pg_static_contract.SemloomPgStaticContractTests.test_planner_wraps_an_ordinary_child_path_and_chains_hooks) ... ok
test_recording_and_uds_are_separate_provider_adapters (test_semloom_pg_static_contract.SemloomPgStaticContractTests.test_recording_and_uds_are_separate_provider_adapters) ... ok
test_reference_calibration_is_planner_owned_and_does_not_enter_runtime (test_semloom_pg_static_contract.SemloomPgStaticContractTests.test_reference_calibration_is_planner_owned_and_does_not_enter_runtime) ... ok
test_regression_contract_covers_explain_filter_duplicates_and_limit (test_semloom_pg_static_contract.SemloomPgStaticContractTests.test_regression_contract_covers_explain_filter_duplicates_and_limit) ... ok
test_scan_delegates_tuple_flow_to_the_pump_and_runtime (test_semloom_pg_static_contract.SemloomPgStaticContractTests.test_scan_delegates_tuple_flow_to_the_pump_and_runtime) ... ok
test_tap_contract_covers_preload_prepare_snapshot_and_cancel (test_semloom_pg_static_contract.SemloomPgStaticContractTests.test_tap_contract_covers_preload_prepare_snapshot_and_cancel) ... ok
test_two_operators_share_one_postgres_semantic_runtime (test_semloom_pg_static_contract.SemloomPgStaticContractTests.test_two_operators_share_one_postgres_semantic_runtime) ... ok
test_wire_common_c_owns_shared_transport_and_json_primitives (test_semloom_pg_static_contract.SemloomPgStaticContractTests.test_wire_common_c_owns_shared_transport_and_json_primitives) ... ok
test_wire_v3_is_strict_and_does_not_mutate_recording_v2 (test_semloom_pg_static_contract.SemloomPgStaticContractTests.test_wire_v3_is_strict_and_does_not_mutate_recording_v2) ... ok
test_wire_v3_owns_and_strictly_validates_error_frames (test_semloom_pg_static_contract.SemloomPgStaticContractTests.test_wire_v3_owns_and_strictly_validates_error_frames) ... ok
test_bad_payload_digest_fails_closed_without_echoing_input (test_semloom_recording_protocol.SemloomRecordingProtocolTests.test_bad_payload_digest_fails_closed_without_echoing_input) ... ok
test_boolean_semantic_spec_version_fails_closed (test_semloom_recording_protocol.SemloomRecordingProtocolTests.test_boolean_semantic_spec_version_fails_closed) ... ok
test_digest_golden_vectors_cover_unicode_and_null (test_semloom_recording_protocol.SemloomRecordingProtocolTests.test_digest_golden_vectors_cover_unicode_and_null) ... ok
test_disconnect_on_task_yields_no_completion (test_semloom_recording_protocol.SemloomRecordingProtocolTests.test_disconnect_on_task_yields_no_completion) ... ok
test_filter_spec_returns_deterministic_tristate_completions (test_semloom_recording_protocol.SemloomRecordingProtocolTests.test_filter_spec_returns_deterministic_tristate_completions) ... ok
test_fragmented_and_coalesced_frames_complete_a_unicode_task (test_semloom_recording_protocol.SemloomRecordingProtocolTests.test_fragmented_and_coalesced_frames_complete_a_unicode_task) ... ok
test_null_and_oversized_tasks_are_rejected_before_execution (test_semloom_recording_protocol.SemloomRecordingProtocolTests.test_null_and_oversized_tasks_are_rejected_before_execution) ... ok
test_unknown_open_field_and_oversized_frame_fail_closed (test_semloom_recording_protocol.SemloomRecordingProtocolTests.test_unknown_open_field_and_oversized_frame_fail_closed) ... ok
test_completion_fault_fixtures_target_v3_evidence_fields (test_semloom_semantic_protocol.SemloomSemanticProtocolTests.test_completion_fault_fixtures_target_v3_evidence_fields) ... ok
test_error_fault_fixtures_characterize_invalid_v3_frames (test_semloom_semantic_protocol.SemloomSemanticProtocolTests.test_error_fault_fixtures_characterize_invalid_v3_frames) ... ok
test_golden_adapter_returns_fixture_bound_completion (test_semloom_semantic_protocol.SemloomSemanticProtocolTests.test_golden_adapter_returns_fixture_bound_completion) ... ok
test_open_error_fixtures_characterize_nullable_sequence (test_semloom_semantic_protocol.SemloomSemanticProtocolTests.test_open_error_fixtures_characterize_nullable_sequence) ... ok
test_shared_session_runner_uses_the_selected_execution_profile (test_semloom_semantic_protocol.SemloomSemanticProtocolTests.test_shared_session_runner_uses_the_selected_execution_profile) ... ok
test_strict_nested_fields_and_decimal_uint64_fail_closed (test_semloom_semantic_protocol.SemloomSemanticProtocolTests.test_strict_nested_fields_and_decimal_uint64_fail_closed) ... ok
test_unknown_payload_digest_fails_closed_without_prompt_echo (test_semloom_semantic_protocol.SemloomSemanticProtocolTests.test_unknown_payload_digest_fails_closed_without_prompt_echo) ... ok
test_v3_digest_and_prompt_golden_vectors (test_semloom_semantic_protocol.SemloomSemanticProtocolTests.test_v3_digest_and_prompt_golden_vectors) ... ok
test_v3_error_message_has_a_strict_versioned_schema (test_semloom_semantic_protocol.SemloomSemanticProtocolTests.test_v3_error_message_has_a_strict_versioned_schema) ... ok

----------------------------------------------------------------------
Ran 68 tests in 7.247s

OK
