2026-09-02 15:01:59.685 CST [30575] LOG:  starting PostgreSQL 18.3 on x86_64-pc-linux-gnu, compiled by gcc (Ubuntu 11.4.0-1ubuntu1~22.04.3) 11.4.0, 64-bit
2026-09-02 15:01:59.685 CST [30575] LOG:  listening on Unix socket "<artifact-root>/run-diagnostics-r2/socket/.s.PGSQL.55446"
2026-09-02 15:01:59.687 CST [30581] LOG:  database system was shut down at 2026-09-02 15:01:59 CST
2026-09-02 15:01:59.690 CST [30575] LOG:  database system is ready to accept connections
2026-09-02 15:02:48.063 CST [30585] ERROR:  canceling statement due to statement timeout
2026-09-02 15:02:48.063 CST [30585] STATEMENT:  EXPLAIN (ANALYZE, FORMAT JSON) SELECT id FROM resource_rows WHERE id<=$1 AND ai_semantic.filter(payload,'Classify input.','{"model": "choice-resource-fixture-v1", "temperature": 0, "max_tokens": 8, "generation_profile": "semloom.generation.choice.tristate.v1"}'::jsonb)
2026-09-02 15:02:48.804 CST [30585] ERROR:  canceling statement due to statement timeout
2026-09-02 15:02:48.804 CST [30585] STATEMENT:  EXPLAIN (ANALYZE, FORMAT JSON) SELECT id FROM resource_rows WHERE id<=$1 AND ai_semantic.filter(payload,'Classify input.','{"model": "choice-resource-fixture-v1", "temperature": 0, "max_tokens": 8, "generation_profile": "semloom.generation.choice.tristate.v1"}'::jsonb)
2026-09-02 15:02:49.546 CST [30585] ERROR:  canceling statement due to statement timeout
2026-09-02 15:02:49.546 CST [30585] STATEMENT:  EXPLAIN (ANALYZE, FORMAT JSON) SELECT id FROM resource_rows WHERE id<=$1 AND ai_semantic.filter(payload,'Classify input.','{"model": "choice-resource-fixture-v1", "temperature": 0, "max_tokens": 8, "generation_profile": "semloom.generation.choice.tristate.v1"}'::jsonb)
2026-09-02 15:02:50.284 CST [30585] ERROR:  canceling statement due to statement timeout
2026-09-02 15:02:50.284 CST [30585] STATEMENT:  EXPLAIN (ANALYZE, FORMAT JSON) SELECT id FROM resource_rows WHERE id<=$1 AND ai_semantic.filter(payload,'Classify input.','{"model": "choice-resource-fixture-v1", "temperature": 0, "max_tokens": 8, "generation_profile": "semloom.generation.choice.tristate.v1"}'::jsonb)
2026-09-02 15:02:51.009 CST [30585] ERROR:  canceling statement due to statement timeout
2026-09-02 15:02:51.009 CST [30585] STATEMENT:  EXPLAIN (ANALYZE, FORMAT JSON) SELECT id FROM resource_rows WHERE id<=$1 AND ai_semantic.filter(payload,'Classify input.','{"model": "choice-resource-fixture-v1", "temperature": 0, "max_tokens": 8, "generation_profile": "semloom.generation.choice.tristate.v1"}'::jsonb)
2026-09-02 15:02:51.734 CST [30585] ERROR:  canceling statement due to statement timeout
2026-09-02 15:02:51.734 CST [30585] STATEMENT:  EXPLAIN (ANALYZE, FORMAT JSON) SELECT id FROM resource_rows WHERE id<=$1 AND ai_semantic.filter(payload,'Classify input.','{"model": "choice-resource-fixture-v1", "temperature": 0, "max_tokens": 8, "generation_profile": "semloom.generation.choice.tristate.v1"}'::jsonb)
2026-09-02 15:02:52.465 CST [30585] ERROR:  canceling statement due to statement timeout
2026-09-02 15:02:52.465 CST [30585] STATEMENT:  EXPLAIN (ANALYZE, FORMAT JSON) SELECT id FROM resource_rows WHERE id<=$1 AND ai_semantic.filter(payload,'Classify input.','{"model": "choice-resource-fixture-v1", "temperature": 0, "max_tokens": 8, "generation_profile": "semloom.generation.choice.tristate.v1"}'::jsonb)
2026-09-02 15:02:53.199 CST [30585] ERROR:  canceling statement due to statement timeout
2026-09-02 15:02:53.199 CST [30585] STATEMENT:  EXPLAIN (ANALYZE, FORMAT JSON) SELECT id FROM resource_rows WHERE id<=$1 AND ai_semantic.filter(payload,'Classify input.','{"model": "choice-resource-fixture-v1", "temperature": 0, "max_tokens": 8, "generation_profile": "semloom.generation.choice.tristate.v1"}'::jsonb)
2026-09-02 15:02:53.937 CST [30585] ERROR:  canceling statement due to statement timeout
2026-09-02 15:02:53.937 CST [30585] STATEMENT:  EXPLAIN (ANALYZE, FORMAT JSON) SELECT id FROM resource_rows WHERE id<=$1 AND ai_semantic.filter(payload,'Classify input.','{"model": "choice-resource-fixture-v1", "temperature": 0, "max_tokens": 8, "generation_profile": "semloom.generation.choice.tristate.v1"}'::jsonb)
2026-09-02 15:02:54.670 CST [30585] ERROR:  canceling statement due to statement timeout
2026-09-02 15:02:54.670 CST [30585] STATEMENT:  EXPLAIN (ANALYZE, FORMAT JSON) SELECT id FROM resource_rows WHERE id<=$1 AND ai_semantic.filter(payload,'Classify input.','{"model": "choice-resource-fixture-v1", "temperature": 0, "max_tokens": 8, "generation_profile": "semloom.generation.choice.tristate.v1"}'::jsonb)
2026-09-02 15:02:57.469 CST [30585] ERROR:  SemLoom model endpoint timed out
2026-09-02 15:02:57.469 CST [30585] STATEMENT:  EXPLAIN (ANALYZE, FORMAT JSON) SELECT id FROM resource_rows WHERE id<=$1 AND ai_semantic.filter(payload,'Classify input.','{"model": "choice-resource-fixture-v1", "temperature": 0, "max_tokens": 8, "generation_profile": "semloom.generation.choice.tristate.v1"}'::jsonb)
2026-09-02 15:02:58.265 CST [30585] ERROR:  SemLoom model endpoint timed out
2026-09-02 15:02:58.265 CST [30585] STATEMENT:  EXPLAIN (ANALYZE, FORMAT JSON) SELECT id FROM resource_rows WHERE id<=$1 AND ai_semantic.filter(payload,'Classify input.','{"model": "choice-resource-fixture-v1", "temperature": 0, "max_tokens": 8, "generation_profile": "semloom.generation.choice.tristate.v1"}'::jsonb)
2026-09-02 15:02:59.055 CST [30585] ERROR:  SemLoom model endpoint timed out
2026-09-02 15:02:59.055 CST [30585] STATEMENT:  EXPLAIN (ANALYZE, FORMAT JSON) SELECT id FROM resource_rows WHERE id<=$1 AND ai_semantic.filter(payload,'Classify input.','{"model": "choice-resource-fixture-v1", "temperature": 0, "max_tokens": 8, "generation_profile": "semloom.generation.choice.tristate.v1"}'::jsonb)
2026-09-02 15:02:59.849 CST [30585] ERROR:  SemLoom model endpoint timed out
2026-09-02 15:02:59.849 CST [30585] STATEMENT:  EXPLAIN (ANALYZE, FORMAT JSON) SELECT id FROM resource_rows WHERE id<=$1 AND ai_semantic.filter(payload,'Classify input.','{"model": "choice-resource-fixture-v1", "temperature": 0, "max_tokens": 8, "generation_profile": "semloom.generation.choice.tristate.v1"}'::jsonb)
2026-09-02 15:03:00.646 CST [30585] ERROR:  SemLoom model endpoint timed out
2026-09-02 15:03:00.646 CST [30585] STATEMENT:  EXPLAIN (ANALYZE, FORMAT JSON) SELECT id FROM resource_rows WHERE id<=$1 AND ai_semantic.filter(payload,'Classify input.','{"model": "choice-resource-fixture-v1", "temperature": 0, "max_tokens": 8, "generation_profile": "semloom.generation.choice.tristate.v1"}'::jsonb)
2026-09-02 15:03:01.462 CST [30575] LOG:  received fast shutdown request
2026-09-02 15:03:01.462 CST [30575] LOG:  aborting any active transactions
2026-09-02 15:03:01.464 CST [30575] LOG:  background worker "logical replication launcher" (PID 30584) exited with exit code 1
2026-09-02 15:03:01.465 CST [30579] LOG:  shutting down
2026-09-02 15:03:01.465 CST [30579] LOG:  checkpoint starting: shutdown immediate
2026-09-02 15:03:01.472 CST [30579] LOG:  checkpoint complete: wrote 453 buffers (2.8%), wrote 3 SLRU buffers; 0 WAL file(s) added, 0 removed, 0 recycled; write=0.006 s, sync=0.001 s, total=0.008 s; sync files=48, longest=0.001 s, average=0.001 s; distance=3468 kB, estimate=3468 kB; lsn=0/1A50768, redo lsn=0/1A50768
2026-09-02 15:03:01.478 CST [30575] LOG:  database system is shut down
