# Running: make -s -C <artifact-root>/source/code/postgres/semloom_pg/t/plan_contract COPT=-O2 -Werror
binding_contract.c: In function ‘semloom_test_binding’:
binding_contract.c:39:35: error: implicit declaration of function ‘AllocSetContextCreate’ [-Werror=implicit-function-declaration]
   39 |         MemoryContext temporary = AllocSetContextCreate(parent, "binding source", ALLOCSET_SMALL_SIZES);
      |                                   ^~~~~~~~~~~~~~~~~~~~~
binding_contract.c:39:83: error: ‘ALLOCSET_SMALL_SIZES’ undeclared (first use in this function)
   39 |         MemoryContext temporary = AllocSetContextCreate(parent, "binding source", ALLOCSET_SMALL_SIZES);
      |                                                                                   ^~~~~~~~~~~~~~~~~~~~
binding_contract.c:39:83: note: each undeclared identifier is reported only once for each function it appears in
binding_contract.c:83:9: error: implicit declaration of function ‘MemoryContextDelete’; did you mean ‘MemoryContextAlloc’? [-Werror=implicit-function-declaration]
   83 |         MemoryContextDelete(temporary);
      |         ^~~~~~~~~~~~~~~~~~~
      |         MemoryContextAlloc
binding_contract.c: In function ‘semloom_test_call’:
binding_contract.c:120:77: error: ‘ALLOCSET_SMALL_SIZES’ undeclared (first use in this function)
  120 |         MemoryContext source = AllocSetContextCreate(parent, "call source", ALLOCSET_SMALL_SIZES);
      |                                                                             ^~~~~~~~~~~~~~~~~~~~
cc1: all warnings being treated as errors
make[1]: *** [<builtin>: binding_contract.o] Error 1
[16:45:23.338](0.171s) not ok 1 - build production binding callers
[16:45:23.339](0.001s)
[16:45:23.339](0.000s) #   Failed test 'build production binding callers'
#   at t/009_binding.pl line 10.
# Checking port 30217
# Found port 30217
Name: binding
Version: 18.3
Data directory: <artifact-root>/source/code/postgres/semloom_pg/tmp_check/t_009_binding_binding_data/pgdata
Backup directory: <artifact-root>/source/code/postgres/semloom_pg/tmp_check/t_009_binding_binding_data/backup
Archive directory: <artifact-root>/source/code/postgres/semloom_pg/tmp_check/t_009_binding_binding_data/archives
Connection string: port=30217 host=<artifact-root>/pg1/test-tmp/rzRxlXjQUE
Log file: <artifact-root>/source/code/postgres/semloom_pg/tmp_check/log/009_binding_binding.log
[16:45:23.344](0.005s) # initializing database system by running initdb
# Running: initdb --no-sync --pgdata <artifact-root>/source/code/postgres/semloom_pg/tmp_check/t_009_binding_binding_data/pgdata --auth trust --encoding=UTF8
The files belonging to this database system will be owned by user "postgres".
This user must also own the server process.

The database cluster will be initialized with this locale configuration:
  locale provider:   libc
  LC_COLLATE:  C.utf8
  LC_CTYPE:    C.utf8
  LC_MESSAGES: C
  LC_MONETARY: C.utf8
  LC_NUMERIC:  C.utf8
  LC_TIME:     C.utf8
The default text search configuration will be set to "english".

Data page checksums are enabled.

creating directory <artifact-root>/source/code/postgres/semloom_pg/tmp_check/t_009_binding_binding_data/pgdata ... ok
creating subdirectories ... ok
selecting dynamic shared memory implementation ... posix
selecting default "max_connections" ... 100
selecting default "shared_buffers" ... 128MB
selecting default time zone ... PRC
creating configuration files ... ok
running bootstrap script ... ok
performing post-bootstrap initialization ... ok

Sync to disk skipped.
The data directory might become corrupt if the operating system crashes.

Success. You can now start the database server using:

    pg_ctl -D <artifact-root>/source/code/postgres/semloom_pg/tmp_check/t_009_binding_binding_data/pgdata -l logfile start

# Running: <pg-prefix>/lib/postgresql/pgxs/src/makefiles/../../src/test/regress/pg_regress --config-auth <artifact-root>/source/code/postgres/semloom_pg/tmp_check/t_009_binding_binding_data/pgdata
### Starting node "binding"
# Running: pg_ctl --wait --pgdata <artifact-root>/source/code/postgres/semloom_pg/tmp_check/t_009_binding_binding_data/pgdata --log <artifact-root>/source/code/postgres/semloom_pg/tmp_check/log/009_binding_binding.log --options --cluster-name=binding start
waiting for server to start.... done
server started
# Postmaster PID for node "binding" is 42561
error running SQL: 'psql:<stdin>:3: ERROR:  could not find function "semloom_test_binding" in file "<artifact-root>/source/code/postgres/semloom_pg/t/plan_contract/semloom_plan_contract_test.so"'
while running 'psql --no-psqlrc --no-align --tuples-only --quiet --dbname port=30217 host=<artifact-root>/pg1/test-tmp/rzRxlXjQUE dbname='postgres' --file - --variable ON_ERROR_STOP=1' with sql '
CREATE FUNCTION test_binding(text) RETURNS boolean
AS '<artifact-root>/source/code/postgres/semloom_pg/t/plan_contract/semloom_plan_contract_test', 'semloom_test_binding' LANGUAGE C STRICT;
CREATE FUNCTION test_call() RETURNS boolean
AS '<artifact-root>/source/code/postgres/semloom_pg/t/plan_contract/semloom_plan_contract_test', 'semloom_test_call' LANGUAGE C;
' at <pg-prefix>/lib/postgresql/pgxs/src/makefiles/../../src/test/perl/PostgreSQL/Test/Cluster.pm line 2258.
# Postmaster PID for node "binding" is 42561
### Stopping node "binding" using mode immediate
# Running: pg_ctl --pgdata <artifact-root>/source/code/postgres/semloom_pg/tmp_check/t_009_binding_binding_data/pgdata --mode immediate stop
waiting for server to shut down.... done
server stopped
# No postmaster PID for node "binding"
[16:45:24.229](0.885s) # Tests were run but no plan was declared and done_testing() was not seen.
[16:45:24.229](0.000s) # Looks like your test exited with 29 just after 1.
