Preparing worktree (detached HEAD 87b7963b)
Updating files:  66% (4964/7410)
Updating files:  67% (4965/7410)
Updating files:  68% (5039/7410)
Updating files:  69% (5113/7410)
Updating files:  70% (5187/7410)
Updating files:  71% (5262/7410)
Updating files:  72% (5336/7410)
Updating files:  73% (5410/7410)
Updating files:  74% (5484/7410)
Updating files:  75% (5558/7410)
Updating files:  76% (5632/7410)
Updating files:  77% (5706/7410)
Updating files:  78% (5780/7410)
Updating files:  79% (5854/7410)
Updating files:  80% (5928/7410)
Updating files:  81% (6003/7410)
Updating files:  82% (6077/7410)
Updating files:  83% (6151/7410)
Updating files:  84% (6225/7410)
Updating files:  85% (6299/7410)
Updating files:  86% (6373/7410)
Updating files:  87% (6447/7410)
Updating files:  88% (6521/7410)
Updating files:  89% (6595/7410)
Updating files:  89% (6632/7410)
Updating files:  90% (6669/7410)
Updating files:  91% (6744/7410)
Updating files:  92% (6818/7410)
Updating files:  93% (6892/7410)
Updating files:  94% (6966/7410)
Updating files:  95% (7040/7410)
Updating files:  96% (7114/7410)
Updating files:  97% (7188/7410)
Updating files:  98% (7262/7410)
Updating files:  99% (7336/7410)
Updating files: 100% (7410/7410)
Updating files: 100% (7410/7410), done.
HEAD is now at 87b7963b Add bounded SQL to HTTP choice service qualification
