test_existing_filter_profiles_keep_their_literal_messages (test_semloom_message_compilation.MessageCompilationTests.test_existing_filter_profiles_keep_their_literal_messages) ... ok
test_map_compiles_two_verbatim_messages_without_filter_directive (test_semloom_message_compilation.MessageCompilationTests.test_map_compiles_two_verbatim_messages_without_filter_directive) ... ok
test_map_rejects_nul_and_malformed_utf8_before_publishing (test_semloom_message_compilation.MessageCompilationTests.test_map_rejects_nul_and_malformed_utf8_before_publishing) ... ok
test_map_rejects_oversized_text_before_publishing (test_semloom_message_compilation.MessageCompilationTests.test_map_rejects_oversized_text_before_publishing) ...
  test_map_rejects_oversized_text_before_publishing (test_semloom_message_compilation.MessageCompilationTests.test_map_rejects_oversized_text_before_publishing) (instruction_length=4097, input_length=0) ... FAIL
  test_map_rejects_oversized_text_before_publishing (test_semloom_message_compilation.MessageCompilationTests.test_map_rejects_oversized_text_before_publishing) (instruction_length=4, input_length=163841) ... FAIL

======================================================================
FAIL: test_map_rejects_oversized_text_before_publishing (test_semloom_message_compilation.MessageCompilationTests.test_map_rejects_oversized_text_before_publishing) (instruction_length=4097, input_length=0)
----------------------------------------------------------------------
Traceback (most recent call last):
  File "<test-worktree>/code/tests/postgres/test_semloom_message_compilation.py", line 116, in test_map_rejects_oversized_text_before_publishing
    self.assertEqual(self.library.semloom_map_task_size(
AssertionError: 4158 != 0

======================================================================
FAIL: test_map_rejects_oversized_text_before_publishing (test_semloom_message_compilation.MessageCompilationTests.test_map_rejects_oversized_text_before_publishing) (instruction_length=4, input_length=163841)
----------------------------------------------------------------------
Traceback (most recent call last):
  File "<test-worktree>/code/tests/postgres/test_semloom_message_compilation.py", line 116, in test_map_rejects_oversized_text_before_publishing
    self.assertEqual(self.library.semloom_map_task_size(
AssertionError: 163906 != 0

----------------------------------------------------------------------
Ran 4 tests in 0.558s

FAILED (failures=2)
