test_c_completion_policy_matches_python_and_never_changes_text (test_semloom_map_contract.MapCContractTests.test_c_completion_policy_matches_python_and_never_changes_text) ... ERROR
test_c_plan_identity_matches_independent_vectors_and_python (test_semloom_map_contract.MapCContractTests.test_c_plan_identity_matches_independent_vectors_and_python) ... ok
test_map_completion_checks_representation_model_and_usage_first (test_semloom_map_contract.SemanticMapContractTests.test_map_completion_checks_representation_model_and_usage_first) ... ok
test_map_completion_preserves_text_and_distinguishes_failure_classes (test_semloom_map_contract.SemanticMapContractTests.test_map_completion_preserves_text_and_distinguishes_failure_classes) ... ok
test_map_plan_identity_matches_independent_ascii_vector (test_semloom_map_contract.SemanticMapContractTests.test_map_plan_identity_matches_independent_ascii_vector) ... ok
test_map_plan_preserves_identity_and_exposes_fresh_generation_values (test_semloom_map_contract.SemanticMapContractTests.test_map_plan_preserves_identity_and_exposes_fresh_generation_values) ... ok
test_map_plan_validates_all_variable_values_before_encoding (test_semloom_map_contract.SemanticMapContractTests.test_map_plan_validates_all_variable_values_before_encoding) ... ok
test_shared_completion_preserves_legacy_imports_and_raw_values (test_semloom_map_contract.SemanticMapContractTests.test_shared_completion_preserves_legacy_imports_and_raw_values) ... ok

======================================================================
ERROR: test_c_completion_policy_matches_python_and_never_changes_text (test_semloom_map_contract.MapCContractTests.test_c_completion_policy_matches_python_and_never_changes_text)
----------------------------------------------------------------------
Traceback (most recent call last):
  File "<test-worktree>/code/tests/postgres/test_semloom_map_contract.py", line 160, in test_c_completion_policy_matches_python_and_never_changes_text
    function = self.library.semloom_map_completion_status
               ^^^^^^^^^^^^^^^^^^^^^^^^^^^^^^^^^^^^^^^^^^
  File "/Library/Frameworks/Python.framework/Versions/3.12/lib/python3.12/ctypes/__init__.py", line 392, in __getattr__
    func = self.__getitem__(name)
           ^^^^^^^^^^^^^^^^^^^^^^
  File "/Library/Frameworks/Python.framework/Versions/3.12/lib/python3.12/ctypes/__init__.py", line 397, in __getitem__
    func = self._FuncPtr((name_or_ordinal, self))
           ^^^^^^^^^^^^^^^^^^^^^^^^^^^^^^^^^^^^^^
AttributeError: dlsym(0x76744250, semloom_map_completion_status): symbol not found

----------------------------------------------------------------------
Ran 8 tests in 0.601s

FAILED (errors=1)
