2026-09-03 14:43:09.252 CST [96648] LOG:  starting PostgreSQL 18.3 on x86_64-pc-linux-gnu, compiled by gcc (Ubuntu 11.4.0-1ubuntu1~22.04.3) 11.4.0, 64-bit
2026-09-03 14:43:09.252 CST [96648] LOG:  listening on Unix socket "/tmp/AIriQVUTbp/.s.PGSQL.25409"
2026-09-03 14:43:09.254 CST [96654] LOG:  database system was shut down at 2026-09-03 14:43:09 CST
2026-09-03 14:43:09.256 CST [96648] LOG:  database system is ready to accept connections
2026-09-03 14:43:09.354 CST [96659] 006_map_plan.pl LOG:  statement: CREATE EXTENSION semloom_pg VERSION '0.1.0';
2026-09-03 14:43:09.366 CST [96661] 006_map_plan.pl LOG:  statement: SELECT oid, proname, proargtypes, provolatile, proparallel, proisstrict, prosecdef, proleakproof,
	       coalesce(proacl::text, '')
	FROM pg_proc WHERE pronamespace = 'ai_semantic'::regnamespace ORDER BY oid;
2026-09-03 14:43:09.377 CST [96663] 006_map_plan.pl LOG:  statement: ALTER EXTENSION semloom_pg UPDATE TO '0.2.0';
2026-09-03 14:43:09.387 CST [96665] 006_map_plan.pl LOG:  statement: SELECT oid, proname, proargtypes, provolatile, proparallel, proisstrict, prosecdef, proleakproof,
	       coalesce(proacl::text, '')
	FROM pg_proc WHERE pronamespace = 'ai_semantic'::regnamespace
	AND oid <> 'ai_semantic.map(text,text,jsonb)'::regprocedure ORDER BY oid;
2026-09-03 14:43:09.398 CST [96667] 006_map_plan.pl LOG:  statement: SELECT prorettype::regtype, l.lanname, provolatile, proparallel, proisstrict, prosecdef, proleakproof
	FROM pg_proc p JOIN pg_language l ON l.oid = p.prolang
	WHERE p.oid = 'ai_semantic.map(text,text,jsonb)'::regprocedure;
2026-09-03 14:43:09.404 CST [96648] LOG:  received fast shutdown request
2026-09-03 14:43:09.404 CST [96648] LOG:  aborting any active transactions
2026-09-03 14:43:09.405 CST [96648] LOG:  background worker "logical replication launcher" (PID 96657) exited with exit code 1
2026-09-03 14:43:09.405 CST [96652] LOG:  shutting down
2026-09-03 14:43:09.405 CST [96652] LOG:  checkpoint starting: shutdown immediate
2026-09-03 14:43:09.407 CST [96652] LOG:  checkpoint complete: wrote 26 buffers (0.2%), wrote 3 SLRU buffers; 0 WAL file(s) added, 0 removed, 0 recycled; write=0.002 s, sync=0.001 s, total=0.003 s; sync files=0, longest=0.000 s, average=0.000 s; distance=99 kB, estimate=99 kB; lsn=0/17060A0, redo lsn=0/17060A0
2026-09-03 14:43:09.414 CST [96648] LOG:  database system is shut down
