2026-09-03 17:04:39.839 CST [109891] LOG:  starting PostgreSQL 18.3 on x86_64-pc-linux-gnu, compiled by gcc (Ubuntu 11.4.0-1ubuntu1~22.04.3) 11.4.0, 64-bit
2026-09-03 17:04:39.839 CST [109891] LOG:  listening on Unix socket "/tmp/bPMPP1NWbi/.s.PGSQL.22786"
2026-09-03 17:04:39.841 CST [109897] LOG:  database system was shut down at 2026-09-03 17:04:39 CST
2026-09-03 17:04:39.844 CST [109891] LOG:  database system is ready to accept connections
2026-09-03 17:04:39.941 CST [109902] 006_map_plan.pl LOG:  statement: CREATE EXTENSION semloom_pg VERSION '0.1.0';
2026-09-03 17:04:39.953 CST [109904] 006_map_plan.pl LOG:  statement: CREATE ROLE old_map_reader;
2026-09-03 17:04:39.953 CST [109904] 006_map_plan.pl LOG:  statement: REVOKE EXECUTE ON FUNCTION ai_semantic.map(text) FROM PUBLIC;
2026-09-03 17:04:39.953 CST [109904] 006_map_plan.pl LOG:  statement: GRANT EXECUTE ON FUNCTION ai_semantic.map(text) TO old_map_reader;
2026-09-03 17:04:39.962 CST [109906] 006_map_plan.pl LOG:  statement: SELECT oid, proname, proargtypes, provolatile, proparallel, proisstrict, prosecdef, proleakproof,
	       coalesce(proacl::text, '')
	FROM pg_proc WHERE pronamespace = 'ai_semantic'::regnamespace ORDER BY oid;
2026-09-03 17:04:39.975 CST [109908] 006_map_plan.pl LOG:  statement: ALTER EXTENSION semloom_pg UPDATE TO '0.2.0';
2026-09-03 17:04:39.986 CST [109910] 006_map_plan.pl LOG:  statement: SELECT oid, proname, proargtypes, provolatile, proparallel, proisstrict, prosecdef, proleakproof,
	       coalesce(proacl::text, '')
	FROM pg_proc WHERE pronamespace = 'ai_semantic'::regnamespace
	AND oid <> 'ai_semantic.map(text,text,jsonb)'::regprocedure ORDER BY oid;
2026-09-03 17:04:39.998 CST [109912] 006_map_plan.pl LOG:  statement: SELECT prorettype::regtype, l.lanname, provolatile, proparallel, proisstrict, prosecdef, proleakproof
	FROM pg_proc p JOIN pg_language l ON l.oid = p.prolang
	WHERE p.oid = 'ai_semantic.map(text,text,jsonb)'::regprocedure;
2026-09-03 17:04:40.008 CST [109914] 006_map_plan.pl LOG:  statement: SELECT pg_get_functiondef('ai_semantic.map(text,text,jsonb)'::regprocedure);
2026-09-03 17:04:40.019 CST [109917] 006_map_plan.pl LOG:  statement: CREATE DATABASE map_fresh
2026-09-03 17:04:40.077 CST [109920] 006_map_plan.pl LOG:  statement: CREATE EXTENSION semloom_pg
2026-09-03 17:04:40.089 CST [109922] 006_map_plan.pl LOG:  statement: SELECT extversion FROM pg_extension WHERE extname='semloom_pg'
2026-09-03 17:04:40.099 CST [109924] 006_map_plan.pl LOG:  statement: SELECT pg_get_functiondef('ai_semantic.map(text,text,jsonb)'::regprocedure);
2026-09-03 17:04:40.108 CST [109926] 006_map_plan.pl LOG:  statement: SELECT e.extname FROM pg_depend d JOIN pg_extension e ON e.oid = d.refobjid
	WHERE d.classid = 'pg_proc'::regclass AND d.objid = 'ai_semantic.map(text,text,jsonb)'::regprocedure
	AND d.refclassid = 'pg_extension'::regclass AND d.deptype = 'e';
2026-09-03 17:04:40.118 CST [109928] 006_map_plan.pl LOG:  statement: SELECT e.extname FROM pg_depend d JOIN pg_extension e ON e.oid = d.refobjid
	WHERE d.classid = 'pg_proc'::regclass AND d.objid = 'ai_semantic.map(text,text,jsonb)'::regprocedure
	AND d.refclassid = 'pg_extension'::regclass AND d.deptype = 'e';
2026-09-03 17:04:40.128 CST [109930] 006_map_plan.pl LOG:  statement: CREATE TABLE map_inputs(id integer, body text);
2026-09-03 17:04:40.130 CST [109930] 006_map_plan.pl LOG:  statement: INSERT INTO map_inputs VALUES (1, 'hello'), (2, NULL);
2026-09-03 17:04:40.139 CST [109932] 006_map_plan.pl LOG:  statement: EXPLAIN (FORMAT JSON) SELECT id, ai_semantic.map(body, 'Echo the input.', '{"model":"golden-map-v1","temperature":0,"max_tokens":128}'::jsonb) AS generated FROM ONLY map_inputs
2026-09-03 17:04:40.153 CST [109934] 006_map_plan.pl LOG:  statement: EXPLAIN SELECT id, ai_semantic.map(body, 'Echo the input.', '{"model":"golden-map-v1","temperature":0,"max_tokens":128}'::jsonb) AS generated FROM ONLY map_inputs
2026-09-03 17:04:40.164 CST [109936] 006_map_plan.pl LOG:  statement: SELECT id, ai_semantic.map(body, 'Echo the input.', '{"model":"golden-map-v1","temperature":0,"max_tokens":128}'::jsonb) AS generated FROM ONLY map_inputs;
2026-09-03 17:04:40.165 CST [109936] 006_map_plan.pl ERROR:  SemLoom provider socket path must be absolute
2026-09-03 17:04:40.165 CST [109936] 006_map_plan.pl STATEMENT:  SELECT id, ai_semantic.map(body, 'Echo the input.', '{"model":"golden-map-v1","temperature":0,"max_tokens":128}'::jsonb) AS generated FROM ONLY map_inputs;
2026-09-03 17:04:40.176 CST [109938] 006_map_plan.pl LOG:  statement: CREATE FUNCTION wrapped_map(input text, instruction text, options jsonb) RETURNS text
	LANGUAGE sql VOLATILE RETURN ai_semantic.map(input, instruction, options);
2026-09-03 17:04:40.176 CST [109938] 006_map_plan.pl LOG:  statement: CREATE FUNCTION wrapped_map_text(input text, instruction text, options jsonb) RETURNS text
	LANGUAGE sql VOLATILE AS $$ SELECT ai_semantic.map($1, $2, $3) $$;
2026-09-03 17:04:40.177 CST [109938] 006_map_plan.pl LOG:  statement: CREATE FUNCTION ordinary_echo(text) RETURNS text LANGUAGE sql IMMUTABLE RETURN $1 || '';
2026-09-03 17:04:40.184 CST [109940] 006_map_plan.pl LOG:  statement: SET plan_cache_mode=force_custom_plan;
2026-09-03 17:04:40.184 CST [109940] 006_map_plan.pl LOG:  statement: PREPARE wrapped_map_parameter(text) AS SELECT wrapped_map(body, $1, '{"model":"golden-map-v1","temperature":0,"max_tokens":128}'::jsonb) FROM ONLY map_inputs;
2026-09-03 17:04:40.185 CST [109940] 006_map_plan.pl LOG:  statement: EXPLAIN EXECUTE wrapped_map_parameter('Echo the input.');
2026-09-03 17:04:40.185 CST [109940] 006_map_plan.pl ERROR:  generative SemMap must be a direct query output
2026-09-03 17:04:40.185 CST [109940] 006_map_plan.pl STATEMENT:  EXPLAIN EXECUTE wrapped_map_parameter('Echo the input.');
2026-09-03 17:04:40.196 CST [109942] 006_map_plan.pl LOG:  statement: SET plan_cache_mode=force_custom_plan;
2026-09-03 17:04:40.196 CST [109942] 006_map_plan.pl LOG:  statement: PREPARE wrapped_map_parameter(text) AS SELECT wrapped_map_text(body, $1, '{"model":"golden-map-v1","temperature":0,"max_tokens":128}'::jsonb) FROM ONLY map_inputs;
2026-09-03 17:04:40.196 CST [109942] 006_map_plan.pl LOG:  statement: EXPLAIN EXECUTE wrapped_map_parameter('Echo the input.');
2026-09-03 17:04:40.196 CST [109942] 006_map_plan.pl ERROR:  generative SemMap must be a direct query output
2026-09-03 17:04:40.196 CST [109942] 006_map_plan.pl STATEMENT:  EXPLAIN EXECUTE wrapped_map_parameter('Echo the input.');
2026-09-03 17:04:40.206 CST [109944] 006_map_plan.pl LOG:  statement: SET plan_cache_mode=force_custom_plan;
2026-09-03 17:04:40.207 CST [109944] 006_map_plan.pl LOG:  statement: PREPARE ordinary_input(text) AS SELECT ordinary_echo($1) FROM ONLY map_inputs;
2026-09-03 17:04:40.207 CST [109944] 006_map_plan.pl LOG:  statement: EXPLAIN (VERBOSE) EXECUTE ordinary_input('hello');
2026-09-03 17:04:40.215 CST [109946] 006_map_plan.pl LOG:  statement: SET plan_cache_mode=force_custom_plan;
2026-09-03 17:04:40.215 CST [109946] 006_map_plan.pl LOG:  statement: PREPARE direct_map_input(text) AS SELECT ai_semantic.map(ordinary_echo($1), 'Echo the input.', '{"model":"golden-map-v1","temperature":0,"max_tokens":128}'::jsonb) FROM ONLY map_inputs;
2026-09-03 17:04:40.215 CST [109946] 006_map_plan.pl LOG:  statement: EXPLAIN (FORMAT JSON) EXECUTE direct_map_input('hello');
2026-09-03 17:04:40.228 CST [109948] 006_map_plan.pl LOG:  statement: SET plan_cache_mode=force_generic_plan;
2026-09-03 17:04:40.228 CST [109948] 006_map_plan.pl LOG:  statement: PREPARE wrapped_map_parameter(text) AS SELECT wrapped_map(body, $1, '{"model":"golden-map-v1","temperature":0,"max_tokens":128}'::jsonb) FROM ONLY map_inputs;
2026-09-03 17:04:40.229 CST [109948] 006_map_plan.pl LOG:  statement: EXPLAIN EXECUTE wrapped_map_parameter('Echo the input.');
2026-09-03 17:04:40.229 CST [109948] 006_map_plan.pl ERROR:  generative SemMap must be a direct query output
2026-09-03 17:04:40.229 CST [109948] 006_map_plan.pl STATEMENT:  EXPLAIN EXECUTE wrapped_map_parameter('Echo the input.');
2026-09-03 17:04:40.238 CST [109950] 006_map_plan.pl LOG:  statement: SET plan_cache_mode=force_generic_plan;
2026-09-03 17:04:40.239 CST [109950] 006_map_plan.pl LOG:  statement: PREPARE wrapped_map_parameter(text) AS SELECT wrapped_map_text(body, $1, '{"model":"golden-map-v1","temperature":0,"max_tokens":128}'::jsonb) FROM ONLY map_inputs;
2026-09-03 17:04:40.239 CST [109950] 006_map_plan.pl LOG:  statement: EXPLAIN EXECUTE wrapped_map_parameter('Echo the input.');
2026-09-03 17:04:40.239 CST [109950] 006_map_plan.pl ERROR:  generative SemMap must be a direct query output
2026-09-03 17:04:40.239 CST [109950] 006_map_plan.pl STATEMENT:  EXPLAIN EXECUTE wrapped_map_parameter('Echo the input.');
2026-09-03 17:04:40.247 CST [109952] 006_map_plan.pl LOG:  statement: SET plan_cache_mode=force_generic_plan;
2026-09-03 17:04:40.247 CST [109952] 006_map_plan.pl LOG:  statement: PREPARE ordinary_input(text) AS SELECT ordinary_echo($1) FROM ONLY map_inputs;
2026-09-03 17:04:40.247 CST [109952] 006_map_plan.pl LOG:  statement: EXPLAIN (VERBOSE) EXECUTE ordinary_input('hello');
2026-09-03 17:04:40.255 CST [109954] 006_map_plan.pl LOG:  statement: SET plan_cache_mode=force_generic_plan;
2026-09-03 17:04:40.255 CST [109954] 006_map_plan.pl LOG:  statement: PREPARE direct_map_input(text) AS SELECT ai_semantic.map(ordinary_echo($1), 'Echo the input.', '{"model":"golden-map-v1","temperature":0,"max_tokens":128}'::jsonb) FROM ONLY map_inputs;
2026-09-03 17:04:40.255 CST [109954] 006_map_plan.pl LOG:  statement: EXPLAIN (FORMAT JSON) EXECUTE direct_map_input('hello');
2026-09-03 17:04:40.267 CST [109956] 006_map_plan.pl LOG:  statement: EXPLAIN SELECT wrapped_map(body, 'Echo the input.', '{"model":"golden-map-v1","temperature":0,"max_tokens":128}'::jsonb) FROM ONLY map_inputs;
2026-09-03 17:04:40.268 CST [109956] 006_map_plan.pl ERROR:  generative SemMap must be a direct query output
2026-09-03 17:04:40.268 CST [109956] 006_map_plan.pl STATEMENT:  EXPLAIN SELECT wrapped_map(body, 'Echo the input.', '{"model":"golden-map-v1","temperature":0,"max_tokens":128}'::jsonb) FROM ONLY map_inputs;
2026-09-03 17:04:40.278 CST [109958] 006_map_plan.pl LOG:  statement: DROP FUNCTION wrapped_map(text,text,jsonb);
2026-09-03 17:04:40.279 CST [109958] 006_map_plan.pl LOG:  statement: DROP FUNCTION wrapped_map_text(text,text,jsonb);
2026-09-03 17:04:40.288 CST [109960] 006_map_plan.pl LOG:  statement: CREATE FUNCTION nested_instruction() RETURNS text LANGUAGE plpgsql IMMUTABLE AS $$
	DECLARE result text;
	BEGIN
	  BEGIN
	    EXECUTE 'SELECT 1 / 0';
	  EXCEPTION WHEN division_by_zero THEN
	    NULL;
	  END;
	  EXECUTE 'SELECT ''Echo the input.''::text' INTO result;
	  RETURN result;
	END $$;
2026-09-03 17:04:40.297 CST [109962] 006_map_plan.pl LOG:  statement: EXPLAIN (FORMAT JSON) SELECT ai_semantic.map(body, nested_instruction(), '{"model":"golden-map-v1","temperature":0,"max_tokens":128}'::jsonb) FROM ONLY map_inputs;
2026-09-03 17:04:40.307 CST [109964] 006_map_plan.pl LOG:  statement: SET plan_cache_mode=force_custom_plan;
2026-09-03 17:04:40.307 CST [109964] 006_map_plan.pl LOG:  statement: PREPARE map_parameter(text) AS SELECT ai_semantic.map(body, $1, '{"model":"golden-map-v1","temperature":0,"max_tokens":128}'::jsonb) FROM ONLY map_inputs;
2026-09-03 17:04:40.308 CST [109964] 006_map_plan.pl LOG:  statement: EXPLAIN EXECUTE map_parameter('Echo the input.');
2026-09-03 17:04:40.308 CST [109964] 006_map_plan.pl ERROR:  SemMap instruction and options must be fixed immutable constants
2026-09-03 17:04:40.308 CST [109964] 006_map_plan.pl STATEMENT:  EXPLAIN EXECUTE map_parameter('Echo the input.');
2026-09-03 17:04:40.315 CST [109966] 006_map_plan.pl LOG:  statement: SET plan_cache_mode=force_custom_plan;
2026-09-03 17:04:40.315 CST [109966] 006_map_plan.pl LOG:  statement: PREPARE map_parameter(jsonb) AS SELECT ai_semantic.map(body, 'Echo the input.', $1) FROM ONLY map_inputs;
2026-09-03 17:04:40.316 CST [109966] 006_map_plan.pl LOG:  statement: EXPLAIN EXECUTE map_parameter('{"model":"golden-map-v1","temperature":0,"max_tokens":128}'::jsonb);
2026-09-03 17:04:40.316 CST [109966] 006_map_plan.pl ERROR:  SemMap instruction and options must be fixed immutable constants
2026-09-03 17:04:40.316 CST [109966] 006_map_plan.pl STATEMENT:  EXPLAIN EXECUTE map_parameter('{"model":"golden-map-v1","temperature":0,"max_tokens":128}'::jsonb);
2026-09-03 17:04:40.324 CST [109968] 006_map_plan.pl LOG:  statement: SET plan_cache_mode=force_custom_plan;
2026-09-03 17:04:40.324 CST [109968] 006_map_plan.pl LOG:  statement: PREPARE map_input(text, integer) AS SELECT ai_semantic.map($1, 'Echo the input.', '{"model":"golden-map-v1","temperature":0,"max_tokens":128}'::jsonb) FROM ONLY map_inputs WHERE id >= $2;
2026-09-03 17:04:40.325 CST [109968] 006_map_plan.pl LOG:  statement: EXPLAIN (FORMAT JSON) EXECUTE map_input('hello', 1);
2026-09-03 17:04:40.336 CST [109970] 006_map_plan.pl LOG:  statement: SET plan_cache_mode=force_generic_plan;
2026-09-03 17:04:40.336 CST [109970] 006_map_plan.pl LOG:  statement: PREPARE map_parameter(text) AS SELECT ai_semantic.map(body, $1, '{"model":"golden-map-v1","temperature":0,"max_tokens":128}'::jsonb) FROM ONLY map_inputs;
2026-09-03 17:04:40.337 CST [109970] 006_map_plan.pl LOG:  statement: EXPLAIN EXECUTE map_parameter('Echo the input.');
2026-09-03 17:04:40.337 CST [109970] 006_map_plan.pl ERROR:  SemMap instruction and options must be fixed immutable constants
2026-09-03 17:04:40.337 CST [109970] 006_map_plan.pl STATEMENT:  EXPLAIN EXECUTE map_parameter('Echo the input.');
2026-09-03 17:04:40.347 CST [109972] 006_map_plan.pl LOG:  statement: SET plan_cache_mode=force_generic_plan;
2026-09-03 17:04:40.347 CST [109972] 006_map_plan.pl LOG:  statement: PREPARE map_parameter(jsonb) AS SELECT ai_semantic.map(body, 'Echo the input.', $1) FROM ONLY map_inputs;
2026-09-03 17:04:40.347 CST [109972] 006_map_plan.pl LOG:  statement: EXPLAIN EXECUTE map_parameter('{"model":"golden-map-v1","temperature":0,"max_tokens":128}'::jsonb);
2026-09-03 17:04:40.348 CST [109972] 006_map_plan.pl ERROR:  SemMap instruction and options must be fixed immutable constants
2026-09-03 17:04:40.348 CST [109972] 006_map_plan.pl STATEMENT:  EXPLAIN EXECUTE map_parameter('{"model":"golden-map-v1","temperature":0,"max_tokens":128}'::jsonb);
2026-09-03 17:04:40.357 CST [109974] 006_map_plan.pl LOG:  statement: SET plan_cache_mode=force_generic_plan;
2026-09-03 17:04:40.357 CST [109974] 006_map_plan.pl LOG:  statement: PREPARE map_input(text, integer) AS SELECT ai_semantic.map($1, 'Echo the input.', '{"model":"golden-map-v1","temperature":0,"max_tokens":128}'::jsonb) FROM ONLY map_inputs WHERE id >= $2;
2026-09-03 17:04:40.357 CST [109974] 006_map_plan.pl LOG:  statement: EXPLAIN (FORMAT JSON) EXECUTE map_input('hello', 1);
2026-09-03 17:04:40.368 CST [109976] 006_map_plan.pl LOG:  statement: CREATE FUNCTION stable_instruction() RETURNS text LANGUAGE sql STABLE AS $$ SELECT 'Echo the input.'::text $$;
2026-09-03 17:04:40.369 CST [109976] 006_map_plan.pl LOG:  statement: CREATE FUNCTION volatile_instruction() RETURNS text LANGUAGE sql VOLATILE AS $$ SELECT 'Echo the input.'::text $$;
2026-09-03 17:04:40.377 CST [109978] 006_map_plan.pl LOG:  statement: EXPLAIN SELECT ai_semantic.map(body, body, '{"model":"golden-map-v1","temperature":0,"max_tokens":128}'::jsonb) FROM ONLY map_inputs;
2026-09-03 17:04:40.378 CST [109978] 006_map_plan.pl ERROR:  SemMap instruction and options must be fixed immutable constants
2026-09-03 17:04:40.378 CST [109978] 006_map_plan.pl STATEMENT:  EXPLAIN SELECT ai_semantic.map(body, body, '{"model":"golden-map-v1","temperature":0,"max_tokens":128}'::jsonb) FROM ONLY map_inputs;
2026-09-03 17:04:40.386 CST [109980] 006_map_plan.pl LOG:  statement: EXPLAIN SELECT ai_semantic.map(body, (SELECT 'Echo the input.'::text), '{"model":"golden-map-v1","temperature":0,"max_tokens":128}'::jsonb) FROM ONLY map_inputs;
2026-09-03 17:04:40.387 CST [109980] 006_map_plan.pl ERROR:  SemMap instruction and options must be fixed immutable constants
2026-09-03 17:04:40.387 CST [109980] 006_map_plan.pl STATEMENT:  EXPLAIN SELECT ai_semantic.map(body, (SELECT 'Echo the input.'::text), '{"model":"golden-map-v1","temperature":0,"max_tokens":128}'::jsonb) FROM ONLY map_inputs;
2026-09-03 17:04:40.396 CST [109982] 006_map_plan.pl LOG:  statement: EXPLAIN SELECT ai_semantic.map(body, stable_instruction(), '{"model":"golden-map-v1","temperature":0,"max_tokens":128}'::jsonb) FROM ONLY map_inputs;
2026-09-03 17:04:40.397 CST [109982] 006_map_plan.pl ERROR:  SemMap instruction and options must be fixed immutable constants
2026-09-03 17:04:40.397 CST [109982] 006_map_plan.pl STATEMENT:  EXPLAIN SELECT ai_semantic.map(body, stable_instruction(), '{"model":"golden-map-v1","temperature":0,"max_tokens":128}'::jsonb) FROM ONLY map_inputs;
2026-09-03 17:04:40.407 CST [109984] 006_map_plan.pl LOG:  statement: EXPLAIN SELECT ai_semantic.map(body, volatile_instruction(), '{"model":"golden-map-v1","temperature":0,"max_tokens":128}'::jsonb) FROM ONLY map_inputs;
2026-09-03 17:04:40.407 CST [109984] 006_map_plan.pl ERROR:  SemMap instruction and options must be fixed immutable constants
2026-09-03 17:04:40.407 CST [109984] 006_map_plan.pl STATEMENT:  EXPLAIN SELECT ai_semantic.map(body, volatile_instruction(), '{"model":"golden-map-v1","temperature":0,"max_tokens":128}'::jsonb) FROM ONLY map_inputs;
2026-09-03 17:04:40.418 CST [109986] 006_map_plan.pl LOG:  statement: EXPLAIN (FORMAT JSON) SELECT ai_semantic.map(body, 'Echo ' || 'the input.', ' {"max_tokens":128.0,"temperature":-0.0,"model":"golden-map-v1"}'::jsonb) FROM ONLY map_inputs;
2026-09-03 17:04:40.432 CST [109988] 006_map_plan.pl LOG:  statement: EXPLAIN SELECT ai_semantic.map(body, NULL::text, '{"model":"golden-map-v1","temperature":0,"max_tokens":128}'::jsonb) FROM ONLY map_inputs;
2026-09-03 17:04:40.433 CST [109988] 006_map_plan.pl ERROR:  SemMap instruction and options must be non-NULL text and jsonb constants
2026-09-03 17:04:40.433 CST [109988] 006_map_plan.pl STATEMENT:  EXPLAIN SELECT ai_semantic.map(body, NULL::text, '{"model":"golden-map-v1","temperature":0,"max_tokens":128}'::jsonb) FROM ONLY map_inputs;
2026-09-03 17:04:40.442 CST [109990] 006_map_plan.pl LOG:  statement: EXPLAIN SELECT ai_semantic.map(body, 'Echo the input.', NULL::jsonb) FROM ONLY map_inputs;
2026-09-03 17:04:40.443 CST [109990] 006_map_plan.pl ERROR:  SemMap instruction and options must be non-NULL text and jsonb constants
2026-09-03 17:04:40.443 CST [109990] 006_map_plan.pl STATEMENT:  EXPLAIN SELECT ai_semantic.map(body, 'Echo the input.', NULL::jsonb) FROM ONLY map_inputs;
2026-09-03 17:04:40.453 CST [109992] 006_map_plan.pl LOG:  statement: EXPLAIN SELECT ai_semantic.map(body, '', '{"model":"golden-map-v1","temperature":0,"max_tokens":128}'::jsonb) FROM ONLY map_inputs;
2026-09-03 17:04:40.454 CST [109992] 006_map_plan.pl ERROR:  SemMap instruction must contain 1 to 4096 UTF8 bytes
2026-09-03 17:04:40.454 CST [109992] 006_map_plan.pl STATEMENT:  EXPLAIN SELECT ai_semantic.map(body, '', '{"model":"golden-map-v1","temperature":0,"max_tokens":128}'::jsonb) FROM ONLY map_inputs;
2026-09-03 17:04:40.465 CST [109994] 006_map_plan.pl LOG:  statement: EXPLAIN SELECT ai_semantic.map(body, repeat('x',4097), '{"model":"golden-map-v1","temperature":0,"max_tokens":128}'::jsonb) FROM ONLY map_inputs;
2026-09-03 17:04:40.466 CST [109994] 006_map_plan.pl ERROR:  SemMap instruction must contain 1 to 4096 UTF8 bytes
2026-09-03 17:04:40.466 CST [109994] 006_map_plan.pl STATEMENT:  EXPLAIN SELECT ai_semantic.map(body, repeat('x',4097), '{"model":"golden-map-v1","temperature":0,"max_tokens":128}'::jsonb) FROM ONLY map_inputs;
2026-09-03 17:04:40.476 CST [109996] 006_map_plan.pl LOG:  statement: EXPLAIN SELECT ai_semantic.map(body, repeat(chr(30028),1366), '{"model":"golden-map-v1","temperature":0,"max_tokens":128}'::jsonb) FROM ONLY map_inputs;
2026-09-03 17:04:40.476 CST [109996] 006_map_plan.pl ERROR:  SemMap instruction must contain 1 to 4096 UTF8 bytes
2026-09-03 17:04:40.476 CST [109996] 006_map_plan.pl STATEMENT:  EXPLAIN SELECT ai_semantic.map(body, repeat(chr(30028),1366), '{"model":"golden-map-v1","temperature":0,"max_tokens":128}'::jsonb) FROM ONLY map_inputs;
2026-09-03 17:04:40.486 CST [109998] 006_map_plan.pl LOG:  statement: EXPLAIN (FORMAT JSON) SELECT ai_semantic.map(body, repeat('x',4096), '{"model":"golden-map-v1","temperature":0,"max_tokens":128}'::jsonb) FROM ONLY map_inputs
2026-09-03 17:04:40.499 CST [110000] 006_map_plan.pl LOG:  statement: EXPLAIN (FORMAT JSON) SELECT ai_semantic.map(body, repeat(chr(30028),1365) || 'x', '{"model":"golden-map-v1","temperature":0,"max_tokens":128}'::jsonb) FROM ONLY map_inputs
2026-09-03 17:04:40.509 CST [110002] 006_map_plan.pl LOG:  statement: EXPLAIN (FORMAT JSON) SELECT ai_semantic.map(body, ' ', '{"model":"golden-map-v1","temperature":0,"max_tokens":128}'::jsonb) FROM ONLY map_inputs
2026-09-03 17:04:40.520 CST [110004] 006_map_plan.pl LOG:  statement: EXPLAIN SELECT ai_semantic.map(body, 'Echo the input.', 'null'::jsonb) FROM ONLY map_inputs;
2026-09-03 17:04:40.521 CST [110004] 006_map_plan.pl ERROR:  SemMap options must contain exactly model, temperature, and max_tokens
2026-09-03 17:04:40.521 CST [110004] 006_map_plan.pl STATEMENT:  EXPLAIN SELECT ai_semantic.map(body, 'Echo the input.', 'null'::jsonb) FROM ONLY map_inputs;
2026-09-03 17:04:40.530 CST [110006] 006_map_plan.pl LOG:  statement: EXPLAIN SELECT ai_semantic.map(body, 'Echo the input.', '[]'::jsonb) FROM ONLY map_inputs;
2026-09-03 17:04:40.531 CST [110006] 006_map_plan.pl ERROR:  SemMap options must contain exactly model, temperature, and max_tokens
2026-09-03 17:04:40.531 CST [110006] 006_map_plan.pl STATEMENT:  EXPLAIN SELECT ai_semantic.map(body, 'Echo the input.', '[]'::jsonb) FROM ONLY map_inputs;
2026-09-03 17:04:40.544 CST [110008] 006_map_plan.pl LOG:  statement: EXPLAIN SELECT ai_semantic.map(body, 'Echo the input.', '{"model":"golden-map-v1","temperature":0}'::jsonb) FROM ONLY map_inputs;
2026-09-03 17:04:40.545 CST [110008] 006_map_plan.pl ERROR:  SemMap options must contain exactly model, temperature, and max_tokens
2026-09-03 17:04:40.545 CST [110008] 006_map_plan.pl STATEMENT:  EXPLAIN SELECT ai_semantic.map(body, 'Echo the input.', '{"model":"golden-map-v1","temperature":0}'::jsonb) FROM ONLY map_inputs;
2026-09-03 17:04:40.555 CST [110010] 006_map_plan.pl LOG:  statement: EXPLAIN SELECT ai_semantic.map(body, 'Echo the input.', '{"model":"golden-map-v1","temperature":0,"max_tokens":128,"stop":[]}'::jsonb) FROM ONLY map_inputs;
2026-09-03 17:04:40.555 CST [110010] 006_map_plan.pl ERROR:  SemMap options must contain exactly model, temperature, and max_tokens
2026-09-03 17:04:40.555 CST [110010] 006_map_plan.pl STATEMENT:  EXPLAIN SELECT ai_semantic.map(body, 'Echo the input.', '{"model":"golden-map-v1","temperature":0,"max_tokens":128,"stop":[]}'::jsonb) FROM ONLY map_inputs;
2026-09-03 17:04:40.565 CST [110012] 006_map_plan.pl LOG:  statement: EXPLAIN SELECT ai_semantic.map(body, 'Echo the input.', '{"model":"golden-map-v1","temperature":0,"tokens":128}'::jsonb) FROM ONLY map_inputs;
2026-09-03 17:04:40.566 CST [110012] 006_map_plan.pl ERROR:  SemMap options must contain exactly model, temperature, and max_tokens
2026-09-03 17:04:40.566 CST [110012] 006_map_plan.pl STATEMENT:  EXPLAIN SELECT ai_semantic.map(body, 'Echo the input.', '{"model":"golden-map-v1","temperature":0,"tokens":128}'::jsonb) FROM ONLY map_inputs;
2026-09-03 17:04:40.575 CST [110014] 006_map_plan.pl LOG:  statement: EXPLAIN SELECT ai_semantic.map(body, 'Echo the input.', '{"model":"","temperature":0,"max_tokens":128}'::jsonb) FROM ONLY map_inputs;
2026-09-03 17:04:40.576 CST [110014] 006_map_plan.pl ERROR:  SemMap model must contain 1 to 128 UTF8 bytes
2026-09-03 17:04:40.576 CST [110014] 006_map_plan.pl STATEMENT:  EXPLAIN SELECT ai_semantic.map(body, 'Echo the input.', '{"model":"","temperature":0,"max_tokens":128}'::jsonb) FROM ONLY map_inputs;
2026-09-03 17:04:40.584 CST [110016] 006_map_plan.pl LOG:  statement: EXPLAIN SELECT ai_semantic.map(body, 'Echo the input.', '{"model":null,"temperature":0,"max_tokens":128}'::jsonb) FROM ONLY map_inputs;
2026-09-03 17:04:40.585 CST [110016] 006_map_plan.pl ERROR:  SemMap model must contain 1 to 128 UTF8 bytes
2026-09-03 17:04:40.585 CST [110016] 006_map_plan.pl STATEMENT:  EXPLAIN SELECT ai_semantic.map(body, 'Echo the input.', '{"model":null,"temperature":0,"max_tokens":128}'::jsonb) FROM ONLY map_inputs;
2026-09-03 17:04:40.592 CST [110018] 006_map_plan.pl LOG:  statement: EXPLAIN SELECT ai_semantic.map(body, 'Echo the input.', '{"model":7,"temperature":0,"max_tokens":128}'::jsonb) FROM ONLY map_inputs;
2026-09-03 17:04:40.593 CST [110018] 006_map_plan.pl ERROR:  SemMap model must contain 1 to 128 UTF8 bytes
2026-09-03 17:04:40.593 CST [110018] 006_map_plan.pl STATEMENT:  EXPLAIN SELECT ai_semantic.map(body, 'Echo the input.', '{"model":7,"temperature":0,"max_tokens":128}'::jsonb) FROM ONLY map_inputs;
2026-09-03 17:04:40.603 CST [110020] 006_map_plan.pl LOG:  statement: EXPLAIN SELECT ai_semantic.map(body, 'Echo the input.', '{"model":"golden-map-v1","temperature":0.1,"max_tokens":128}'::jsonb) FROM ONLY map_inputs;
2026-09-03 17:04:40.606 CST [110020] 006_map_plan.pl ERROR:  SemMap temperature must be numeric zero
2026-09-03 17:04:40.606 CST [110020] 006_map_plan.pl STATEMENT:  EXPLAIN SELECT ai_semantic.map(body, 'Echo the input.', '{"model":"golden-map-v1","temperature":0.1,"max_tokens":128}'::jsonb) FROM ONLY map_inputs;
2026-09-03 17:04:40.617 CST [110022] 006_map_plan.pl LOG:  statement: EXPLAIN SELECT ai_semantic.map(body, 'Echo the input.', '{"model":"golden-map-v1","temperature":"0","max_tokens":128}'::jsonb) FROM ONLY map_inputs;
2026-09-03 17:04:40.618 CST [110022] 006_map_plan.pl ERROR:  SemMap temperature must be numeric zero
2026-09-03 17:04:40.618 CST [110022] 006_map_plan.pl STATEMENT:  EXPLAIN SELECT ai_semantic.map(body, 'Echo the input.', '{"model":"golden-map-v1","temperature":"0","max_tokens":128}'::jsonb) FROM ONLY map_inputs;
2026-09-03 17:04:40.627 CST [110024] 006_map_plan.pl LOG:  statement: EXPLAIN SELECT ai_semantic.map(body, 'Echo the input.', '{"model":"golden-map-v1","temperature":0,"max_tokens":0}'::jsonb) FROM ONLY map_inputs;
2026-09-03 17:04:40.627 CST [110024] 006_map_plan.pl ERROR:  SemMap max_tokens must be an integer from 1 to 4096
2026-09-03 17:04:40.627 CST [110024] 006_map_plan.pl STATEMENT:  EXPLAIN SELECT ai_semantic.map(body, 'Echo the input.', '{"model":"golden-map-v1","temperature":0,"max_tokens":0}'::jsonb) FROM ONLY map_inputs;
2026-09-03 17:04:40.635 CST [110026] 006_map_plan.pl LOG:  statement: EXPLAIN SELECT ai_semantic.map(body, 'Echo the input.', '{"model":"golden-map-v1","temperature":0,"max_tokens":-1}'::jsonb) FROM ONLY map_inputs;
2026-09-03 17:04:40.635 CST [110026] 006_map_plan.pl ERROR:  SemMap max_tokens must be an integer from 1 to 4096
2026-09-03 17:04:40.635 CST [110026] 006_map_plan.pl STATEMENT:  EXPLAIN SELECT ai_semantic.map(body, 'Echo the input.', '{"model":"golden-map-v1","temperature":0,"max_tokens":-1}'::jsonb) FROM ONLY map_inputs;
2026-09-03 17:04:40.642 CST [110028] 006_map_plan.pl LOG:  statement: EXPLAIN SELECT ai_semantic.map(body, 'Echo the input.', '{"model":"golden-map-v1","temperature":0,"max_tokens":4097}'::jsonb) FROM ONLY map_inputs;
2026-09-03 17:04:40.643 CST [110028] 006_map_plan.pl ERROR:  SemMap max_tokens must be an integer from 1 to 4096
2026-09-03 17:04:40.643 CST [110028] 006_map_plan.pl STATEMENT:  EXPLAIN SELECT ai_semantic.map(body, 'Echo the input.', '{"model":"golden-map-v1","temperature":0,"max_tokens":4097}'::jsonb) FROM ONLY map_inputs;
2026-09-03 17:04:40.652 CST [110030] 006_map_plan.pl LOG:  statement: EXPLAIN SELECT ai_semantic.map(body, 'Echo the input.', '{"model":"golden-map-v1","temperature":0,"max_tokens":1.5}'::jsonb) FROM ONLY map_inputs;
2026-09-03 17:04:40.653 CST [110030] 006_map_plan.pl ERROR:  SemMap max_tokens must be an integer from 1 to 4096
2026-09-03 17:04:40.653 CST [110030] 006_map_plan.pl STATEMENT:  EXPLAIN SELECT ai_semantic.map(body, 'Echo the input.', '{"model":"golden-map-v1","temperature":0,"max_tokens":1.5}'::jsonb) FROM ONLY map_inputs;
2026-09-03 17:04:40.663 CST [110032] 006_map_plan.pl LOG:  statement: EXPLAIN SELECT ai_semantic.map(body, 'Echo the input.', '{"model":"golden-map-v1","temperature":0,"max_tokens":1e30}'::jsonb) FROM ONLY map_inputs;
2026-09-03 17:04:40.663 CST [110032] 006_map_plan.pl ERROR:  SemMap max_tokens must be an integer from 1 to 4096
2026-09-03 17:04:40.663 CST [110032] 006_map_plan.pl STATEMENT:  EXPLAIN SELECT ai_semantic.map(body, 'Echo the input.', '{"model":"golden-map-v1","temperature":0,"max_tokens":1e30}'::jsonb) FROM ONLY map_inputs;
2026-09-03 17:04:40.671 CST [110034] 006_map_plan.pl LOG:  statement: EXPLAIN SELECT ai_semantic.map(body, 'Echo the input.', '{"model":"golden-map-v1","temperature":0,"max_tokens":null}'::jsonb) FROM ONLY map_inputs;
2026-09-03 17:04:40.672 CST [110034] 006_map_plan.pl ERROR:  SemMap max_tokens must be an integer from 1 to 4096
2026-09-03 17:04:40.672 CST [110034] 006_map_plan.pl STATEMENT:  EXPLAIN SELECT ai_semantic.map(body, 'Echo the input.', '{"model":"golden-map-v1","temperature":0,"max_tokens":null}'::jsonb) FROM ONLY map_inputs;
2026-09-03 17:04:40.682 CST [110036] 006_map_plan.pl LOG:  statement: EXPLAIN SELECT ai_semantic.map(body, 'Echo the input.', '{"model":"golden-map-v1","temperature":0,"max_tokens":true}'::jsonb) FROM ONLY map_inputs;
2026-09-03 17:04:40.683 CST [110036] 006_map_plan.pl ERROR:  SemMap max_tokens must be an integer from 1 to 4096
2026-09-03 17:04:40.683 CST [110036] 006_map_plan.pl STATEMENT:  EXPLAIN SELECT ai_semantic.map(body, 'Echo the input.', '{"model":"golden-map-v1","temperature":0,"max_tokens":true}'::jsonb) FROM ONLY map_inputs;
2026-09-03 17:04:40.691 CST [110038] 006_map_plan.pl LOG:  statement: EXPLAIN SELECT ai_semantic.map(body, 'Echo the input.', '{"model":"golden-map-v1","temperature":0,"max_tokens":"128"}'::jsonb) FROM ONLY map_inputs;
2026-09-03 17:04:40.693 CST [110038] 006_map_plan.pl ERROR:  SemMap max_tokens must be an integer from 1 to 4096
2026-09-03 17:04:40.693 CST [110038] 006_map_plan.pl STATEMENT:  EXPLAIN SELECT ai_semantic.map(body, 'Echo the input.', '{"model":"golden-map-v1","temperature":0,"max_tokens":"128"}'::jsonb) FROM ONLY map_inputs;
2026-09-03 17:04:40.702 CST [110040] 006_map_plan.pl LOG:  statement: EXPLAIN (FORMAT JSON) SELECT ai_semantic.map(body, 'Echo the input.', '{"model":"golden-map-v1","temperature":0,"max_tokens":1}'::jsonb) FROM ONLY map_inputs
2026-09-03 17:04:40.712 CST [110042] 006_map_plan.pl LOG:  statement: EXPLAIN (FORMAT JSON) SELECT ai_semantic.map(body, 'Echo the input.', '{"model":"golden-map-v1","temperature":0,"max_tokens":4096}'::jsonb) FROM ONLY map_inputs
2026-09-03 17:04:40.722 CST [110044] 006_map_plan.pl LOG:  statement: EXPLAIN (FORMAT JSON) SELECT ai_semantic.map(body, 'Echo the input.', ' {"model":"unused","model":"golden-map-v1","temperature":0e10,"max_tokens":1.28e2}'::jsonb) FROM ONLY map_inputs;
2026-09-03 17:04:40.732 CST [110046] 006_map_plan.pl LOG:  statement: CREATE ROLE map_reader;
2026-09-03 17:04:40.732 CST [110046] 006_map_plan.pl LOG:  statement: GRANT USAGE ON SCHEMA ai_semantic TO map_reader;
2026-09-03 17:04:40.732 CST [110046] 006_map_plan.pl LOG:  statement: GRANT SELECT ON map_inputs TO map_reader;
2026-09-03 17:04:40.732 CST [110046] 006_map_plan.pl LOG:  statement: REVOKE ALL ON FUNCTION ai_semantic.map(text,text,jsonb) FROM PUBLIC;
2026-09-03 17:04:40.733 CST [110046] 006_map_plan.pl LOG:  statement: CREATE FUNCTION map_test_capture(statement text) RETURNS text LANGUAGE plpgsql AS $$
	DECLARE code text; message text;
	BEGIN
	  EXECUTE statement;
	  RETURN 'unexpected success';
	EXCEPTION WHEN OTHERS THEN
	  GET STACKED DIAGNOSTICS code = RETURNED_SQLSTATE, message = MESSAGE_TEXT;
	  RETURN code || '|' || message;
	END $$;
2026-09-03 17:04:40.749 CST [110048] 006_map_plan.pl LOG:  statement: SET ROLE map_reader
	;
2026-09-03 17:04:40.749 CST [110048] 006_map_plan.pl LOG:  statement: SELECT map_test_capture('SELECT id, ai_semantic.map(body, ''Echo the input.'', ''{"model":"golden-map-v1","temperature":0,"max_tokens":128}''::jsonb) AS generated FROM ONLY map_inputs');
2026-09-03 17:04:40.751 CST [110048] 006_map_plan.pl LOG:  statement: ;
2026-09-03 17:04:40.752 CST [110048] 006_map_plan.pl LOG:  statement: SELECT map_test_capture('SELECT id, ai_semantic.map(body, ''Echo the input.'', ''{"model":"golden-map-v1","temperature":0,"max_tokens":128}''::jsonb) AS generated FROM ONLY map_inputs LIMIT 0');
2026-09-03 17:04:40.752 CST [110048] 006_map_plan.pl LOG:  statement: ;
2026-09-03 17:04:40.753 CST [110048] 006_map_plan.pl LOG:  statement: SELECT map_test_capture('SELECT id, ai_semantic.map(body, ''Echo the input.'', ''{"model":"golden-map-v1","temperature":0,"max_tokens":128}''::jsonb) AS generated FROM ONLY map_inputs WHERE false');
2026-09-03 17:04:40.753 CST [110048] 006_map_plan.pl LOG:  statement: ;
2026-09-03 17:04:40.753 CST [110048] 006_map_plan.pl LOG:  statement: SELECT map_test_capture('SELECT id, ai_semantic.map(body, ''Echo the input.'', ''{"model":"golden-map-v1","temperature":0,"max_tokens":128}''::jsonb) AS generated FROM ONLY map_inputs WHERE body IS NULL');
2026-09-03 17:04:40.754 CST [110048] 006_map_plan.pl LOG:  statement: ;
2026-09-03 17:04:40.754 CST [110048] 006_map_plan.pl LOG:  statement: SELECT map_test_capture('EXPLAIN SELECT id, ai_semantic.map(body, ''Echo the input.'', ''{"model":"golden-map-v1","temperature":0,"max_tokens":128}''::jsonb) AS generated FROM ONLY map_inputs');
2026-09-03 17:04:40.754 CST [110048] 006_map_plan.pl LOG:  statement: ;
2026-09-03 17:04:40.762 CST [110050] 006_map_plan.pl LOG:  statement: GRANT EXECUTE ON FUNCTION ai_semantic.map(text,text,jsonb) TO map_reader;
2026-09-03 17:04:40.764 CST [110048] 006_map_plan.pl LOG:  statement: SET plan_cache_mode=force_custom_plan;
2026-09-03 17:04:40.764 CST [110048] 006_map_plan.pl LOG:  statement: PREPARE map_acl(integer) AS SELECT id, ai_semantic.map(body, 'Echo the input.', '{"model":"golden-map-v1","temperature":0,"max_tokens":128}'::jsonb) AS generated FROM ONLY map_inputs WHERE id >= $1;
2026-09-03 17:04:40.764 CST [110048] 006_map_plan.pl LOG:  statement: ;
2026-09-03 17:04:40.765 CST [110048] 006_map_plan.pl LOG:  statement: EXPLAIN (FORMAT JSON) EXECUTE map_acl(1)
	;
2026-09-03 17:04:40.768 CST [110048] 006_map_plan.pl LOG:  statement: SELECT map_test_capture('EXECUTE map_acl(1)');
2026-09-03 17:04:40.768 CST [110048] 006_map_plan.pl LOG:  statement: ;
2026-09-03 17:04:40.769 CST [110048] 006_map_plan.pl LOG:  statement: SELECT custom_plans > 0 FROM pg_prepared_statements WHERE name='map_acl'
	;
2026-09-03 17:04:40.777 CST [110052] 006_map_plan.pl LOG:  statement: REVOKE EXECUTE ON FUNCTION ai_semantic.map(text,text,jsonb) FROM map_reader;
2026-09-03 17:04:40.778 CST [110048] 006_map_plan.pl LOG:  statement: SELECT map_test_capture('EXECUTE map_acl(1)');
2026-09-03 17:04:40.779 CST [110048] 006_map_plan.pl LOG:  statement: ;
2026-09-03 17:04:40.790 CST [110054] 006_map_plan.pl LOG:  statement: GRANT EXECUTE ON FUNCTION ai_semantic.map(text,text,jsonb) TO map_reader;
2026-09-03 17:04:40.796 CST [110048] 006_map_plan.pl LOG:  statement: SELECT map_test_capture('EXECUTE map_acl(1)');
2026-09-03 17:04:40.796 CST [110048] 006_map_plan.pl LOG:  statement: ;
2026-09-03 17:04:40.798 CST [110048] 006_map_plan.pl LOG:  statement: DEALLOCATE map_acl
	;
2026-09-03 17:04:40.798 CST [110048] 006_map_plan.pl LOG:  statement: SET plan_cache_mode=force_generic_plan;
2026-09-03 17:04:40.798 CST [110048] 006_map_plan.pl LOG:  statement: PREPARE map_acl(integer) AS SELECT id, ai_semantic.map(body, 'Echo the input.', '{"model":"golden-map-v1","temperature":0,"max_tokens":128}'::jsonb) AS generated FROM ONLY map_inputs WHERE id >= $1;
2026-09-03 17:04:40.798 CST [110048] 006_map_plan.pl LOG:  statement: ;
2026-09-03 17:04:40.799 CST [110048] 006_map_plan.pl LOG:  statement: EXPLAIN (FORMAT JSON) EXECUTE map_acl(1)
	;
2026-09-03 17:04:40.801 CST [110048] 006_map_plan.pl LOG:  statement: SELECT map_test_capture('EXECUTE map_acl(1)');
2026-09-03 17:04:40.801 CST [110048] 006_map_plan.pl LOG:  statement: ;
2026-09-03 17:04:40.802 CST [110048] 006_map_plan.pl LOG:  statement: SELECT generic_plans > 0 FROM pg_prepared_statements WHERE name='map_acl'
	;
2026-09-03 17:04:40.810 CST [110056] 006_map_plan.pl LOG:  statement: REVOKE EXECUTE ON FUNCTION ai_semantic.map(text,text,jsonb) FROM map_reader;
2026-09-03 17:04:40.812 CST [110048] 006_map_plan.pl LOG:  statement: SELECT map_test_capture('EXECUTE map_acl(1)');
2026-09-03 17:04:40.813 CST [110048] 006_map_plan.pl LOG:  statement: ;
2026-09-03 17:04:40.821 CST [110058] 006_map_plan.pl LOG:  statement: GRANT EXECUTE ON FUNCTION ai_semantic.map(text,text,jsonb) TO map_reader;
2026-09-03 17:04:40.823 CST [110048] 006_map_plan.pl LOG:  statement: SELECT map_test_capture('EXECUTE map_acl(1)');
2026-09-03 17:04:40.823 CST [110048] 006_map_plan.pl LOG:  statement: ;
2026-09-03 17:04:40.824 CST [110048] 006_map_plan.pl LOG:  statement: DEALLOCATE map_acl
	;
2026-09-03 17:04:40.832 CST [110060] 006_map_plan.pl LOG:  statement: CREATE FUNCTION test_map_plan(text, oid) RETURNS text
	AS '<test-worktree>/code/postgres/semloom_pg/t/plan_contract/semloom_plan_contract_test', 'semloom_test_map_plan' LANGUAGE C STRICT;
2026-09-03 17:04:40.833 CST [110060] 006_map_plan.pl LOG:  statement: CREATE FUNCTION map_watch(oid, oid) RETURNS void
	AS '<test-worktree>/code/postgres/semloom_pg/t/plan_contract/semloom_plan_contract_test', 'semloom_test_map_watch' LANGUAGE C STRICT;
2026-09-03 17:04:40.833 CST [110060] 006_map_plan.pl LOG:  statement: CREATE FUNCTION map_events() RETURNS text
	AS '<test-worktree>/code/postgres/semloom_pg/t/plan_contract/semloom_plan_contract_test', 'semloom_test_map_events' LANGUAGE C;
2026-09-03 17:04:40.833 CST [110060] 006_map_plan.pl LOG:  statement: CREATE FUNCTION map_child_probe(text) RETURNS text LANGUAGE plpgsql VOLATILE
	AS $$ BEGIN RETURN $1; END $$;
2026-09-03 17:04:40.843 CST [110062] 006_map_plan.pl LOG:  statement: SELECT 'ai_semantic.map(text,text,jsonb)'::regprocedure::oid
2026-09-03 17:04:40.850 CST [110064] 006_map_plan.pl LOG:  statement: SELECT test_map_plan('copy', 16390)
2026-09-03 17:04:40.860 CST [110066] 006_map_plan.pl LOG:  statement: SELECT test_map_plan('column', 16390)
2026-09-03 17:04:40.868 CST [110068] 006_map_plan.pl LOG:  statement: SELECT test_map_plan('copy', 4026531841::oid)
2026-09-03 17:04:40.875 CST [110070] 006_map_plan.pl LOG:  statement: SELECT test_map_plan('binding-column', 16390);
2026-09-03 17:04:40.876 CST [110070] 006_map_plan.pl ERROR:  invalid semantic executor binding
2026-09-03 17:04:40.876 CST [110070] 006_map_plan.pl STATEMENT:  SELECT test_map_plan('binding-column', 16390);
2026-09-03 17:04:40.882 CST [110072] 006_map_plan.pl LOG:  statement: SELECT test_map_plan('binding-function-byref', 16390);
2026-09-03 17:04:40.883 CST [110072] 006_map_plan.pl ERROR:  invalid semantic executor binding
2026-09-03 17:04:40.883 CST [110072] 006_map_plan.pl STATEMENT:  SELECT test_map_plan('binding-function-byref', 16390);
2026-09-03 17:04:40.893 CST [110074] 006_map_plan.pl LOG:  statement: SELECT test_map_plan('binding-function-null', 16390);
2026-09-03 17:04:40.893 CST [110074] 006_map_plan.pl ERROR:  invalid semantic executor binding
2026-09-03 17:04:40.893 CST [110074] 006_map_plan.pl STATEMENT:  SELECT test_map_plan('binding-function-null', 16390);
2026-09-03 17:04:40.903 CST [110076] 006_map_plan.pl LOG:  statement: SELECT test_map_plan('binding-function-type', 16390);
2026-09-03 17:04:40.904 CST [110076] 006_map_plan.pl ERROR:  invalid semantic executor binding
2026-09-03 17:04:40.904 CST [110076] 006_map_plan.pl STATEMENT:  SELECT test_map_plan('binding-function-type', 16390);
2026-09-03 17:04:40.911 CST [110078] 006_map_plan.pl LOG:  statement: SELECT test_map_plan('binding-function-zero', 16390);
2026-09-03 17:04:40.912 CST [110078] 006_map_plan.pl ERROR:  invalid semantic executor binding
2026-09-03 17:04:40.912 CST [110078] 006_map_plan.pl STATEMENT:  SELECT test_map_plan('binding-function-zero', 16390);
2026-09-03 17:04:40.920 CST [110080] 006_map_plan.pl LOG:  statement: SELECT test_map_plan('binding-type', 16390);
2026-09-03 17:04:40.920 CST [110080] 006_map_plan.pl ERROR:  invalid semantic executor binding
2026-09-03 17:04:40.920 CST [110080] 006_map_plan.pl STATEMENT:  SELECT test_map_plan('binding-type', 16390);
2026-09-03 17:04:40.928 CST [110082] 006_map_plan.pl LOG:  statement: SELECT test_map_plan('duplicate', 16390);
2026-09-03 17:04:40.928 CST [110082] 006_map_plan.pl ERROR:  duplicate semantic plan specification field
2026-09-03 17:04:40.928 CST [110082] 006_map_plan.pl STATEMENT:  SELECT test_map_plan('duplicate', 16390);
2026-09-03 17:04:40.937 CST [110084] 006_map_plan.pl LOG:  statement: SELECT test_map_plan('field:error_policy', 16390);
2026-09-03 17:04:40.937 CST [110084] 006_map_plan.pl ERROR:  unsupported generative SemMap plan specification
2026-09-03 17:04:40.937 CST [110084] 006_map_plan.pl STATEMENT:  SELECT test_map_plan('field:error_policy', 16390);
2026-09-03 17:04:40.947 CST [110086] 006_map_plan.pl LOG:  statement: SELECT test_map_plan('field:has_stop', 16390);
2026-09-03 17:04:40.948 CST [110086] 006_map_plan.pl ERROR:  unsupported generative SemMap plan specification
2026-09-03 17:04:40.948 CST [110086] 006_map_plan.pl STATEMENT:  SELECT test_map_plan('field:has_stop', 16390);
2026-09-03 17:04:40.956 CST [110088] 006_map_plan.pl LOG:  statement: SELECT test_map_plan('field:input_value_kind', 16390);
2026-09-03 17:04:40.956 CST [110088] 006_map_plan.pl ERROR:  unsupported generative SemMap plan specification
2026-09-03 17:04:40.956 CST [110088] 006_map_plan.pl STATEMENT:  SELECT test_map_plan('field:input_value_kind', 16390);
2026-09-03 17:04:40.966 CST [110090] 006_map_plan.pl LOG:  statement: SELECT test_map_plan('field:instruction', 16390);
2026-09-03 17:04:40.967 CST [110090] 006_map_plan.pl ERROR:  unsupported generative SemMap plan specification
2026-09-03 17:04:40.967 CST [110090] 006_map_plan.pl STATEMENT:  SELECT test_map_plan('field:instruction', 16390);
2026-09-03 17:04:40.976 CST [110092] 006_map_plan.pl LOG:  statement: SELECT test_map_plan('field:max_input_bytes', 16390);
2026-09-03 17:04:40.977 CST [110092] 006_map_plan.pl ERROR:  unsupported generative SemMap plan specification
2026-09-03 17:04:40.977 CST [110092] 006_map_plan.pl STATEMENT:  SELECT test_map_plan('field:max_input_bytes', 16390);
2026-09-03 17:04:40.984 CST [110094] 006_map_plan.pl LOG:  statement: SELECT test_map_plan('field:max_output_bytes', 16390);
2026-09-03 17:04:40.984 CST [110094] 006_map_plan.pl ERROR:  unsupported generative SemMap plan specification
2026-09-03 17:04:40.984 CST [110094] 006_map_plan.pl STATEMENT:  SELECT test_map_plan('field:max_output_bytes', 16390);
2026-09-03 17:04:40.991 CST [110096] 006_map_plan.pl LOG:  statement: SELECT test_map_plan('field:max_tokens', 16390);
2026-09-03 17:04:40.991 CST [110096] 006_map_plan.pl ERROR:  unsupported generative SemMap plan specification
2026-09-03 17:04:40.991 CST [110096] 006_map_plan.pl STATEMENT:  SELECT test_map_plan('field:max_tokens', 16390);
2026-09-03 17:04:41.006 CST [110098] 006_map_plan.pl LOG:  statement: SELECT test_map_plan('field:model_id', 16390);
2026-09-03 17:04:41.007 CST [110098] 006_map_plan.pl ERROR:  unsupported generative SemMap plan specification
2026-09-03 17:04:41.007 CST [110098] 006_map_plan.pl STATEMENT:  SELECT test_map_plan('field:model_id', 16390);
2026-09-03 17:04:41.018 CST [110100] 006_map_plan.pl LOG:  statement: SELECT test_map_plan('field:n', 16390);
2026-09-03 17:04:41.019 CST [110100] 006_map_plan.pl ERROR:  unsupported generative SemMap plan specification
2026-09-03 17:04:41.019 CST [110100] 006_map_plan.pl STATEMENT:  SELECT test_map_plan('field:n', 16390);
2026-09-03 17:04:41.030 CST [110102] 006_map_plan.pl LOG:  statement: SELECT test_map_plan('field:null_policy', 16390);
2026-09-03 17:04:41.030 CST [110102] 006_map_plan.pl ERROR:  unsupported generative SemMap plan specification
2026-09-03 17:04:41.030 CST [110102] 006_map_plan.pl STATEMENT:  SELECT test_map_plan('field:null_policy', 16390);
2026-09-03 17:04:41.041 CST [110104] 006_map_plan.pl LOG:  statement: SELECT test_map_plan('field:operator_kind', 16390);
2026-09-03 17:04:41.041 CST [110104] 006_map_plan.pl ERROR:  unsupported generative SemMap plan specification
2026-09-03 17:04:41.041 CST [110104] 006_map_plan.pl STATEMENT:  SELECT test_map_plan('field:operator_kind', 16390);
2026-09-03 17:04:41.051 CST [110106] 006_map_plan.pl LOG:  statement: SELECT test_map_plan('field:order_policy', 16390);
2026-09-03 17:04:41.052 CST [110106] 006_map_plan.pl ERROR:  unsupported generative SemMap plan specification
2026-09-03 17:04:41.052 CST [110106] 006_map_plan.pl STATEMENT:  SELECT test_map_plan('field:order_policy', 16390);
2026-09-03 17:04:41.060 CST [110108] 006_map_plan.pl LOG:  statement: SELECT test_map_plan('field:output_value_kind', 16390);
2026-09-03 17:04:41.061 CST [110108] 006_map_plan.pl ERROR:  unsupported generative SemMap plan specification
2026-09-03 17:04:41.061 CST [110108] 006_map_plan.pl STATEMENT:  SELECT test_map_plan('field:output_value_kind', 16390);
2026-09-03 17:04:41.070 CST [110110] 006_map_plan.pl LOG:  statement: SELECT test_map_plan('field:physical_algorithm', 16390);
2026-09-03 17:04:41.070 CST [110110] 006_map_plan.pl ERROR:  unsupported generative SemMap plan specification
2026-09-03 17:04:41.070 CST [110110] 006_map_plan.pl STATEMENT:  SELECT test_map_plan('field:physical_algorithm', 16390);
2026-09-03 17:04:41.080 CST [110112] 006_map_plan.pl LOG:  statement: SELECT test_map_plan('field:physical_algorithm_digest', 16390);
2026-09-03 17:04:41.081 CST [110112] 006_map_plan.pl ERROR:  unsupported generative SemMap plan specification
2026-09-03 17:04:41.081 CST [110112] 006_map_plan.pl STATEMENT:  SELECT test_map_plan('field:physical_algorithm_digest', 16390);
2026-09-03 17:04:41.091 CST [110114] 006_map_plan.pl LOG:  statement: SELECT test_map_plan('field:physical_role', 16390);
2026-09-03 17:04:41.091 CST [110114] 006_map_plan.pl ERROR:  unsupported generative SemMap plan specification
2026-09-03 17:04:41.091 CST [110114] 006_map_plan.pl STATEMENT:  SELECT test_map_plan('field:physical_role', 16390);
2026-09-03 17:04:41.099 CST [110116] 006_map_plan.pl LOG:  statement: SELECT test_map_plan('field:prompt_program_digest', 16390);
2026-09-03 17:04:41.099 CST [110116] 006_map_plan.pl ERROR:  unsupported generative SemMap plan specification
2026-09-03 17:04:41.099 CST [110116] 006_map_plan.pl STATEMENT:  SELECT test_map_plan('field:prompt_program_digest', 16390);
2026-09-03 17:04:41.108 CST [110118] 006_map_plan.pl LOG:  statement: SELECT test_map_plan('field:prompt_program_id', 16390);
2026-09-03 17:04:41.109 CST [110118] 006_map_plan.pl ERROR:  unsupported generative SemMap plan specification
2026-09-03 17:04:41.109 CST [110118] 006_map_plan.pl STATEMENT:  SELECT test_map_plan('field:prompt_program_id', 16390);
2026-09-03 17:04:41.117 CST [110120] 006_map_plan.pl LOG:  statement: SELECT test_map_plan('field:prompt_program_version', 16390);
2026-09-03 17:04:41.117 CST [110120] 006_map_plan.pl ERROR:  unsupported generative SemMap plan specification
2026-09-03 17:04:41.117 CST [110120] 006_map_plan.pl STATEMENT:  SELECT test_map_plan('field:prompt_program_version', 16390);
2026-09-03 17:04:41.127 CST [110122] 006_map_plan.pl LOG:  statement: SELECT test_map_plan('field:result_parser_digest', 16390);
2026-09-03 17:04:41.127 CST [110122] 006_map_plan.pl ERROR:  unsupported generative SemMap plan specification
2026-09-03 17:04:41.127 CST [110122] 006_map_plan.pl STATEMENT:  SELECT test_map_plan('field:result_parser_digest', 16390);
2026-09-03 17:04:41.135 CST [110124] 006_map_plan.pl LOG:  statement: SELECT test_map_plan('field:result_parser_id', 16390);
2026-09-03 17:04:41.136 CST [110124] 006_map_plan.pl ERROR:  unsupported generative SemMap plan specification
2026-09-03 17:04:41.136 CST [110124] 006_map_plan.pl STATEMENT:  SELECT test_map_plan('field:result_parser_id', 16390);
2026-09-03 17:04:41.143 CST [110126] 006_map_plan.pl LOG:  statement: SELECT test_map_plan('field:result_parser_version', 16390);
2026-09-03 17:04:41.143 CST [110126] 006_map_plan.pl ERROR:  unsupported generative SemMap plan specification
2026-09-03 17:04:41.143 CST [110126] 006_map_plan.pl STATEMENT:  SELECT test_map_plan('field:result_parser_version', 16390);
2026-09-03 17:04:41.153 CST [110128] 006_map_plan.pl LOG:  statement: SELECT test_map_plan('field:schema_version', 16390);
2026-09-03 17:04:41.153 CST [110128] 006_map_plan.pl ERROR:  unsupported semantic plan specification
2026-09-03 17:04:41.153 CST [110128] 006_map_plan.pl STATEMENT:  SELECT test_map_plan('field:schema_version', 16390);
2026-09-03 17:04:41.163 CST [110130] 006_map_plan.pl LOG:  statement: SELECT test_map_plan('field:semantic_spec_digest', 16390);
2026-09-03 17:04:41.164 CST [110130] 006_map_plan.pl ERROR:  unsupported generative SemMap plan specification
2026-09-03 17:04:41.164 CST [110130] 006_map_plan.pl STATEMENT:  SELECT test_map_plan('field:semantic_spec_digest', 16390);
2026-09-03 17:04:41.171 CST [110132] 006_map_plan.pl LOG:  statement: SELECT test_map_plan('field:semantic_spec_id', 16390);
2026-09-03 17:04:41.172 CST [110132] 006_map_plan.pl ERROR:  unsupported generative SemMap plan specification
2026-09-03 17:04:41.172 CST [110132] 006_map_plan.pl STATEMENT:  SELECT test_map_plan('field:semantic_spec_id', 16390);
2026-09-03 17:04:41.178 CST [110134] 006_map_plan.pl LOG:  statement: SELECT test_map_plan('field:semantic_spec_version', 16390);
2026-09-03 17:04:41.179 CST [110134] 006_map_plan.pl ERROR:  unsupported generative SemMap plan specification
2026-09-03 17:04:41.179 CST [110134] 006_map_plan.pl STATEMENT:  SELECT test_map_plan('field:semantic_spec_version', 16390);
2026-09-03 17:04:41.189 CST [110136] 006_map_plan.pl LOG:  statement: SELECT test_map_plan('field:stream', 16390);
2026-09-03 17:04:41.189 CST [110136] 006_map_plan.pl ERROR:  unsupported generative SemMap plan specification
2026-09-03 17:04:41.189 CST [110136] 006_map_plan.pl STATEMENT:  SELECT test_map_plan('field:stream', 16390);
2026-09-03 17:04:41.199 CST [110138] 006_map_plan.pl LOG:  statement: SELECT test_map_plan('field:temperature', 16390);
2026-09-03 17:04:41.200 CST [110138] 006_map_plan.pl ERROR:  unsupported generative SemMap plan specification
2026-09-03 17:04:41.200 CST [110138] 006_map_plan.pl STATEMENT:  SELECT test_map_plan('field:temperature', 16390);
2026-09-03 17:04:41.207 CST [110140] 006_map_plan.pl LOG:  statement: SELECT test_map_plan('field:top_p', 16390);
2026-09-03 17:04:41.207 CST [110140] 006_map_plan.pl ERROR:  unsupported generative SemMap plan specification
2026-09-03 17:04:41.207 CST [110140] 006_map_plan.pl STATEMENT:  SELECT test_map_plan('field:top_p', 16390);
2026-09-03 17:04:41.215 CST [110142] 006_map_plan.pl LOG:  statement: SELECT test_map_plan('missing', 16390);
2026-09-03 17:04:41.216 CST [110142] 006_map_plan.pl ERROR:  incomplete semantic plan specification
2026-09-03 17:04:41.216 CST [110142] 006_map_plan.pl STATEMENT:  SELECT test_map_plan('missing', 16390);
2026-09-03 17:04:41.225 CST [110144] 006_map_plan.pl LOG:  statement: SELECT test_map_plan('unknown', 16390);
2026-09-03 17:04:41.225 CST [110144] 006_map_plan.pl ERROR:  unknown semantic plan specification field
2026-09-03 17:04:41.225 CST [110144] 006_map_plan.pl STATEMENT:  SELECT test_map_plan('unknown', 16390);
2026-09-03 17:04:41.235 CST [110146] 006_map_plan.pl LOG:  statement: SELECT 'map_child_probe(text)'::regprocedure::oid
2026-09-03 17:04:41.243 CST [110148] 006_map_plan.pl LOG:  statement: SELECT map_watch(16390, 16414);
2026-09-03 17:04:41.244 CST [110148] 006_map_plan.pl LOG:  statement: SET plan_cache_mode=force_generic_plan;
2026-09-03 17:04:41.244 CST [110148] 006_map_plan.pl LOG:  statement: PREPARE hook_map(integer) AS SELECT id, ai_semantic.map(body, 'Echo the input.', '{"model":"golden-map-v1","temperature":0,"max_tokens":128}'::jsonb) AS generated FROM ONLY map_inputs WHERE id >= $1;
2026-09-03 17:04:41.244 CST [110148] 006_map_plan.pl LOG:  statement: ;
2026-09-03 17:04:41.244 CST [110148] 006_map_plan.pl LOG:  statement: EXPLAIN EXECUTE hook_map(1)
	;
2026-09-03 17:04:41.245 CST [110148] 006_map_plan.pl LOG:  statement: EXPLAIN EXECUTE hook_map(1)
	;
2026-09-03 17:04:41.246 CST [110148] 006_map_plan.pl LOG:  statement: SELECT map_events()
	;
2026-09-03 17:04:41.246 CST [110148] 006_map_plan.pl LOG:  statement: SELECT map_watch(16390, 16414);
2026-09-03 17:04:41.247 CST [110148] 006_map_plan.pl LOG:  statement: PREPARE hook_child AS SELECT ai_semantic.map(map_child_probe(body), 'Echo the input.', '{"model":"golden-map-v1","temperature":0,"max_tokens":128}'::jsonb) FROM ONLY map_inputs;
2026-09-03 17:04:41.247 CST [110148] 006_map_plan.pl LOG:  statement: ;
2026-09-03 17:04:41.247 CST [110148] 006_map_plan.pl LOG:  statement: SELECT map_test_capture('EXECUTE hook_child')
	;
2026-09-03 17:04:41.248 CST [110148] 006_map_plan.pl LOG:  statement: SELECT map_events()
	;
2026-09-03 17:04:41.258 CST [110150] 006_map_plan.pl LOG:  statement: REVOKE EXECUTE ON FUNCTION ai_semantic.map(text,text,jsonb) FROM map_reader;
2026-09-03 17:04:41.260 CST [110148] 006_map_plan.pl LOG:  statement: SET ROLE map_reader;
2026-09-03 17:04:41.260 CST [110148] 006_map_plan.pl LOG:  statement: SELECT map_watch(16390, 16414)
	;
2026-09-03 17:04:41.261 CST [110148] 006_map_plan.pl LOG:  statement: SELECT map_test_capture('EXPLAIN EXECUTE hook_child')
	;
2026-09-03 17:04:41.262 CST [110148] 006_map_plan.pl LOG:  statement: SELECT map_events()
	;
2026-09-03 17:04:41.272 CST [110152] 006_map_plan.pl LOG:  statement: SET plan_cache_mode=force_generic_plan;
2026-09-03 17:04:41.272 CST [110152] 006_map_plan.pl LOG:  statement: PREPARE map_identity(integer) AS SELECT id, ai_semantic.map(body, 'Echo the input.', '{"model":"golden-map-v1","temperature":0,"max_tokens":128}'::jsonb) AS generated FROM ONLY map_inputs WHERE id=$1;
2026-09-03 17:04:41.273 CST [110152] 006_map_plan.pl LOG:  statement: ;
2026-09-03 17:04:41.273 CST [110152] 006_map_plan.pl LOG:  statement: EXPLAIN EXECUTE map_identity(1)
	;
2026-09-03 17:04:41.283 CST [110154] 006_map_plan.pl LOG:  statement: ALTER EXTENSION semloom_pg DROP FUNCTION ai_semantic.map(text,text,jsonb);
2026-09-03 17:04:41.284 CST [110154] 006_map_plan.pl LOG:  statement: CREATE OR REPLACE FUNCTION ai_semantic.map(input text, instruction text, options jsonb) RETURNS text
	LANGUAGE plpgsql VOLATILE AS $$ BEGIN RETURN 'ordinary:' || input; END $$;
2026-09-03 17:04:41.292 CST [110156] 006_map_plan.pl LOG:  statement: SELECT 'ai_semantic.map(text,text,jsonb)'::regprocedure::oid
2026-09-03 17:04:41.295 CST [110152] 006_map_plan.pl LOG:  statement: EXECUTE map_identity(1)
	;
2026-09-03 17:04:41.295 CST [110152] 006_map_plan.pl DETAIL:  prepare: PREPARE map_identity(integer) AS SELECT id, ai_semantic.map(body, 'Echo the input.', '{"model":"golden-map-v1","temperature":0,"max_tokens":128}'::jsonb) AS generated FROM ONLY map_inputs WHERE id=$1;
2026-09-03 17:04:41.298 CST [110152] 006_map_plan.pl LOG:  statement: EXPLAIN EXECUTE map_identity(1)
	;
2026-09-03 17:04:41.305 CST [110158] 006_map_plan.pl LOG:  statement: ALTER EXTENSION plpgsql ADD FUNCTION ai_semantic.map(text,text,jsonb)
2026-09-03 17:04:41.315 CST [110160] 006_map_plan.pl LOG:  statement: EXPLAIN SELECT id, ai_semantic.map(body, 'Echo the input.', '{"model":"golden-map-v1","temperature":0,"max_tokens":128}'::jsonb) AS generated FROM ONLY map_inputs
2026-09-03 17:04:41.323 CST [110162] 006_map_plan.pl LOG:  statement: ALTER EXTENSION plpgsql DROP FUNCTION ai_semantic.map(text,text,jsonb);
2026-09-03 17:04:41.324 CST [110162] 006_map_plan.pl LOG:  statement: DROP FUNCTION ai_semantic.map(text,text,jsonb);
2026-09-03 17:04:41.324 CST [110162] 006_map_plan.pl LOG:  statement: CREATE OR REPLACE FUNCTION ai_semantic.map(input text, instruction text, options jsonb) RETURNS text
	LANGUAGE plpgsql VOLATILE AS $$ BEGIN RETURN 'ordinary:' || input; END $$;
2026-09-03 17:04:41.330 CST [110164] 006_map_plan.pl LOG:  statement: SELECT 'ai_semantic.map(text,text,jsonb)'::regprocedure::oid
2026-09-03 17:04:41.332 CST [110152] 006_map_plan.pl LOG:  statement: EXECUTE map_identity(1)
	;
2026-09-03 17:04:41.332 CST [110152] 006_map_plan.pl DETAIL:  prepare: PREPARE map_identity(integer) AS SELECT id, ai_semantic.map(body, 'Echo the input.', '{"model":"golden-map-v1","temperature":0,"max_tokens":128}'::jsonb) AS generated FROM ONLY map_inputs WHERE id=$1;
2026-09-03 17:04:41.341 CST [110166] 006_map_plan.pl LOG:  statement: DROP FUNCTION ai_semantic.map(text,text,jsonb);
2026-09-03 17:04:41.342 CST [110166] 006_map_plan.pl LOG:  statement: CREATE OR REPLACE FUNCTION ai_semantic.map(input text, instruction text, options jsonb)
	 RETURNS text
	 LANGUAGE c
	AS '$libdir/semloom_pg', $function$semloom_marker_map$function$
	;
2026-09-03 17:04:41.342 CST [110166] 006_map_plan.pl LOG:  statement: ALTER EXTENSION semloom_pg ADD FUNCTION ai_semantic.map(text,text,jsonb);
2026-09-03 17:04:41.343 CST [110152] 006_map_plan.pl LOG:  statement: EXPLAIN EXECUTE map_identity(1)
	;
2026-09-03 17:04:41.352 CST [110168] 006_map_plan.pl LOG:  statement: SELECT pg_get_functiondef('ai_semantic.map(text,text,jsonb)'::regprocedure);
2026-09-03 17:04:41.362 CST [110170] 006_map_plan.pl LOG:  statement: ALTER EXTENSION semloom_pg DROP FUNCTION ai_semantic.map(text,text,jsonb)
2026-09-03 17:04:41.364 CST [110152] 006_map_plan.pl LOG:  statement: SELECT map_test_capture('EXPLAIN EXECUTE map_identity(1)')
	;
2026-09-03 17:04:41.366 CST [110152] 006_map_plan.pl LOG:  statement: DISCARD PLANS
	;
2026-09-03 17:04:41.366 CST [110152] 006_map_plan.pl LOG:  statement: EXPLAIN EXECUTE map_identity(1)
	;
2026-09-03 17:04:41.374 CST [110172] 006_map_plan.pl LOG:  statement: ALTER EXTENSION semloom_pg ADD FUNCTION ai_semantic.map(text,text,jsonb)
2026-09-03 17:04:41.376 CST [110152] 006_map_plan.pl LOG:  statement: EXPLAIN EXECUTE map_identity(1)
	;
2026-09-03 17:04:41.376 CST [110152] 006_map_plan.pl LOG:  statement: DISCARD PLANS
	;
2026-09-03 17:04:41.377 CST [110152] 006_map_plan.pl LOG:  statement: EXPLAIN EXECUTE map_identity(1)
	;
2026-09-03 17:04:41.384 CST [110174] 006_map_plan.pl LOG:  statement: SELECT pg_get_functiondef('ai_semantic.map(text,text,jsonb)'::regprocedure);
2026-09-03 17:04:41.395 CST [110176] 006_map_plan.pl LOG:  statement: CREATE TABLE map_target(id integer, generated text)
2026-09-03 17:04:41.406 CST [110178] 006_map_plan.pl LOG:  statement: EXPLAIN INSERT INTO map_target SELECT id, ai_semantic.map(body, 'Echo the input.', '{"model":"golden-map-v1","temperature":0,"max_tokens":128}'::jsonb) AS generated FROM ONLY map_inputs
2026-09-03 17:04:41.417 CST [110180] 006_map_plan.pl LOG:  statement: SELECT map_test_capture($sql$INSERT INTO map_target SELECT id, ai_semantic.map(body, 'Echo the input.', '{"model":"golden-map-v1","temperature":0,"max_tokens":128}'::jsonb) AS generated FROM ONLY map_inputs$sql$)
2026-09-03 17:04:41.428 CST [110182] 006_map_plan.pl LOG:  statement: SELECT count(*) FROM map_target
2026-09-03 17:04:41.438 CST [110184] 006_map_plan.pl LOG:  statement: SET plan_cache_mode=force_custom_plan;
2026-09-03 17:04:41.438 CST [110184] 006_map_plan.pl LOG:  statement: PREPARE map_insert(text) AS INSERT INTO map_target SELECT id, ai_semantic.map(body, $1, '{"model":"golden-map-v1","temperature":0,"max_tokens":128}'::jsonb) FROM ONLY map_inputs;
2026-09-03 17:04:41.438 CST [110184] 006_map_plan.pl LOG:  statement: EXPLAIN EXECUTE map_insert('Echo the input.');
2026-09-03 17:04:41.438 CST [110184] 006_map_plan.pl ERROR:  SemMap instruction and options must be fixed immutable constants
2026-09-03 17:04:41.438 CST [110184] 006_map_plan.pl STATEMENT:  EXPLAIN EXECUTE map_insert('Echo the input.');
2026-09-03 17:04:41.447 CST [110186] 006_map_plan.pl LOG:  statement: SET plan_cache_mode=force_custom_plan;
2026-09-03 17:04:41.447 CST [110186] 006_map_plan.pl LOG:  statement: PREPARE map_insert(jsonb) AS INSERT INTO map_target SELECT id, ai_semantic.map(body, 'Echo the input.', $1) FROM ONLY map_inputs;
2026-09-03 17:04:41.447 CST [110186] 006_map_plan.pl LOG:  statement: EXPLAIN EXECUTE map_insert('{"model":"golden-map-v1","temperature":0,"max_tokens":128}'::jsonb);
2026-09-03 17:04:41.447 CST [110186] 006_map_plan.pl ERROR:  SemMap instruction and options must be fixed immutable constants
2026-09-03 17:04:41.447 CST [110186] 006_map_plan.pl STATEMENT:  EXPLAIN EXECUTE map_insert('{"model":"golden-map-v1","temperature":0,"max_tokens":128}'::jsonb);
2026-09-03 17:04:41.457 CST [110188] 006_map_plan.pl LOG:  statement: SET plan_cache_mode=force_generic_plan;
2026-09-03 17:04:41.457 CST [110188] 006_map_plan.pl LOG:  statement: PREPARE map_insert(text) AS INSERT INTO map_target SELECT id, ai_semantic.map(body, $1, '{"model":"golden-map-v1","temperature":0,"max_tokens":128}'::jsonb) FROM ONLY map_inputs;
2026-09-03 17:04:41.458 CST [110188] 006_map_plan.pl LOG:  statement: EXPLAIN EXECUTE map_insert('Echo the input.');
2026-09-03 17:04:41.458 CST [110188] 006_map_plan.pl ERROR:  SemMap instruction and options must be fixed immutable constants
2026-09-03 17:04:41.458 CST [110188] 006_map_plan.pl STATEMENT:  EXPLAIN EXECUTE map_insert('Echo the input.');
2026-09-03 17:04:41.466 CST [110190] 006_map_plan.pl LOG:  statement: SET plan_cache_mode=force_generic_plan;
2026-09-03 17:04:41.466 CST [110190] 006_map_plan.pl LOG:  statement: PREPARE map_insert(jsonb) AS INSERT INTO map_target SELECT id, ai_semantic.map(body, 'Echo the input.', $1) FROM ONLY map_inputs;
2026-09-03 17:04:41.466 CST [110190] 006_map_plan.pl LOG:  statement: EXPLAIN EXECUTE map_insert('{"model":"golden-map-v1","temperature":0,"max_tokens":128}'::jsonb);
2026-09-03 17:04:41.466 CST [110190] 006_map_plan.pl ERROR:  SemMap instruction and options must be fixed immutable constants
2026-09-03 17:04:41.466 CST [110190] 006_map_plan.pl STATEMENT:  EXPLAIN EXECUTE map_insert('{"model":"golden-map-v1","temperature":0,"max_tokens":128}'::jsonb);
2026-09-03 17:04:41.478 CST [110192] 006_map_plan.pl LOG:  statement: EXPLAIN SELECT CASE WHEN true THEN ai_semantic.map(body, 'Echo the input.', '{"model":"golden-map-v1","temperature":0,"max_tokens":128}'::jsonb) ELSE '' END FROM ONLY map_inputs;
2026-09-03 17:04:41.478 CST [110192] 006_map_plan.pl ERROR:  ai_semantic.map is only supported as a top-level output expression
2026-09-03 17:04:41.478 CST [110192] 006_map_plan.pl STATEMENT:  EXPLAIN SELECT CASE WHEN true THEN ai_semantic.map(body, 'Echo the input.', '{"model":"golden-map-v1","temperature":0,"max_tokens":128}'::jsonb) ELSE '' END FROM ONLY map_inputs;
2026-09-03 17:04:41.489 CST [110194] 006_map_plan.pl LOG:  statement: EXPLAIN SELECT id FROM ONLY map_inputs WHERE ai_semantic.map(body, 'Echo the input.', '{"model":"golden-map-v1","temperature":0,"max_tokens":128}'::jsonb) = 'hello';
2026-09-03 17:04:41.489 CST [110194] 006_map_plan.pl ERROR:  ai_semantic.map is only supported as a top-level output expression
2026-09-03 17:04:41.489 CST [110194] 006_map_plan.pl STATEMENT:  EXPLAIN SELECT id FROM ONLY map_inputs WHERE ai_semantic.map(body, 'Echo the input.', '{"model":"golden-map-v1","temperature":0,"max_tokens":128}'::jsonb) = 'hello';
2026-09-03 17:04:41.499 CST [110196] 006_map_plan.pl LOG:  statement: EXPLAIN SELECT id, ai_semantic.map(body, 'Echo the input.', '{"model":"golden-map-v1","temperature":0,"max_tokens":128}'::jsonb) AS generated FROM ONLY map_inputs WHERE ai_semantic.filter(body);
2026-09-03 17:04:41.499 CST [110196] 006_map_plan.pl ERROR:  SemMap and SemFilter cannot be combined in the current capability
2026-09-03 17:04:41.499 CST [110196] 006_map_plan.pl STATEMENT:  EXPLAIN SELECT id, ai_semantic.map(body, 'Echo the input.', '{"model":"golden-map-v1","temperature":0,"max_tokens":128}'::jsonb) AS generated FROM ONLY map_inputs WHERE ai_semantic.filter(body);
2026-09-03 17:04:41.508 CST [110198] 006_map_plan.pl LOG:  statement: EXPLAIN SELECT ai_semantic.map((SELECT 'hello'::text), 'Echo the input.', '{"model":"golden-map-v1","temperature":0,"max_tokens":128}'::jsonb) FROM ONLY map_inputs;
2026-09-03 17:04:41.508 CST [110198] 006_map_plan.pl ERROR:  query shape is outside the current SemMap capability
2026-09-03 17:04:41.508 CST [110198] 006_map_plan.pl DETAIL:  Only a single-table SELECT or INSERT ... SELECT with ordinary filters, projections, and LIMIT is supported.
2026-09-03 17:04:41.508 CST [110198] 006_map_plan.pl STATEMENT:  EXPLAIN SELECT ai_semantic.map((SELECT 'hello'::text), 'Echo the input.', '{"model":"golden-map-v1","temperature":0,"max_tokens":128}'::jsonb) FROM ONLY map_inputs;
2026-09-03 17:04:41.516 CST [110200] 006_map_plan.pl LOG:  statement: EXPLAIN SELECT id, ai_semantic.map(body, 'Echo the input.', '{"model":"golden-map-v1","temperature":0,"max_tokens":128}'::jsonb) AS generated FROM ONLY map_inputs WHERE id = (SELECT 1);
2026-09-03 17:04:41.517 CST [110200] 006_map_plan.pl ERROR:  query shape is outside the current SemMap capability
2026-09-03 17:04:41.517 CST [110200] 006_map_plan.pl DETAIL:  Only a single-table SELECT or INSERT ... SELECT with ordinary filters, projections, and LIMIT is supported.
2026-09-03 17:04:41.517 CST [110200] 006_map_plan.pl STATEMENT:  EXPLAIN SELECT id, ai_semantic.map(body, 'Echo the input.', '{"model":"golden-map-v1","temperature":0,"max_tokens":128}'::jsonb) AS generated FROM ONLY map_inputs WHERE id = (SELECT 1);
2026-09-03 17:04:41.524 CST [110202] 006_map_plan.pl LOG:  statement: EXPLAIN SELECT id, ai_semantic.map(body, 'Echo the input.', '{"model":"golden-map-v1","temperature":0,"max_tokens":128}'::jsonb) AS generated FROM ONLY map_inputs ORDER BY id;
2026-09-03 17:04:41.525 CST [110202] 006_map_plan.pl ERROR:  query shape is outside the current SemMap capability
2026-09-03 17:04:41.525 CST [110202] 006_map_plan.pl DETAIL:  Only a single-table SELECT or INSERT ... SELECT with ordinary filters, projections, and LIMIT is supported.
2026-09-03 17:04:41.525 CST [110202] 006_map_plan.pl STATEMENT:  EXPLAIN SELECT id, ai_semantic.map(body, 'Echo the input.', '{"model":"golden-map-v1","temperature":0,"max_tokens":128}'::jsonb) AS generated FROM ONLY map_inputs ORDER BY id;
2026-09-03 17:04:41.534 CST [110204] 006_map_plan.pl LOG:  statement: EXPLAIN SELECT DISTINCT ai_semantic.map(body, 'Echo the input.', '{"model":"golden-map-v1","temperature":0,"max_tokens":128}'::jsonb) FROM ONLY map_inputs;
2026-09-03 17:04:41.534 CST [110204] 006_map_plan.pl ERROR:  query shape is outside the current SemMap capability
2026-09-03 17:04:41.534 CST [110204] 006_map_plan.pl DETAIL:  Only a single-table SELECT or INSERT ... SELECT with ordinary filters, projections, and LIMIT is supported.
2026-09-03 17:04:41.534 CST [110204] 006_map_plan.pl STATEMENT:  EXPLAIN SELECT DISTINCT ai_semantic.map(body, 'Echo the input.', '{"model":"golden-map-v1","temperature":0,"max_tokens":128}'::jsonb) FROM ONLY map_inputs;
2026-09-03 17:04:41.543 CST [110206] 006_map_plan.pl LOG:  statement: EXPLAIN SELECT id, ai_semantic.map(body, 'Echo the input.', '{"model":"golden-map-v1","temperature":0,"max_tokens":128}'::jsonb) AS generated FROM ONLY map_inputs JOIN ONLY map_target USING(id);
2026-09-03 17:04:41.544 CST [110206] 006_map_plan.pl ERROR:  the SemMap capability requires exactly one base relation
2026-09-03 17:04:41.544 CST [110206] 006_map_plan.pl STATEMENT:  EXPLAIN SELECT id, ai_semantic.map(body, 'Echo the input.', '{"model":"golden-map-v1","temperature":0,"max_tokens":128}'::jsonb) AS generated FROM ONLY map_inputs JOIN ONLY map_target USING(id);
2026-09-03 17:04:41.552 CST [110208] 006_map_plan.pl LOG:  statement: EXPLAIN INSERT INTO map_target SELECT id, ai_semantic.map(body, 'Echo the input.', '{"model":"golden-map-v1","temperature":0,"max_tokens":128}'::jsonb) AS generated FROM ONLY map_inputs RETURNING id;
2026-09-03 17:04:41.552 CST [110208] 006_map_plan.pl ERROR:  INSERT shape is outside the current SemMap capability
2026-09-03 17:04:41.552 CST [110208] 006_map_plan.pl DETAIL:  ON CONFLICT, RETURNING, and OVERRIDING are not supported.
2026-09-03 17:04:41.552 CST [110208] 006_map_plan.pl STATEMENT:  EXPLAIN INSERT INTO map_target SELECT id, ai_semantic.map(body, 'Echo the input.', '{"model":"golden-map-v1","temperature":0,"max_tokens":128}'::jsonb) AS generated FROM ONLY map_inputs RETURNING id;
2026-09-03 17:04:41.560 CST [110210] 006_map_plan.pl LOG:  statement: EXPLAIN INSERT INTO map_target SELECT id, ai_semantic.map(body, 'Echo the input.', '{"model":"golden-map-v1","temperature":0,"max_tokens":128}'::jsonb) AS generated FROM ONLY map_inputs ON CONFLICT DO NOTHING;
2026-09-03 17:04:41.561 CST [110210] 006_map_plan.pl ERROR:  INSERT shape is outside the current SemMap capability
2026-09-03 17:04:41.561 CST [110210] 006_map_plan.pl DETAIL:  ON CONFLICT, RETURNING, and OVERRIDING are not supported.
2026-09-03 17:04:41.561 CST [110210] 006_map_plan.pl STATEMENT:  EXPLAIN INSERT INTO map_target SELECT id, ai_semantic.map(body, 'Echo the input.', '{"model":"golden-map-v1","temperature":0,"max_tokens":128}'::jsonb) AS generated FROM ONLY map_inputs ON CONFLICT DO NOTHING;
2026-09-03 17:04:41.570 CST [110212] 006_map_plan.pl LOG:  statement: EXPLAIN INSERT INTO map_target OVERRIDING SYSTEM VALUE SELECT id, ai_semantic.map(body, 'Echo the input.', '{"model":"golden-map-v1","temperature":0,"max_tokens":128}'::jsonb) AS generated FROM ONLY map_inputs;
2026-09-03 17:04:41.570 CST [110212] 006_map_plan.pl ERROR:  INSERT shape is outside the current SemMap capability
2026-09-03 17:04:41.570 CST [110212] 006_map_plan.pl DETAIL:  ON CONFLICT, RETURNING, and OVERRIDING are not supported.
2026-09-03 17:04:41.570 CST [110212] 006_map_plan.pl STATEMENT:  EXPLAIN INSERT INTO map_target OVERRIDING SYSTEM VALUE SELECT id, ai_semantic.map(body, 'Echo the input.', '{"model":"golden-map-v1","temperature":0,"max_tokens":128}'::jsonb) AS generated FROM ONLY map_inputs;
2026-09-03 17:04:41.578 CST [109891] LOG:  received fast shutdown request
2026-09-03 17:04:41.578 CST [109891] LOG:  aborting any active transactions
2026-09-03 17:04:41.580 CST [109891] LOG:  background worker "logical replication launcher" (PID 109900) exited with exit code 1
2026-09-03 17:04:41.581 CST [109895] LOG:  shutting down
2026-09-03 17:04:41.581 CST [109895] LOG:  checkpoint starting: shutdown immediate
2026-09-03 17:04:41.595 CST [109895] LOG:  checkpoint complete: wrote 998 buffers (6.1%), wrote 3 SLRU buffers; 0 WAL file(s) added, 0 removed, 0 recycled; write=0.013 s, sync=0.001 s, total=0.014 s; sync files=0, longest=0.000 s, average=0.000 s; distance=7746 kB, estimate=7746 kB; lsn=0/1E7DF18, redo lsn=0/1E7DF18
2026-09-03 17:04:41.606 CST [109891] LOG:  database system is shut down
