echo "# +++ tap install-check in  +++" && rm -rf '<test-worktree>/code/postgres/semloom_pg'/tmp_check && /usr/bin/mkdir -p '<test-worktree>/code/postgres/semloom_pg'/tmp_check && cd ./ && TESTLOGDIR='<test-worktree>/code/postgres/semloom_pg/tmp_check/log' TESTDATADIR='<test-worktree>/code/postgres/semloom_pg/tmp_check' PATH="<pg18.3-prefix>/bin:<test-worktree>/code/postgres/semloom_pg:$PATH" PGPORT='65432' PG_REGRESS='<pg18.3-prefix>/lib/pgxs/src/makefiles/../../src/test/regress/pg_regress' /usr/bin/prove -I <pg18.3-prefix>/lib/pgxs/src/makefiles/../../src/test/perl/ -I ./  t/003_choice_execution.pl
# +++ tap install-check in  +++

#   Failed test 'choice executes through PostgreSQL and golden wire v4'
#   at t/003_choice_execution.pl line 41.
#          got: '3'
#     expected: '0'
# psql:<stdin>:3: ERROR:  SemFilter choice execution requires wire v4, which is not implemented

#   Failed test 'choice preserves the TRUE row and drops SQL NULL'
#   at t/003_choice_execution.pl line 42.
#          got: ''
#     expected: '1'
# Looks like you failed 2 tests of 3.
t/003_choice_execution.pl ..
Dubious, test returned 2 (wstat 512, 0x200)
Failed 2/3 subtests

Test Summary Report
-------------------
t/003_choice_execution.pl (Wstat: 512 Tests: 3 Failed: 2)
  Failed tests:  2-3
  Non-zero exit status: 2
Files=1, Tests=3,  1 wallclock secs ( 0.02 usr  0.00 sys +  0.62 cusr  0.24 csys =  0.88 CPU)
Result: FAIL
make: *** [<pg18.3-prefix>/lib/pgxs/src/makefiles/pgxs.mk:439: installcheck] Error 1
