2026-09-03 10:57:47.459 CST [88336] LOG:  starting PostgreSQL 18.3 on x86_64-pc-linux-gnu, compiled by gcc (Ubuntu 11.4.0-1ubuntu1~22.04.3) 11.4.0, 64-bit
2026-09-03 10:57:47.459 CST [88336] LOG:  listening on Unix socket "/tmp/ESI8t6QZuZ/.s.PGSQL.14698"
2026-09-03 10:57:47.461 CST [88342] LOG:  database system was shut down at 2026-09-03 10:57:47 CST
2026-09-03 10:57:47.464 CST [88336] LOG:  database system is ready to accept connections
2026-09-03 10:57:47.561 CST [88347] 004_filter_insert.pl LOG:  statement: CREATE EXTENSION semloom_pg;
2026-09-03 10:57:47.563 CST [88347] 004_filter_insert.pl LOG:  statement: CREATE TABLE filter_source(id integer, decision text);
2026-09-03 10:57:47.565 CST [88347] 004_filter_insert.pl LOG:  statement: INSERT INTO filter_source VALUES
	    (1,'true'), (2,'false'), (3,'unknown'), (4,NULL), (5,'true');
2026-09-03 10:57:47.565 CST [88347] 004_filter_insert.pl LOG:  statement: CREATE TABLE filter_sink(id integer);
2026-09-03 10:57:47.577 CST [88349] 004_filter_insert.pl LOG:  statement: EXPLAIN (COSTS OFF) INSERT INTO filter_sink
	SELECT id + 10 FROM filter_source WHERE id > 1 AND ai_semantic.filter(decision)
2026-09-03 10:57:47.587 CST [88351] 004_filter_insert.pl LOG:  statement: INSERT INTO filter_sink
	SELECT id + 10 FROM filter_source WHERE id > 1 AND ai_semantic.filter(decision)
2026-09-03 10:57:47.597 CST [88353] 004_filter_insert.pl LOG:  statement: SELECT id FROM filter_sink ORDER BY id
2026-09-03 10:57:47.607 CST [88355] 004_filter_insert.pl LOG:  statement: TRUNCATE filter_sink;
2026-09-03 10:57:47.609 CST [88355] 004_filter_insert.pl LOG:  statement: INSERT INTO filter_source VALUES (6,'true'), (7,'bad');
2026-09-03 10:57:47.609 CST [88355] 004_filter_insert.pl LOG:  statement: CREATE TABLE checked_sink(id integer CHECK(id < 6));
2026-09-03 10:57:47.618 CST [88357] 004_filter_insert.pl LOG:  statement: EXPLAIN (FORMAT JSON) SELECT id FROM filter_source WHERE id < 7 AND ai_semantic.filter(decision)
2026-09-03 10:57:47.628 CST [88359] 004_filter_insert.pl LOG:  statement: EXPLAIN (FORMAT JSON) INSERT INTO filter_sink SELECT id FROM filter_source WHERE id < 7 AND ai_semantic.filter(decision)
2026-09-03 10:57:47.644 CST [88361] 004_filter_insert.pl LOG:  statement: SET statement_timeout='5s';
2026-09-03 10:57:47.644 CST [88361] 004_filter_insert.pl LOG:  statement: SET semloom_pg.gateway_socket='';
2026-09-03 10:57:47.645 CST [88361] 004_filter_insert.pl LOG:  statement: INSERT INTO filter_sink SELECT id FROM filter_source WHERE id < 7 AND ai_semantic.filter(decision);
2026-09-03 10:57:47.648 CST [88361] 004_filter_insert.pl LOG:  statement: SELECT id FROM filter_sink ORDER BY id;
2026-09-03 10:57:47.660 CST [88363] 004_filter_insert.pl LOG:  statement: TRUNCATE filter_sink
2026-09-03 10:57:47.670 CST [88365] 004_filter_insert.pl LOG:  statement: SET statement_timeout='5s';
2026-09-03 10:57:47.670 CST [88365] 004_filter_insert.pl LOG:  statement: SET semloom_pg.gateway_socket='';
2026-09-03 10:57:47.670 CST [88365] 004_filter_insert.pl LOG:  statement: BEGIN;
2026-09-03 10:57:47.670 CST [88365] 004_filter_insert.pl LOG:  statement: EXPLAIN (ANALYZE, FORMAT JSON) INSERT INTO filter_sink SELECT id FROM filter_source WHERE id < 7 AND ai_semantic.filter(decision);
2026-09-03 10:57:47.671 CST [88365] 004_filter_insert.pl LOG:  statement: ROLLBACK;
2026-09-03 10:57:47.686 CST [88367] 004_filter_insert.pl LOG:  statement: SET statement_timeout='5s';
2026-09-03 10:57:47.686 CST [88367] 004_filter_insert.pl LOG:  statement: SET semloom_pg.gateway_socket='';
2026-09-03 10:57:47.687 CST [88367] 004_filter_insert.pl LOG:  statement: BEGIN;
2026-09-03 10:57:47.687 CST [88367] 004_filter_insert.pl LOG:  statement: INSERT INTO filter_sink SELECT id+10 FROM filter_source WHERE id>1 AND id<7 AND ai_semantic.filter(decision) ORDER BY id DESC LIMIT 1;
2026-09-03 10:57:47.688 CST [88367] 004_filter_insert.pl LOG:  statement: SELECT id FROM filter_sink;
2026-09-03 10:57:47.688 CST [88367] 004_filter_insert.pl LOG:  statement: ROLLBACK;
2026-09-03 10:57:47.688 CST [88367] 004_filter_insert.pl LOG:  statement: SELECT count(*) FROM filter_sink;
2026-09-03 10:57:47.697 CST [88369] 004_filter_insert.pl LOG:  statement: SET statement_timeout='5s';
2026-09-03 10:57:47.697 CST [88369] 004_filter_insert.pl LOG:  statement: SET semloom_pg.gateway_socket='';
2026-09-03 10:57:47.697 CST [88369] 004_filter_insert.pl LOG:  statement: SET plan_cache_mode=force_generic_plan;
2026-09-03 10:57:47.697 CST [88369] 004_filter_insert.pl LOG:  statement: PREPARE filtered_insert(integer) AS INSERT INTO filter_sink SELECT id FROM filter_source WHERE id=$1 AND ai_semantic.filter(decision);
2026-09-03 10:57:47.697 CST [88369] 004_filter_insert.pl LOG:  statement: EXECUTE filtered_insert(1);
2026-09-03 10:57:47.697 CST [88369] 004_filter_insert.pl DETAIL:  prepare: PREPARE filtered_insert(integer) AS INSERT INTO filter_sink SELECT id FROM filter_source WHERE id=$1 AND ai_semantic.filter(decision);
2026-09-03 10:57:47.698 CST [88369] 004_filter_insert.pl LOG:  statement: ALTER TABLE filter_source ADD COLUMN spare integer;
2026-09-03 10:57:47.699 CST [88369] 004_filter_insert.pl LOG:  statement: EXECUTE filtered_insert(5);
2026-09-03 10:57:47.699 CST [88369] 004_filter_insert.pl DETAIL:  prepare: PREPARE filtered_insert(integer) AS INSERT INTO filter_sink SELECT id FROM filter_source WHERE id=$1 AND ai_semantic.filter(decision);
2026-09-03 10:57:47.699 CST [88369] 004_filter_insert.pl LOG:  statement: DEALLOCATE filtered_insert;
2026-09-03 10:57:47.699 CST [88369] 004_filter_insert.pl LOG:  statement: SELECT id FROM filter_sink ORDER BY id;
2026-09-03 10:57:47.700 CST [88369] 004_filter_insert.pl LOG:  statement: ALTER TABLE filter_source DROP COLUMN spare;
2026-09-03 10:57:47.711 CST [88371] 004_filter_insert.pl LOG:  statement: TRUNCATE filter_sink
2026-09-03 10:57:47.721 CST [88373] 004_filter_insert.pl LOG:  statement: SET statement_timeout='5s';
2026-09-03 10:57:47.721 CST [88373] 004_filter_insert.pl LOG:  statement: SET semloom_pg.gateway_socket='';
2026-09-03 10:57:47.721 CST [88373] 004_filter_insert.pl LOG:  statement: BEGIN;
2026-09-03 10:57:47.721 CST [88373] 004_filter_insert.pl LOG:  statement: SAVEPOINT before_failure;
2026-09-03 10:57:47.721 CST [88373] 004_filter_insert.pl LOG:  statement: INSERT INTO filter_sink SELECT id FROM filter_source WHERE id>=6 AND ai_semantic.filter(decision);
2026-09-03 10:57:47.722 CST [88373] 004_filter_insert.pl ERROR:  SemFilter provider completion must be true, false, or unknown
2026-09-03 10:57:47.722 CST [88373] 004_filter_insert.pl STATEMENT:  INSERT INTO filter_sink SELECT id FROM filter_source WHERE id>=6 AND ai_semantic.filter(decision);
2026-09-03 10:57:47.722 CST [88373] 004_filter_insert.pl LOG:  statement: ROLLBACK TO SAVEPOINT before_failure;
2026-09-03 10:57:47.722 CST [88373] 004_filter_insert.pl LOG:  statement: INSERT INTO filter_sink SELECT id FROM filter_source WHERE id=1 AND ai_semantic.filter(decision);
2026-09-03 10:57:47.722 CST [88373] 004_filter_insert.pl LOG:  statement: COMMIT;
2026-09-03 10:57:47.722 CST [88373] 004_filter_insert.pl LOG:  statement: SELECT id FROM filter_sink;
2026-09-03 10:57:47.732 CST [88375] 004_filter_insert.pl LOG:  statement: TRUNCATE filter_sink
2026-09-03 10:57:47.742 CST [88377] 004_filter_insert.pl LOG:  statement: SET statement_timeout='5s';
2026-09-03 10:57:47.742 CST [88377] 004_filter_insert.pl LOG:  statement: SET semloom_pg.gateway_socket='';
2026-09-03 10:57:47.742 CST [88377] 004_filter_insert.pl LOG:  statement: INSERT INTO checked_sink SELECT id FROM filter_source WHERE id < 7 AND ai_semantic.filter(decision);
2026-09-03 10:57:47.743 CST [88377] 004_filter_insert.pl ERROR:  new row for relation "checked_sink" violates check constraint "checked_sink_id_check"
2026-09-03 10:57:47.743 CST [88377] 004_filter_insert.pl DETAIL:  Failing row contains (6).
2026-09-03 10:57:47.743 CST [88377] 004_filter_insert.pl STATEMENT:  INSERT INTO checked_sink SELECT id FROM filter_source WHERE id < 7 AND ai_semantic.filter(decision);
2026-09-03 10:57:47.751 CST [88379] 004_filter_insert.pl LOG:  statement: SELECT count(*) FROM checked_sink
2026-09-03 10:57:47.760 CST [88381] 004_filter_insert.pl LOG:  statement: SET semloom_pg.gateway_socket='/tmp/ESI8t6QZuZ/insert.sock';
2026-09-03 10:57:47.760 CST [88381] 004_filter_insert.pl LOG:  statement: INSERT INTO filter_sink SELECT id FROM filter_source WHERE id<0 AND ai_semantic.filter(decision);
2026-09-03 10:57:47.770 CST [88383] 004_filter_insert.pl LOG:  statement: SET semloom_pg.gateway_socket='/tmp/ESI8t6QZuZ/insert.sock';
2026-09-03 10:57:47.770 CST [88383] 004_filter_insert.pl LOG:  statement: INSERT INTO filter_sink SELECT id FROM filter_source WHERE decision IS NULL AND ai_semantic.filter(decision);
2026-09-03 10:57:47.783 CST [88385] 004_filter_insert.pl LOG:  statement: SET semloom_pg.gateway_socket='/tmp/ESI8t6QZuZ/insert.sock';
2026-09-03 10:57:47.784 CST [88385] 004_filter_insert.pl LOG:  statement: INSERT INTO filter_sink SELECT id FROM filter_source WHERE ai_semantic.filter(decision) AND id<7 LIMIT 0;
2026-09-03 10:57:47.793 CST [88387] 004_filter_insert.pl LOG:  statement: SELECT count(*) FROM filter_sink
2026-09-03 10:57:47.803 CST [88389] 004_filter_insert.pl LOG:  statement: SET semloom_pg.gateway_socket='/tmp/ESI8t6QZuZ/insert.sock';
2026-09-03 10:57:47.803 CST [88389] 004_filter_insert.pl LOG:  statement: INSERT INTO filter_sink SELECT id FROM filter_source WHERE id < 7 AND ai_semantic.filter(decision)  RETURNING id;
2026-09-03 10:57:47.803 CST [88389] 004_filter_insert.pl ERROR:  INSERT shape is outside the current SemFilter capability
2026-09-03 10:57:47.803 CST [88389] 004_filter_insert.pl DETAIL:  ON CONFLICT, RETURNING, and OVERRIDING are not supported.
2026-09-03 10:57:47.803 CST [88389] 004_filter_insert.pl STATEMENT:  INSERT INTO filter_sink SELECT id FROM filter_source WHERE id < 7 AND ai_semantic.filter(decision)  RETURNING id;
2026-09-03 10:57:47.812 CST [88391] 004_filter_insert.pl LOG:  statement: SET semloom_pg.gateway_socket='/tmp/ESI8t6QZuZ/insert.sock';
2026-09-03 10:57:47.812 CST [88391] 004_filter_insert.pl LOG:  statement: INSERT INTO filter_sink SELECT id FROM filter_source WHERE id < 7 AND ai_semantic.filter(decision) LIMIT 1 RETURNING id;
2026-09-03 10:57:47.813 CST [88391] 004_filter_insert.pl ERROR:  INSERT shape is outside the current SemFilter capability
2026-09-03 10:57:47.813 CST [88391] 004_filter_insert.pl DETAIL:  ON CONFLICT, RETURNING, and OVERRIDING are not supported.
2026-09-03 10:57:47.813 CST [88391] 004_filter_insert.pl STATEMENT:  INSERT INTO filter_sink SELECT id FROM filter_source WHERE id < 7 AND ai_semantic.filter(decision) LIMIT 1 RETURNING id;
2026-09-03 10:57:47.821 CST [88393] 004_filter_insert.pl LOG:  statement: SET semloom_pg.gateway_socket='/tmp/ESI8t6QZuZ/insert.sock';
2026-09-03 10:57:47.822 CST [88393] 004_filter_insert.pl LOG:  statement: INSERT INTO filter_sink SELECT id FROM filter_source WHERE id < 7 AND ai_semantic.filter(decision)  ON CONFLICT DO NOTHING;
2026-09-03 10:57:47.822 CST [88393] 004_filter_insert.pl ERROR:  INSERT shape is outside the current SemFilter capability
2026-09-03 10:57:47.822 CST [88393] 004_filter_insert.pl DETAIL:  ON CONFLICT, RETURNING, and OVERRIDING are not supported.
2026-09-03 10:57:47.822 CST [88393] 004_filter_insert.pl STATEMENT:  INSERT INTO filter_sink SELECT id FROM filter_source WHERE id < 7 AND ai_semantic.filter(decision)  ON CONFLICT DO NOTHING;
2026-09-03 10:57:47.836 CST [88395] 004_filter_insert.pl LOG:  statement: SET semloom_pg.gateway_socket='/tmp/ESI8t6QZuZ/insert.sock';
2026-09-03 10:57:47.836 CST [88395] 004_filter_insert.pl LOG:  statement: INSERT INTO filter_sink SELECT id FROM filter_source WHERE id < 7 AND ai_semantic.filter(decision) LIMIT 1 ON CONFLICT DO NOTHING;
2026-09-03 10:57:47.836 CST [88395] 004_filter_insert.pl ERROR:  INSERT shape is outside the current SemFilter capability
2026-09-03 10:57:47.836 CST [88395] 004_filter_insert.pl DETAIL:  ON CONFLICT, RETURNING, and OVERRIDING are not supported.
2026-09-03 10:57:47.836 CST [88395] 004_filter_insert.pl STATEMENT:  INSERT INTO filter_sink SELECT id FROM filter_source WHERE id < 7 AND ai_semantic.filter(decision) LIMIT 1 ON CONFLICT DO NOTHING;
2026-09-03 10:57:47.846 CST [88397] 004_filter_insert.pl LOG:  statement: SET semloom_pg.gateway_socket='/tmp/ESI8t6QZuZ/insert.sock';
2026-09-03 10:57:47.846 CST [88397] 004_filter_insert.pl LOG:  statement: EXPLAIN INSERT INTO filter_sink OVERRIDING SYSTEM VALUE SELECT id FROM filter_source WHERE id < 7 AND ai_semantic.filter(decision);
2026-09-03 10:57:47.847 CST [88397] 004_filter_insert.pl ERROR:  INSERT shape is outside the current SemFilter capability
2026-09-03 10:57:47.847 CST [88397] 004_filter_insert.pl DETAIL:  ON CONFLICT, RETURNING, and OVERRIDING are not supported.
2026-09-03 10:57:47.847 CST [88397] 004_filter_insert.pl STATEMENT:  EXPLAIN INSERT INTO filter_sink OVERRIDING SYSTEM VALUE SELECT id FROM filter_source WHERE id < 7 AND ai_semantic.filter(decision);
2026-09-03 10:57:47.859 CST [88399] 004_filter_insert.pl LOG:  statement: SET semloom_pg.gateway_socket='/tmp/ESI8t6QZuZ/insert.sock';
2026-09-03 10:57:47.859 CST [88399] 004_filter_insert.pl LOG:  statement: EXPLAIN INSERT INTO filter_sink SELECT a.id FROM filter_source a JOIN filter_sink b ON a.id=b.id WHERE ai_semantic.filter(decision);
2026-09-03 10:57:47.859 CST [88399] 004_filter_insert.pl ERROR:  the SemFilter capability requires one non-inherited table
2026-09-03 10:57:47.859 CST [88399] 004_filter_insert.pl STATEMENT:  EXPLAIN INSERT INTO filter_sink SELECT a.id FROM filter_source a JOIN filter_sink b ON a.id=b.id WHERE ai_semantic.filter(decision);
2026-09-03 10:57:47.868 CST [88401] 004_filter_insert.pl LOG:  statement: SET semloom_pg.gateway_socket='/tmp/ESI8t6QZuZ/insert.sock';
2026-09-03 10:57:47.869 CST [88401] 004_filter_insert.pl LOG:  statement: EXPLAIN INSERT INTO filter_sink SELECT count(*) FROM filter_source WHERE ai_semantic.filter(decision);
2026-09-03 10:57:47.869 CST [88401] 004_filter_insert.pl ERROR:  query shape is outside the current SemFilter capability
2026-09-03 10:57:47.869 CST [88401] 004_filter_insert.pl DETAIL:  Only a single-table SELECT or INSERT ... SELECT with ordinary filters, projections, ORDER BY, and LIMIT is supported.
2026-09-03 10:57:47.869 CST [88401] 004_filter_insert.pl STATEMENT:  EXPLAIN INSERT INTO filter_sink SELECT count(*) FROM filter_source WHERE ai_semantic.filter(decision);
2026-09-03 10:57:47.879 CST [88403] 004_filter_insert.pl LOG:  statement: EXPLAIN (FORMAT JSON) SELECT id FROM filter_source WHERE id < 7 AND ai_semantic.filter(decision, 'Classify input.', '{"model":"golden-model-v1","temperature":0,"max_tokens":8}'::jsonb)
2026-09-03 10:57:47.888 CST [88405] 004_filter_insert.pl LOG:  statement: EXPLAIN (FORMAT JSON) INSERT INTO filter_sink SELECT id FROM filter_source WHERE id < 7 AND ai_semantic.filter(decision, 'Classify input.', '{"model":"golden-model-v1","temperature":0,"max_tokens":8}'::jsonb)
2026-09-03 10:57:47.996 CST [88408] 004_filter_insert.pl LOG:  statement: SET statement_timeout='5s';
2026-09-03 10:57:47.997 CST [88408] 004_filter_insert.pl LOG:  statement: SET semloom_pg.gateway_socket='/tmp/ESI8t6QZuZ/insert.sock';
2026-09-03 10:57:47.997 CST [88408] 004_filter_insert.pl LOG:  statement: INSERT INTO filter_sink SELECT id FROM filter_source WHERE id < 7 AND ai_semantic.filter(decision, 'Classify input.', '{"model":"golden-model-v1","temperature":0,"max_tokens":8}'::jsonb);
2026-09-03 10:57:48.001 CST [88408] 004_filter_insert.pl LOG:  statement: SELECT id FROM filter_sink ORDER BY id;
2026-09-03 10:57:48.026 CST [88410] 004_filter_insert.pl LOG:  statement: TRUNCATE filter_sink
2026-09-03 10:57:48.132 CST [88413] 004_filter_insert.pl LOG:  statement: SET statement_timeout='5s';
2026-09-03 10:57:48.132 CST [88413] 004_filter_insert.pl LOG:  statement: SET semloom_pg.gateway_socket='/tmp/ESI8t6QZuZ/insert.sock';
2026-09-03 10:57:48.132 CST [88413] 004_filter_insert.pl LOG:  statement: BEGIN;
2026-09-03 10:57:48.132 CST [88413] 004_filter_insert.pl LOG:  statement: EXPLAIN (ANALYZE, FORMAT JSON) INSERT INTO filter_sink SELECT id FROM filter_source WHERE id < 7 AND ai_semantic.filter(decision, 'Classify input.', '{"model":"golden-model-v1","temperature":0,"max_tokens":8}'::jsonb);
2026-09-03 10:57:48.137 CST [88413] 004_filter_insert.pl LOG:  statement: ROLLBACK;
2026-09-03 10:57:48.261 CST [88416] 004_filter_insert.pl LOG:  statement: SET statement_timeout='5s';
2026-09-03 10:57:48.261 CST [88416] 004_filter_insert.pl LOG:  statement: SET semloom_pg.gateway_socket='/tmp/ESI8t6QZuZ/insert.sock';
2026-09-03 10:57:48.261 CST [88416] 004_filter_insert.pl LOG:  statement: BEGIN;
2026-09-03 10:57:48.261 CST [88416] 004_filter_insert.pl LOG:  statement: INSERT INTO filter_sink SELECT id+10 FROM filter_source WHERE id>1 AND id<7 AND ai_semantic.filter(decision, 'Classify input.', '{"model":"golden-model-v1","temperature":0,"max_tokens":8}'::jsonb) ORDER BY id DESC LIMIT 1;
2026-09-03 10:57:48.264 CST [88416] 004_filter_insert.pl LOG:  statement: SELECT id FROM filter_sink;
2026-09-03 10:57:48.264 CST [88416] 004_filter_insert.pl LOG:  statement: ROLLBACK;
2026-09-03 10:57:48.264 CST [88416] 004_filter_insert.pl LOG:  statement: SELECT count(*) FROM filter_sink;
2026-09-03 10:57:48.406 CST [88419] 004_filter_insert.pl LOG:  statement: SET statement_timeout='5s';
2026-09-03 10:57:48.406 CST [88419] 004_filter_insert.pl LOG:  statement: SET semloom_pg.gateway_socket='/tmp/ESI8t6QZuZ/insert.sock';
2026-09-03 10:57:48.406 CST [88419] 004_filter_insert.pl LOG:  statement: SET plan_cache_mode=force_generic_plan;
2026-09-03 10:57:48.406 CST [88419] 004_filter_insert.pl LOG:  statement: PREPARE filtered_insert(integer) AS INSERT INTO filter_sink SELECT id FROM filter_source WHERE id=$1 AND ai_semantic.filter(decision, 'Classify input.', '{"model":"golden-model-v1","temperature":0,"max_tokens":8}'::jsonb);
2026-09-03 10:57:48.406 CST [88419] 004_filter_insert.pl LOG:  statement: EXECUTE filtered_insert(1);
2026-09-03 10:57:48.406 CST [88419] 004_filter_insert.pl DETAIL:  prepare: PREPARE filtered_insert(integer) AS INSERT INTO filter_sink SELECT id FROM filter_source WHERE id=$1 AND ai_semantic.filter(decision, 'Classify input.', '{"model":"golden-model-v1","temperature":0,"max_tokens":8}'::jsonb);
2026-09-03 10:57:48.408 CST [88419] 004_filter_insert.pl LOG:  statement: ALTER TABLE filter_source ADD COLUMN spare integer;
2026-09-03 10:57:48.409 CST [88419] 004_filter_insert.pl LOG:  statement: EXECUTE filtered_insert(5);
2026-09-03 10:57:48.409 CST [88419] 004_filter_insert.pl DETAIL:  prepare: PREPARE filtered_insert(integer) AS INSERT INTO filter_sink SELECT id FROM filter_source WHERE id=$1 AND ai_semantic.filter(decision, 'Classify input.', '{"model":"golden-model-v1","temperature":0,"max_tokens":8}'::jsonb);
2026-09-03 10:57:48.410 CST [88419] 004_filter_insert.pl LOG:  statement: DEALLOCATE filtered_insert;
2026-09-03 10:57:48.410 CST [88419] 004_filter_insert.pl LOG:  statement: SELECT id FROM filter_sink ORDER BY id;
2026-09-03 10:57:48.410 CST [88419] 004_filter_insert.pl LOG:  statement: ALTER TABLE filter_source DROP COLUMN spare;
2026-09-03 10:57:48.438 CST [88421] 004_filter_insert.pl LOG:  statement: TRUNCATE filter_sink
2026-09-03 10:57:48.547 CST [88424] 004_filter_insert.pl LOG:  statement: SET statement_timeout='5s';
2026-09-03 10:57:48.547 CST [88424] 004_filter_insert.pl LOG:  statement: SET semloom_pg.gateway_socket='/tmp/ESI8t6QZuZ/insert.sock';
2026-09-03 10:57:48.548 CST [88424] 004_filter_insert.pl LOG:  statement: BEGIN;
2026-09-03 10:57:48.548 CST [88424] 004_filter_insert.pl LOG:  statement: SAVEPOINT before_failure;
2026-09-03 10:57:48.548 CST [88424] 004_filter_insert.pl LOG:  statement: INSERT INTO filter_sink SELECT id FROM filter_source WHERE id>=6 AND ai_semantic.filter(decision, 'Classify input.', '{"model":"golden-model-v1","temperature":0,"max_tokens":8}'::jsonb);
2026-09-03 10:57:48.550 CST [88424] 004_filter_insert.pl ERROR:  SemFilter model completion must be TRUE, FALSE, or UNKNOWN
2026-09-03 10:57:48.550 CST [88424] 004_filter_insert.pl STATEMENT:  INSERT INTO filter_sink SELECT id FROM filter_source WHERE id>=6 AND ai_semantic.filter(decision, 'Classify input.', '{"model":"golden-model-v1","temperature":0,"max_tokens":8}'::jsonb);
2026-09-03 10:57:48.550 CST [88424] 004_filter_insert.pl LOG:  statement: ROLLBACK TO SAVEPOINT before_failure;
2026-09-03 10:57:48.550 CST [88424] 004_filter_insert.pl LOG:  statement: INSERT INTO filter_sink SELECT id FROM filter_source WHERE id=1 AND ai_semantic.filter(decision, 'Classify input.', '{"model":"golden-model-v1","temperature":0,"max_tokens":8}'::jsonb);
2026-09-03 10:57:48.551 CST [88424] 004_filter_insert.pl LOG:  statement: COMMIT;
2026-09-03 10:57:48.551 CST [88424] 004_filter_insert.pl LOG:  statement: SELECT id FROM filter_sink;
2026-09-03 10:57:48.575 CST [88426] 004_filter_insert.pl LOG:  statement: TRUNCATE filter_sink
2026-09-03 10:57:48.682 CST [88429] 004_filter_insert.pl LOG:  statement: SET statement_timeout='5s';
2026-09-03 10:57:48.682 CST [88429] 004_filter_insert.pl LOG:  statement: SET semloom_pg.gateway_socket='/tmp/ESI8t6QZuZ/insert.sock';
2026-09-03 10:57:48.682 CST [88429] 004_filter_insert.pl LOG:  statement: INSERT INTO checked_sink SELECT id FROM filter_source WHERE id < 7 AND ai_semantic.filter(decision, 'Classify input.', '{"model":"golden-model-v1","temperature":0,"max_tokens":8}'::jsonb);
2026-09-03 10:57:48.685 CST [88429] 004_filter_insert.pl ERROR:  new row for relation "checked_sink" violates check constraint "checked_sink_id_check"
2026-09-03 10:57:48.685 CST [88429] 004_filter_insert.pl DETAIL:  Failing row contains (6).
2026-09-03 10:57:48.685 CST [88429] 004_filter_insert.pl STATEMENT:  INSERT INTO checked_sink SELECT id FROM filter_source WHERE id < 7 AND ai_semantic.filter(decision, 'Classify input.', '{"model":"golden-model-v1","temperature":0,"max_tokens":8}'::jsonb);
2026-09-03 10:57:48.709 CST [88431] 004_filter_insert.pl LOG:  statement: SELECT count(*) FROM checked_sink
2026-09-03 10:57:48.718 CST [88433] 004_filter_insert.pl LOG:  statement: SET semloom_pg.gateway_socket='/tmp/ESI8t6QZuZ/insert.sock';
2026-09-03 10:57:48.719 CST [88433] 004_filter_insert.pl LOG:  statement: INSERT INTO filter_sink SELECT id FROM filter_source WHERE id<0 AND ai_semantic.filter(decision, 'Classify input.', '{"model":"golden-model-v1","temperature":0,"max_tokens":8}'::jsonb);
2026-09-03 10:57:48.728 CST [88435] 004_filter_insert.pl LOG:  statement: SET semloom_pg.gateway_socket='/tmp/ESI8t6QZuZ/insert.sock';
2026-09-03 10:57:48.729 CST [88435] 004_filter_insert.pl LOG:  statement: INSERT INTO filter_sink SELECT id FROM filter_source WHERE decision IS NULL AND ai_semantic.filter(decision, 'Classify input.', '{"model":"golden-model-v1","temperature":0,"max_tokens":8}'::jsonb);
2026-09-03 10:57:48.739 CST [88437] 004_filter_insert.pl LOG:  statement: SET semloom_pg.gateway_socket='/tmp/ESI8t6QZuZ/insert.sock';
2026-09-03 10:57:48.739 CST [88437] 004_filter_insert.pl LOG:  statement: INSERT INTO filter_sink SELECT id FROM filter_source WHERE ai_semantic.filter(decision, 'Classify input.', '{"model":"golden-model-v1","temperature":0,"max_tokens":8}'::jsonb) AND id<7 LIMIT 0;
2026-09-03 10:57:48.754 CST [88439] 004_filter_insert.pl LOG:  statement: SELECT count(*) FROM filter_sink
2026-09-03 10:57:48.765 CST [88441] 004_filter_insert.pl LOG:  statement: SET semloom_pg.gateway_socket='/tmp/ESI8t6QZuZ/insert.sock';
2026-09-03 10:57:48.765 CST [88441] 004_filter_insert.pl LOG:  statement: INSERT INTO filter_sink SELECT id FROM filter_source WHERE id < 7 AND ai_semantic.filter(decision, 'Classify input.', '{"model":"golden-model-v1","temperature":0,"max_tokens":8}'::jsonb)  RETURNING id;
2026-09-03 10:57:48.766 CST [88441] 004_filter_insert.pl ERROR:  INSERT shape is outside the current SemFilter capability
2026-09-03 10:57:48.766 CST [88441] 004_filter_insert.pl DETAIL:  ON CONFLICT, RETURNING, and OVERRIDING are not supported.
2026-09-03 10:57:48.766 CST [88441] 004_filter_insert.pl STATEMENT:  INSERT INTO filter_sink SELECT id FROM filter_source WHERE id < 7 AND ai_semantic.filter(decision, 'Classify input.', '{"model":"golden-model-v1","temperature":0,"max_tokens":8}'::jsonb)  RETURNING id;
2026-09-03 10:57:48.778 CST [88443] 004_filter_insert.pl LOG:  statement: SET semloom_pg.gateway_socket='/tmp/ESI8t6QZuZ/insert.sock';
2026-09-03 10:57:48.778 CST [88443] 004_filter_insert.pl LOG:  statement: INSERT INTO filter_sink SELECT id FROM filter_source WHERE id < 7 AND ai_semantic.filter(decision, 'Classify input.', '{"model":"golden-model-v1","temperature":0,"max_tokens":8}'::jsonb) LIMIT 1 RETURNING id;
2026-09-03 10:57:48.779 CST [88443] 004_filter_insert.pl ERROR:  INSERT shape is outside the current SemFilter capability
2026-09-03 10:57:48.779 CST [88443] 004_filter_insert.pl DETAIL:  ON CONFLICT, RETURNING, and OVERRIDING are not supported.
2026-09-03 10:57:48.779 CST [88443] 004_filter_insert.pl STATEMENT:  INSERT INTO filter_sink SELECT id FROM filter_source WHERE id < 7 AND ai_semantic.filter(decision, 'Classify input.', '{"model":"golden-model-v1","temperature":0,"max_tokens":8}'::jsonb) LIMIT 1 RETURNING id;
2026-09-03 10:57:48.787 CST [88445] 004_filter_insert.pl LOG:  statement: SET semloom_pg.gateway_socket='/tmp/ESI8t6QZuZ/insert.sock';
2026-09-03 10:57:48.788 CST [88445] 004_filter_insert.pl LOG:  statement: INSERT INTO filter_sink SELECT id FROM filter_source WHERE id < 7 AND ai_semantic.filter(decision, 'Classify input.', '{"model":"golden-model-v1","temperature":0,"max_tokens":8}'::jsonb)  ON CONFLICT DO NOTHING;
2026-09-03 10:57:48.788 CST [88445] 004_filter_insert.pl ERROR:  INSERT shape is outside the current SemFilter capability
2026-09-03 10:57:48.788 CST [88445] 004_filter_insert.pl DETAIL:  ON CONFLICT, RETURNING, and OVERRIDING are not supported.
2026-09-03 10:57:48.788 CST [88445] 004_filter_insert.pl STATEMENT:  INSERT INTO filter_sink SELECT id FROM filter_source WHERE id < 7 AND ai_semantic.filter(decision, 'Classify input.', '{"model":"golden-model-v1","temperature":0,"max_tokens":8}'::jsonb)  ON CONFLICT DO NOTHING;
2026-09-03 10:57:48.795 CST [88447] 004_filter_insert.pl LOG:  statement: SET semloom_pg.gateway_socket='/tmp/ESI8t6QZuZ/insert.sock';
2026-09-03 10:57:48.795 CST [88447] 004_filter_insert.pl LOG:  statement: INSERT INTO filter_sink SELECT id FROM filter_source WHERE id < 7 AND ai_semantic.filter(decision, 'Classify input.', '{"model":"golden-model-v1","temperature":0,"max_tokens":8}'::jsonb) LIMIT 1 ON CONFLICT DO NOTHING;
2026-09-03 10:57:48.796 CST [88447] 004_filter_insert.pl ERROR:  INSERT shape is outside the current SemFilter capability
2026-09-03 10:57:48.796 CST [88447] 004_filter_insert.pl DETAIL:  ON CONFLICT, RETURNING, and OVERRIDING are not supported.
2026-09-03 10:57:48.796 CST [88447] 004_filter_insert.pl STATEMENT:  INSERT INTO filter_sink SELECT id FROM filter_source WHERE id < 7 AND ai_semantic.filter(decision, 'Classify input.', '{"model":"golden-model-v1","temperature":0,"max_tokens":8}'::jsonb) LIMIT 1 ON CONFLICT DO NOTHING;
2026-09-03 10:57:48.803 CST [88449] 004_filter_insert.pl LOG:  statement: SET semloom_pg.gateway_socket='/tmp/ESI8t6QZuZ/insert.sock';
2026-09-03 10:57:48.803 CST [88449] 004_filter_insert.pl LOG:  statement: EXPLAIN INSERT INTO filter_sink OVERRIDING SYSTEM VALUE SELECT id FROM filter_source WHERE id < 7 AND ai_semantic.filter(decision, 'Classify input.', '{"model":"golden-model-v1","temperature":0,"max_tokens":8}'::jsonb);
2026-09-03 10:57:48.804 CST [88449] 004_filter_insert.pl ERROR:  INSERT shape is outside the current SemFilter capability
2026-09-03 10:57:48.804 CST [88449] 004_filter_insert.pl DETAIL:  ON CONFLICT, RETURNING, and OVERRIDING are not supported.
2026-09-03 10:57:48.804 CST [88449] 004_filter_insert.pl STATEMENT:  EXPLAIN INSERT INTO filter_sink OVERRIDING SYSTEM VALUE SELECT id FROM filter_source WHERE id < 7 AND ai_semantic.filter(decision, 'Classify input.', '{"model":"golden-model-v1","temperature":0,"max_tokens":8}'::jsonb);
2026-09-03 10:57:48.812 CST [88451] 004_filter_insert.pl LOG:  statement: SET semloom_pg.gateway_socket='/tmp/ESI8t6QZuZ/insert.sock';
2026-09-03 10:57:48.812 CST [88451] 004_filter_insert.pl LOG:  statement: EXPLAIN INSERT INTO filter_sink SELECT a.id FROM filter_source a JOIN filter_sink b ON a.id=b.id WHERE ai_semantic.filter(decision, 'Classify input.', '{"model":"golden-model-v1","temperature":0,"max_tokens":8}'::jsonb);
2026-09-03 10:57:48.813 CST [88451] 004_filter_insert.pl ERROR:  the SemFilter capability requires one non-inherited table
2026-09-03 10:57:48.813 CST [88451] 004_filter_insert.pl STATEMENT:  EXPLAIN INSERT INTO filter_sink SELECT a.id FROM filter_source a JOIN filter_sink b ON a.id=b.id WHERE ai_semantic.filter(decision, 'Classify input.', '{"model":"golden-model-v1","temperature":0,"max_tokens":8}'::jsonb);
2026-09-03 10:57:48.820 CST [88453] 004_filter_insert.pl LOG:  statement: SET semloom_pg.gateway_socket='/tmp/ESI8t6QZuZ/insert.sock';
2026-09-03 10:57:48.820 CST [88453] 004_filter_insert.pl LOG:  statement: EXPLAIN INSERT INTO filter_sink SELECT count(*) FROM filter_source WHERE ai_semantic.filter(decision, 'Classify input.', '{"model":"golden-model-v1","temperature":0,"max_tokens":8}'::jsonb);
2026-09-03 10:57:48.821 CST [88453] 004_filter_insert.pl ERROR:  query shape is outside the current SemFilter capability
2026-09-03 10:57:48.821 CST [88453] 004_filter_insert.pl DETAIL:  Only a single-table SELECT or INSERT ... SELECT with ordinary filters, projections, ORDER BY, and LIMIT is supported.
2026-09-03 10:57:48.821 CST [88453] 004_filter_insert.pl STATEMENT:  EXPLAIN INSERT INTO filter_sink SELECT count(*) FROM filter_source WHERE ai_semantic.filter(decision, 'Classify input.', '{"model":"golden-model-v1","temperature":0,"max_tokens":8}'::jsonb);
2026-09-03 10:57:48.828 CST [88455] 004_filter_insert.pl LOG:  statement: EXPLAIN (FORMAT JSON) SELECT id FROM filter_source WHERE id < 7 AND ai_semantic.filter(decision, 'Classify input.', '{"model":"golden-model-v1","temperature":0,"max_tokens":8,"generation_profile":"semloom.generation.choice.tristate.v1"}'::jsonb)
2026-09-03 10:57:48.837 CST [88457] 004_filter_insert.pl LOG:  statement: EXPLAIN (FORMAT JSON) INSERT INTO filter_sink SELECT id FROM filter_source WHERE id < 7 AND ai_semantic.filter(decision, 'Classify input.', '{"model":"golden-model-v1","temperature":0,"max_tokens":8,"generation_profile":"semloom.generation.choice.tristate.v1"}'::jsonb)
2026-09-03 10:57:48.947 CST [88460] 004_filter_insert.pl LOG:  statement: SET statement_timeout='5s';
2026-09-03 10:57:48.947 CST [88460] 004_filter_insert.pl LOG:  statement: SET semloom_pg.gateway_socket='/tmp/ESI8t6QZuZ/insert.sock';
2026-09-03 10:57:48.947 CST [88460] 004_filter_insert.pl LOG:  statement: INSERT INTO filter_sink SELECT id FROM filter_source WHERE id < 7 AND ai_semantic.filter(decision, 'Classify input.', '{"model":"golden-model-v1","temperature":0,"max_tokens":8,"generation_profile":"semloom.generation.choice.tristate.v1"}'::jsonb);
2026-09-03 10:57:48.951 CST [88460] 004_filter_insert.pl LOG:  statement: SELECT id FROM filter_sink ORDER BY id;
2026-09-03 10:57:48.975 CST [88462] 004_filter_insert.pl LOG:  statement: TRUNCATE filter_sink
2026-09-03 10:57:49.080 CST [88465] 004_filter_insert.pl LOG:  statement: SET statement_timeout='5s';
2026-09-03 10:57:49.080 CST [88465] 004_filter_insert.pl LOG:  statement: SET semloom_pg.gateway_socket='/tmp/ESI8t6QZuZ/insert.sock';
2026-09-03 10:57:49.080 CST [88465] 004_filter_insert.pl LOG:  statement: BEGIN;
2026-09-03 10:57:49.080 CST [88465] 004_filter_insert.pl LOG:  statement: EXPLAIN (ANALYZE, FORMAT JSON) INSERT INTO filter_sink SELECT id FROM filter_source WHERE id < 7 AND ai_semantic.filter(decision, 'Classify input.', '{"model":"golden-model-v1","temperature":0,"max_tokens":8,"generation_profile":"semloom.generation.choice.tristate.v1"}'::jsonb);
2026-09-03 10:57:49.084 CST [88465] 004_filter_insert.pl LOG:  statement: ROLLBACK;
2026-09-03 10:57:49.218 CST [88468] 004_filter_insert.pl LOG:  statement: SET statement_timeout='5s';
2026-09-03 10:57:49.218 CST [88468] 004_filter_insert.pl LOG:  statement: SET semloom_pg.gateway_socket='/tmp/ESI8t6QZuZ/insert.sock';
2026-09-03 10:57:49.218 CST [88468] 004_filter_insert.pl LOG:  statement: BEGIN;
2026-09-03 10:57:49.218 CST [88468] 004_filter_insert.pl LOG:  statement: INSERT INTO filter_sink SELECT id+10 FROM filter_source WHERE id>1 AND id<7 AND ai_semantic.filter(decision, 'Classify input.', '{"model":"golden-model-v1","temperature":0,"max_tokens":8,"generation_profile":"semloom.generation.choice.tristate.v1"}'::jsonb) ORDER BY id DESC LIMIT 1;
2026-09-03 10:57:49.222 CST [88468] 004_filter_insert.pl LOG:  statement: SELECT id FROM filter_sink;
2026-09-03 10:57:49.222 CST [88468] 004_filter_insert.pl LOG:  statement: ROLLBACK;
2026-09-03 10:57:49.222 CST [88468] 004_filter_insert.pl LOG:  statement: SELECT count(*) FROM filter_sink;
2026-09-03 10:57:49.352 CST [88473] 004_filter_insert.pl LOG:  statement: SET statement_timeout='5s';
2026-09-03 10:57:49.353 CST [88473] 004_filter_insert.pl LOG:  statement: SET semloom_pg.gateway_socket='/tmp/ESI8t6QZuZ/insert.sock';
2026-09-03 10:57:49.353 CST [88473] 004_filter_insert.pl LOG:  statement: SET plan_cache_mode=force_generic_plan;
2026-09-03 10:57:49.353 CST [88473] 004_filter_insert.pl LOG:  statement: PREPARE filtered_insert(integer) AS INSERT INTO filter_sink SELECT id FROM filter_source WHERE id=$1 AND ai_semantic.filter(decision, 'Classify input.', '{"model":"golden-model-v1","temperature":0,"max_tokens":8,"generation_profile":"semloom.generation.choice.tristate.v1"}'::jsonb);
2026-09-03 10:57:49.353 CST [88473] 004_filter_insert.pl LOG:  statement: EXECUTE filtered_insert(1);
2026-09-03 10:57:49.353 CST [88473] 004_filter_insert.pl DETAIL:  prepare: PREPARE filtered_insert(integer) AS INSERT INTO filter_sink SELECT id FROM filter_source WHERE id=$1 AND ai_semantic.filter(decision, 'Classify input.', '{"model":"golden-model-v1","temperature":0,"max_tokens":8,"generation_profile":"semloom.generation.choice.tristate.v1"}'::jsonb);
2026-09-03 10:57:49.356 CST [88473] 004_filter_insert.pl LOG:  statement: ALTER TABLE filter_source ADD COLUMN spare integer;
2026-09-03 10:57:49.356 CST [88473] 004_filter_insert.pl LOG:  statement: EXECUTE filtered_insert(5);
2026-09-03 10:57:49.356 CST [88473] 004_filter_insert.pl DETAIL:  prepare: PREPARE filtered_insert(integer) AS INSERT INTO filter_sink SELECT id FROM filter_source WHERE id=$1 AND ai_semantic.filter(decision, 'Classify input.', '{"model":"golden-model-v1","temperature":0,"max_tokens":8,"generation_profile":"semloom.generation.choice.tristate.v1"}'::jsonb);
2026-09-03 10:57:49.357 CST [88473] 004_filter_insert.pl LOG:  statement: DEALLOCATE filtered_insert;
2026-09-03 10:57:49.357 CST [88473] 004_filter_insert.pl LOG:  statement: SELECT id FROM filter_sink ORDER BY id;
2026-09-03 10:57:49.358 CST [88473] 004_filter_insert.pl LOG:  statement: ALTER TABLE filter_source DROP COLUMN spare;
2026-09-03 10:57:49.379 CST [88475] 004_filter_insert.pl LOG:  statement: TRUNCATE filter_sink
2026-09-03 10:57:49.504 CST [88478] 004_filter_insert.pl LOG:  statement: SET statement_timeout='5s';
2026-09-03 10:57:49.504 CST [88478] 004_filter_insert.pl LOG:  statement: SET semloom_pg.gateway_socket='/tmp/ESI8t6QZuZ/insert.sock';
2026-09-03 10:57:49.504 CST [88478] 004_filter_insert.pl LOG:  statement: BEGIN;
2026-09-03 10:57:49.504 CST [88478] 004_filter_insert.pl LOG:  statement: SAVEPOINT before_failure;
2026-09-03 10:57:49.504 CST [88478] 004_filter_insert.pl LOG:  statement: INSERT INTO filter_sink SELECT id FROM filter_source WHERE id>=6 AND ai_semantic.filter(decision, 'Classify input.', '{"model":"golden-model-v1","temperature":0,"max_tokens":8,"generation_profile":"semloom.generation.choice.tristate.v1"}'::jsonb);
2026-09-03 10:57:49.507 CST [88478] 004_filter_insert.pl ERROR:  SemFilter model completion must be TRUE, FALSE, or UNKNOWN
2026-09-03 10:57:49.507 CST [88478] 004_filter_insert.pl STATEMENT:  INSERT INTO filter_sink SELECT id FROM filter_source WHERE id>=6 AND ai_semantic.filter(decision, 'Classify input.', '{"model":"golden-model-v1","temperature":0,"max_tokens":8,"generation_profile":"semloom.generation.choice.tristate.v1"}'::jsonb);
2026-09-03 10:57:49.507 CST [88478] 004_filter_insert.pl LOG:  statement: ROLLBACK TO SAVEPOINT before_failure;
2026-09-03 10:57:49.507 CST [88478] 004_filter_insert.pl LOG:  statement: INSERT INTO filter_sink SELECT id FROM filter_source WHERE id=1 AND ai_semantic.filter(decision, 'Classify input.', '{"model":"golden-model-v1","temperature":0,"max_tokens":8,"generation_profile":"semloom.generation.choice.tristate.v1"}'::jsonb);
2026-09-03 10:57:49.508 CST [88478] 004_filter_insert.pl LOG:  statement: COMMIT;
2026-09-03 10:57:49.508 CST [88478] 004_filter_insert.pl LOG:  statement: SELECT id FROM filter_sink;
2026-09-03 10:57:49.531 CST [88480] 004_filter_insert.pl LOG:  statement: TRUNCATE filter_sink
2026-09-03 10:57:49.636 CST [88483] 004_filter_insert.pl LOG:  statement: SET statement_timeout='5s';
2026-09-03 10:57:49.636 CST [88483] 004_filter_insert.pl LOG:  statement: SET semloom_pg.gateway_socket='/tmp/ESI8t6QZuZ/insert.sock';
2026-09-03 10:57:49.636 CST [88483] 004_filter_insert.pl LOG:  statement: INSERT INTO checked_sink SELECT id FROM filter_source WHERE id < 7 AND ai_semantic.filter(decision, 'Classify input.', '{"model":"golden-model-v1","temperature":0,"max_tokens":8,"generation_profile":"semloom.generation.choice.tristate.v1"}'::jsonb);
2026-09-03 10:57:49.641 CST [88483] 004_filter_insert.pl ERROR:  new row for relation "checked_sink" violates check constraint "checked_sink_id_check"
2026-09-03 10:57:49.641 CST [88483] 004_filter_insert.pl DETAIL:  Failing row contains (6).
2026-09-03 10:57:49.641 CST [88483] 004_filter_insert.pl STATEMENT:  INSERT INTO checked_sink SELECT id FROM filter_source WHERE id < 7 AND ai_semantic.filter(decision, 'Classify input.', '{"model":"golden-model-v1","temperature":0,"max_tokens":8,"generation_profile":"semloom.generation.choice.tristate.v1"}'::jsonb);
2026-09-03 10:57:49.663 CST [88485] 004_filter_insert.pl LOG:  statement: SELECT count(*) FROM checked_sink
2026-09-03 10:57:49.673 CST [88487] 004_filter_insert.pl LOG:  statement: SET semloom_pg.gateway_socket='/tmp/ESI8t6QZuZ/insert.sock';
2026-09-03 10:57:49.673 CST [88487] 004_filter_insert.pl LOG:  statement: INSERT INTO filter_sink SELECT id FROM filter_source WHERE id<0 AND ai_semantic.filter(decision, 'Classify input.', '{"model":"golden-model-v1","temperature":0,"max_tokens":8,"generation_profile":"semloom.generation.choice.tristate.v1"}'::jsonb);
2026-09-03 10:57:49.682 CST [88489] 004_filter_insert.pl LOG:  statement: SET semloom_pg.gateway_socket='/tmp/ESI8t6QZuZ/insert.sock';
2026-09-03 10:57:49.682 CST [88489] 004_filter_insert.pl LOG:  statement: INSERT INTO filter_sink SELECT id FROM filter_source WHERE decision IS NULL AND ai_semantic.filter(decision, 'Classify input.', '{"model":"golden-model-v1","temperature":0,"max_tokens":8,"generation_profile":"semloom.generation.choice.tristate.v1"}'::jsonb);
2026-09-03 10:57:49.692 CST [88491] 004_filter_insert.pl LOG:  statement: SET semloom_pg.gateway_socket='/tmp/ESI8t6QZuZ/insert.sock';
2026-09-03 10:57:49.692 CST [88491] 004_filter_insert.pl LOG:  statement: INSERT INTO filter_sink SELECT id FROM filter_source WHERE ai_semantic.filter(decision, 'Classify input.', '{"model":"golden-model-v1","temperature":0,"max_tokens":8,"generation_profile":"semloom.generation.choice.tristate.v1"}'::jsonb) AND id<7 LIMIT 0;
2026-09-03 10:57:49.703 CST [88493] 004_filter_insert.pl LOG:  statement: SELECT count(*) FROM filter_sink
2026-09-03 10:57:49.712 CST [88495] 004_filter_insert.pl LOG:  statement: SET semloom_pg.gateway_socket='/tmp/ESI8t6QZuZ/insert.sock';
2026-09-03 10:57:49.712 CST [88495] 004_filter_insert.pl LOG:  statement: INSERT INTO filter_sink SELECT id FROM filter_source WHERE id < 7 AND ai_semantic.filter(decision, 'Classify input.', '{"model":"golden-model-v1","temperature":0,"max_tokens":8,"generation_profile":"semloom.generation.choice.tristate.v1"}'::jsonb)  RETURNING id;
2026-09-03 10:57:49.712 CST [88495] 004_filter_insert.pl ERROR:  INSERT shape is outside the current SemFilter capability
2026-09-03 10:57:49.712 CST [88495] 004_filter_insert.pl DETAIL:  ON CONFLICT, RETURNING, and OVERRIDING are not supported.
2026-09-03 10:57:49.712 CST [88495] 004_filter_insert.pl STATEMENT:  INSERT INTO filter_sink SELECT id FROM filter_source WHERE id < 7 AND ai_semantic.filter(decision, 'Classify input.', '{"model":"golden-model-v1","temperature":0,"max_tokens":8,"generation_profile":"semloom.generation.choice.tristate.v1"}'::jsonb)  RETURNING id;
2026-09-03 10:57:49.722 CST [88497] 004_filter_insert.pl LOG:  statement: SET semloom_pg.gateway_socket='/tmp/ESI8t6QZuZ/insert.sock';
2026-09-03 10:57:49.722 CST [88497] 004_filter_insert.pl LOG:  statement: INSERT INTO filter_sink SELECT id FROM filter_source WHERE id < 7 AND ai_semantic.filter(decision, 'Classify input.', '{"model":"golden-model-v1","temperature":0,"max_tokens":8,"generation_profile":"semloom.generation.choice.tristate.v1"}'::jsonb) LIMIT 1 RETURNING id;
2026-09-03 10:57:49.722 CST [88497] 004_filter_insert.pl ERROR:  INSERT shape is outside the current SemFilter capability
2026-09-03 10:57:49.722 CST [88497] 004_filter_insert.pl DETAIL:  ON CONFLICT, RETURNING, and OVERRIDING are not supported.
2026-09-03 10:57:49.722 CST [88497] 004_filter_insert.pl STATEMENT:  INSERT INTO filter_sink SELECT id FROM filter_source WHERE id < 7 AND ai_semantic.filter(decision, 'Classify input.', '{"model":"golden-model-v1","temperature":0,"max_tokens":8,"generation_profile":"semloom.generation.choice.tristate.v1"}'::jsonb) LIMIT 1 RETURNING id;
2026-09-03 10:57:49.729 CST [88499] 004_filter_insert.pl LOG:  statement: SET semloom_pg.gateway_socket='/tmp/ESI8t6QZuZ/insert.sock';
2026-09-03 10:57:49.729 CST [88499] 004_filter_insert.pl LOG:  statement: INSERT INTO filter_sink SELECT id FROM filter_source WHERE id < 7 AND ai_semantic.filter(decision, 'Classify input.', '{"model":"golden-model-v1","temperature":0,"max_tokens":8,"generation_profile":"semloom.generation.choice.tristate.v1"}'::jsonb)  ON CONFLICT DO NOTHING;
2026-09-03 10:57:49.730 CST [88499] 004_filter_insert.pl ERROR:  INSERT shape is outside the current SemFilter capability
2026-09-03 10:57:49.730 CST [88499] 004_filter_insert.pl DETAIL:  ON CONFLICT, RETURNING, and OVERRIDING are not supported.
2026-09-03 10:57:49.730 CST [88499] 004_filter_insert.pl STATEMENT:  INSERT INTO filter_sink SELECT id FROM filter_source WHERE id < 7 AND ai_semantic.filter(decision, 'Classify input.', '{"model":"golden-model-v1","temperature":0,"max_tokens":8,"generation_profile":"semloom.generation.choice.tristate.v1"}'::jsonb)  ON CONFLICT DO NOTHING;
2026-09-03 10:57:49.738 CST [88501] 004_filter_insert.pl LOG:  statement: SET semloom_pg.gateway_socket='/tmp/ESI8t6QZuZ/insert.sock';
2026-09-03 10:57:49.738 CST [88501] 004_filter_insert.pl LOG:  statement: INSERT INTO filter_sink SELECT id FROM filter_source WHERE id < 7 AND ai_semantic.filter(decision, 'Classify input.', '{"model":"golden-model-v1","temperature":0,"max_tokens":8,"generation_profile":"semloom.generation.choice.tristate.v1"}'::jsonb) LIMIT 1 ON CONFLICT DO NOTHING;
2026-09-03 10:57:49.739 CST [88501] 004_filter_insert.pl ERROR:  INSERT shape is outside the current SemFilter capability
2026-09-03 10:57:49.739 CST [88501] 004_filter_insert.pl DETAIL:  ON CONFLICT, RETURNING, and OVERRIDING are not supported.
2026-09-03 10:57:49.739 CST [88501] 004_filter_insert.pl STATEMENT:  INSERT INTO filter_sink SELECT id FROM filter_source WHERE id < 7 AND ai_semantic.filter(decision, 'Classify input.', '{"model":"golden-model-v1","temperature":0,"max_tokens":8,"generation_profile":"semloom.generation.choice.tristate.v1"}'::jsonb) LIMIT 1 ON CONFLICT DO NOTHING;
2026-09-03 10:57:49.746 CST [88503] 004_filter_insert.pl LOG:  statement: SET semloom_pg.gateway_socket='/tmp/ESI8t6QZuZ/insert.sock';
2026-09-03 10:57:49.747 CST [88503] 004_filter_insert.pl LOG:  statement: EXPLAIN INSERT INTO filter_sink OVERRIDING SYSTEM VALUE SELECT id FROM filter_source WHERE id < 7 AND ai_semantic.filter(decision, 'Classify input.', '{"model":"golden-model-v1","temperature":0,"max_tokens":8,"generation_profile":"semloom.generation.choice.tristate.v1"}'::jsonb);
2026-09-03 10:57:49.747 CST [88503] 004_filter_insert.pl ERROR:  INSERT shape is outside the current SemFilter capability
2026-09-03 10:57:49.747 CST [88503] 004_filter_insert.pl DETAIL:  ON CONFLICT, RETURNING, and OVERRIDING are not supported.
2026-09-03 10:57:49.747 CST [88503] 004_filter_insert.pl STATEMENT:  EXPLAIN INSERT INTO filter_sink OVERRIDING SYSTEM VALUE SELECT id FROM filter_source WHERE id < 7 AND ai_semantic.filter(decision, 'Classify input.', '{"model":"golden-model-v1","temperature":0,"max_tokens":8,"generation_profile":"semloom.generation.choice.tristate.v1"}'::jsonb);
2026-09-03 10:57:49.754 CST [88505] 004_filter_insert.pl LOG:  statement: SET semloom_pg.gateway_socket='/tmp/ESI8t6QZuZ/insert.sock';
2026-09-03 10:57:49.754 CST [88505] 004_filter_insert.pl LOG:  statement: EXPLAIN INSERT INTO filter_sink SELECT a.id FROM filter_source a JOIN filter_sink b ON a.id=b.id WHERE ai_semantic.filter(decision, 'Classify input.', '{"model":"golden-model-v1","temperature":0,"max_tokens":8,"generation_profile":"semloom.generation.choice.tristate.v1"}'::jsonb);
2026-09-03 10:57:49.755 CST [88505] 004_filter_insert.pl ERROR:  the SemFilter capability requires one non-inherited table
2026-09-03 10:57:49.755 CST [88505] 004_filter_insert.pl STATEMENT:  EXPLAIN INSERT INTO filter_sink SELECT a.id FROM filter_source a JOIN filter_sink b ON a.id=b.id WHERE ai_semantic.filter(decision, 'Classify input.', '{"model":"golden-model-v1","temperature":0,"max_tokens":8,"generation_profile":"semloom.generation.choice.tristate.v1"}'::jsonb);
2026-09-03 10:57:49.763 CST [88507] 004_filter_insert.pl LOG:  statement: SET semloom_pg.gateway_socket='/tmp/ESI8t6QZuZ/insert.sock';
2026-09-03 10:57:49.764 CST [88507] 004_filter_insert.pl LOG:  statement: EXPLAIN INSERT INTO filter_sink SELECT count(*) FROM filter_source WHERE ai_semantic.filter(decision, 'Classify input.', '{"model":"golden-model-v1","temperature":0,"max_tokens":8,"generation_profile":"semloom.generation.choice.tristate.v1"}'::jsonb);
2026-09-03 10:57:49.764 CST [88507] 004_filter_insert.pl ERROR:  query shape is outside the current SemFilter capability
2026-09-03 10:57:49.764 CST [88507] 004_filter_insert.pl DETAIL:  Only a single-table SELECT or INSERT ... SELECT with ordinary filters, projections, ORDER BY, and LIMIT is supported.
2026-09-03 10:57:49.764 CST [88507] 004_filter_insert.pl STATEMENT:  EXPLAIN INSERT INTO filter_sink SELECT count(*) FROM filter_source WHERE ai_semantic.filter(decision, 'Classify input.', '{"model":"golden-model-v1","temperature":0,"max_tokens":8,"generation_profile":"semloom.generation.choice.tristate.v1"}'::jsonb);
2026-09-03 10:57:49.772 CST [88509] 004_filter_insert.pl LOG:  statement: CREATE ROLE filter_writer;
2026-09-03 10:57:49.772 CST [88509] 004_filter_insert.pl LOG:  statement: CREATE TABLE secure_source(id integer, decision text, owner_name text);
2026-09-03 10:57:49.773 CST [88509] 004_filter_insert.pl LOG:  statement: INSERT INTO secure_source VALUES (1,'true','filter_writer'), (2,'bad','other');
2026-09-03 10:57:49.774 CST [88509] 004_filter_insert.pl LOG:  statement: ALTER TABLE secure_source ENABLE ROW LEVEL SECURITY;
2026-09-03 10:57:49.774 CST [88509] 004_filter_insert.pl LOG:  statement: CREATE POLICY reader_policy ON secure_source USING(owner_name=current_user::text);
2026-09-03 10:57:49.774 CST [88509] 004_filter_insert.pl LOG:  statement: GRANT USAGE ON SCHEMA ai_semantic TO filter_writer;
2026-09-03 10:57:49.774 CST [88509] 004_filter_insert.pl LOG:  statement: GRANT EXECUTE ON FUNCTION ai_semantic.filter(text,text,jsonb) TO filter_writer;
2026-09-03 10:57:49.775 CST [88509] 004_filter_insert.pl LOG:  statement: GRANT SELECT ON secure_source TO filter_writer;
2026-09-03 10:57:49.775 CST [88509] 004_filter_insert.pl LOG:  statement: GRANT INSERT,SELECT ON filter_sink TO filter_writer;
2026-09-03 10:57:49.893 CST [88512] 004_filter_insert.pl LOG:  statement: SET statement_timeout='5s';
2026-09-03 10:57:49.893 CST [88512] 004_filter_insert.pl LOG:  statement: SET semloom_pg.gateway_socket='/tmp/ESI8t6QZuZ/insert.sock';
2026-09-03 10:57:49.893 CST [88512] 004_filter_insert.pl LOG:  statement: SET ROLE filter_writer;
2026-09-03 10:57:49.893 CST [88512] 004_filter_insert.pl LOG:  statement: INSERT INTO filter_sink SELECT id FROM secure_source WHERE ai_semantic.filter(decision, 'Classify input.', '{"model":"golden-model-v1","temperature":0,"max_tokens":8,"generation_profile":"semloom.generation.choice.tristate.v1"}'::jsonb);
2026-09-03 10:57:49.896 CST [88512] 004_filter_insert.pl LOG:  statement: SELECT id FROM filter_sink;
2026-09-03 10:57:49.920 CST [88514] 004_filter_insert.pl LOG:  statement: TRUNCATE filter_sink;
2026-09-03 10:57:49.922 CST [88514] 004_filter_insert.pl LOG:  statement: REVOKE INSERT ON filter_sink FROM filter_writer;
2026-09-03 10:57:49.931 CST [88516] 004_filter_insert.pl LOG:  statement: SET semloom_pg.gateway_socket='/tmp/ESI8t6QZuZ/insert.sock';
2026-09-03 10:57:49.931 CST [88516] 004_filter_insert.pl LOG:  statement: SET ROLE filter_writer;
2026-09-03 10:57:49.931 CST [88516] 004_filter_insert.pl LOG:  statement: INSERT INTO filter_sink SELECT id FROM secure_source WHERE ai_semantic.filter(decision, 'Classify input.', '{"model":"golden-model-v1","temperature":0,"max_tokens":8,"generation_profile":"semloom.generation.choice.tristate.v1"}'::jsonb);
2026-09-03 10:57:49.932 CST [88516] 004_filter_insert.pl ERROR:  permission denied for table filter_sink
2026-09-03 10:57:49.932 CST [88516] 004_filter_insert.pl STATEMENT:  INSERT INTO filter_sink SELECT id FROM secure_source WHERE ai_semantic.filter(decision, 'Classify input.', '{"model":"golden-model-v1","temperature":0,"max_tokens":8,"generation_profile":"semloom.generation.choice.tristate.v1"}'::jsonb);
2026-09-03 10:57:49.941 CST [88518] 004_filter_insert.pl LOG:  statement: SELECT count(*) FROM filter_sink
2026-09-03 10:57:50.048 CST [88523] 004_filter_insert.pl LOG:  statement: SET statement_timeout='5s';
2026-09-03 10:57:50.050 CST [88523] 004_filter_insert.pl LOG:  statement: SET semloom_pg.gateway_socket='/tmp/ESI8t6QZuZ/insert.sock';
2026-09-03 10:57:50.050 CST [88523] 004_filter_insert.pl LOG:  statement: SET statement_timeout='100ms';
2026-09-03 10:57:50.050 CST [88523] 004_filter_insert.pl LOG:  statement: INSERT INTO filter_sink SELECT id FROM filter_source WHERE id=1 AND ai_semantic.filter(decision, 'Classify input.', '{"model":"golden-model-v1","temperature":0,"max_tokens":8,"generation_profile":"semloom.generation.choice.tristate.v1"}'::jsonb);
2026-09-03 10:57:50.150 CST [88523] 004_filter_insert.pl ERROR:  canceling statement due to statement timeout
2026-09-03 10:57:50.150 CST [88523] 004_filter_insert.pl STATEMENT:  INSERT INTO filter_sink SELECT id FROM filter_source WHERE id=1 AND ai_semantic.filter(decision, 'Classify input.', '{"model":"golden-model-v1","temperature":0,"max_tokens":8,"generation_profile":"semloom.generation.choice.tristate.v1"}'::jsonb);
2026-09-03 10:57:50.579 CST [88525] 004_filter_insert.pl LOG:  statement: SELECT count(*) FROM filter_sink
2026-09-03 10:57:50.695 CST [88528] 004_filter_insert.pl LOG:  statement: SET statement_timeout='5s';
2026-09-03 10:57:50.696 CST [88528] 004_filter_insert.pl LOG:  statement: SET semloom_pg.gateway_socket='/tmp/ESI8t6QZuZ/insert.sock';
2026-09-03 10:57:50.696 CST [88528] 004_filter_insert.pl LOG:  statement: INSERT INTO filter_sink SELECT id FROM filter_source WHERE id=1 AND ai_semantic.filter(decision, 'Classify input.', '{"model":"golden-model-v1","temperature":0,"max_tokens":8,"generation_profile":"semloom.generation.choice.tristate.v1"}'::jsonb);
2026-09-03 10:57:50.698 CST [88528] 004_filter_insert.pl LOG:  statement: SELECT id FROM filter_sink;
2026-09-03 10:57:50.718 CST [88336] LOG:  received fast shutdown request
2026-09-03 10:57:50.718 CST [88336] LOG:  aborting any active transactions
2026-09-03 10:57:50.718 CST [88336] LOG:  background worker "logical replication launcher" (PID 88345) exited with exit code 1
2026-09-03 10:57:50.719 CST [88340] LOG:  shutting down
2026-09-03 10:57:50.719 CST [88340] LOG:  checkpoint starting: shutdown immediate
2026-09-03 10:57:50.721 CST [88340] LOG:  checkpoint complete: wrote 83 buffers (0.5%), wrote 3 SLRU buffers; 0 WAL file(s) added, 0 removed, 0 recycled; write=0.002 s, sync=0.001 s, total=0.002 s; sync files=0, longest=0.000 s, average=0.000 s; distance=311 kB, estimate=311 kB; lsn=0/173B198, redo lsn=0/173B198
2026-09-03 10:57:50.728 CST [88336] LOG:  database system is shut down
