2026-09-03 18:22:06.463 CST [121655] LOG:  starting PostgreSQL 18.3 on x86_64-pc-linux-gnu, compiled by gcc (Ubuntu 11.4.0-1ubuntu1~22.04.3) 11.4.0, 64-bit
2026-09-03 18:22:06.463 CST [121655] LOG:  listening on Unix socket "/tmp/ku28ESSJqj/.s.PGSQL.14584"
2026-09-03 18:22:06.467 CST [121661] LOG:  database system was shut down at 2026-09-03 18:22:06 CST
2026-09-03 18:22:06.468 CST [121655] LOG:  database system is ready to accept connections
2026-09-03 18:22:06.561 CST [121666] 005_function_identity.pl LOG:  statement: CREATE SCHEMA ai_semantic
2026-09-03 18:22:06.572 CST [121668] 005_function_identity.pl LOG:  statement: CREATE OR REPLACE FUNCTION ai_semantic.map(input text) RETURNS text LANGUAGE plpgsql VOLATILE AS $$ BEGIN RETURN 'ordinary:' || $1; END $$;
2026-09-03 18:22:06.581 CST [121670] 005_function_identity.pl LOG:  statement: CREATE OR REPLACE FUNCTION ai_semantic.filter(input text) RETURNS boolean LANGUAGE plpgsql VOLATILE AS $$ BEGIN RETURN true; END $$;
2026-09-03 18:22:06.589 CST [121672] 005_function_identity.pl LOG:  statement: CREATE OR REPLACE FUNCTION ai_semantic.filter(input text, instruction text, options jsonb) RETURNS boolean LANGUAGE plpgsql VOLATILE AS $$ BEGIN RETURN true; END $$;
2026-09-03 18:22:06.604 CST [121674] 005_function_identity.pl LOG:  statement: CREATE OR REPLACE FUNCTION ai_semantic.filter(input text, instruction text, options jsonb) RETURNS boolean LANGUAGE plpgsql VOLATILE AS $$ BEGIN RETURN true; END $$;
2026-09-03 18:22:06.612 CST [121676] 005_function_identity.pl LOG:  statement: CREATE TABLE identity_inputs(content text);
2026-09-03 18:22:06.614 CST [121676] 005_function_identity.pl LOG:  statement: INSERT INTO identity_inputs VALUES ('false');
2026-09-03 18:22:06.623 CST [121678] 005_function_identity.pl LOG:  statement: SELECT ai_semantic.map(content) FROM identity_inputs
2026-09-03 18:22:06.631 CST [121680] 005_function_identity.pl LOG:  statement: EXPLAIN SELECT ai_semantic.map(content) FROM identity_inputs
2026-09-03 18:22:06.639 CST [121682] 005_function_identity.pl LOG:  statement: SELECT content FROM identity_inputs WHERE ai_semantic.filter(content)
2026-09-03 18:22:06.647 CST [121684] 005_function_identity.pl LOG:  statement: EXPLAIN SELECT content FROM identity_inputs WHERE ai_semantic.filter(content)
2026-09-03 18:22:06.655 CST [121686] 005_function_identity.pl LOG:  statement: SELECT content FROM identity_inputs WHERE ai_semantic.filter(content, 'Classify input.', '{"model":"golden-model-v1","temperature":0,"max_tokens":8}'::jsonb)
2026-09-03 18:22:06.663 CST [121688] 005_function_identity.pl LOG:  statement: EXPLAIN SELECT content FROM identity_inputs WHERE ai_semantic.filter(content, 'Classify input.', '{"model":"golden-model-v1","temperature":0,"max_tokens":8}'::jsonb)
2026-09-03 18:22:06.671 CST [121690] 005_function_identity.pl LOG:  statement: SELECT content FROM identity_inputs WHERE ai_semantic.filter(content, 'Classify input.', '{"model":"golden-model-v1","temperature":0,"max_tokens":8,"generation_profile":"semloom.generation.choice.tristate.v1"}'::jsonb)
2026-09-03 18:22:06.678 CST [121692] 005_function_identity.pl LOG:  statement: EXPLAIN SELECT content FROM identity_inputs WHERE ai_semantic.filter(content, 'Classify input.', '{"model":"golden-model-v1","temperature":0,"max_tokens":8,"generation_profile":"semloom.generation.choice.tristate.v1"}'::jsonb)
2026-09-03 18:22:06.688 CST [121694] 005_function_identity.pl LOG:  statement: DROP SCHEMA ai_semantic CASCADE;
2026-09-03 18:22:06.689 CST [121694] 005_function_identity.pl LOG:  statement: CREATE EXTENSION semloom_pg;
2026-09-03 18:22:06.697 CST [121696] 005_function_identity.pl LOG:  statement: EXPLAIN SELECT ai_semantic.map(content) FROM identity_inputs
2026-09-03 18:22:06.707 CST [121698] 005_function_identity.pl LOG:  statement: EXPLAIN SELECT content FROM identity_inputs WHERE ai_semantic.filter(content)
2026-09-03 18:22:06.716 CST [121700] 005_function_identity.pl LOG:  statement: EXPLAIN SELECT content FROM identity_inputs WHERE ai_semantic.filter(content, 'Classify input.', '{"model":"golden-model-v1","temperature":0,"max_tokens":8}'::jsonb)
2026-09-03 18:22:06.724 CST [121702] 005_function_identity.pl LOG:  statement: EXPLAIN SELECT content FROM identity_inputs WHERE ai_semantic.filter(content, 'Classify input.', '{"model":"golden-model-v1","temperature":0,"max_tokens":8,"generation_profile":"semloom.generation.choice.tristate.v1"}'::jsonb)
2026-09-03 18:22:06.739 CST [121704] 005_function_identity.pl LOG:  statement: SELECT ai_semantic.map(content) FROM identity_inputs
2026-09-03 18:22:06.747 CST [121706] 005_function_identity.pl LOG:  statement: SELECT content FROM identity_inputs WHERE ai_semantic.filter(content)
2026-09-03 18:22:06.756 CST [121708] 005_function_identity.pl LOG:  statement: CREATE SCHEMA ordinary;
2026-09-03 18:22:06.756 CST [121708] 005_function_identity.pl LOG:  statement: CREATE FUNCTION ordinary.map(text) RETURNS text LANGUAGE plpgsql VOLATILE
	AS $$ BEGIN RETURN 'other:' || $1; END $$;
2026-09-03 18:22:06.757 CST [121708] 005_function_identity.pl LOG:  statement: CREATE FUNCTION ordinary.filter(text) RETURNS boolean LANGUAGE plpgsql VOLATILE
	AS $$ BEGIN RETURN true; END $$;
2026-09-03 18:22:06.757 CST [121708] 005_function_identity.pl LOG:  statement: CREATE FUNCTION ai_semantic.map(integer) RETURNS text LANGUAGE plpgsql VOLATILE
	AS $$ BEGIN RETURN 'integer:' || $1; END $$;
2026-09-03 18:22:06.758 CST [121708] 005_function_identity.pl LOG:  statement: CREATE FUNCTION ai_semantic.filter(integer) RETURNS boolean LANGUAGE plpgsql VOLATILE
	AS $$ BEGIN RETURN true; END $$;
2026-09-03 18:22:06.765 CST [121710] 005_function_identity.pl LOG:  statement: SELECT ordinary.map(content) FROM identity_inputs
2026-09-03 18:22:06.775 CST [121712] 005_function_identity.pl LOG:  statement: EXPLAIN SELECT ordinary.map(content) FROM identity_inputs
2026-09-03 18:22:06.784 CST [121714] 005_function_identity.pl LOG:  statement: SELECT content FROM identity_inputs WHERE ordinary.filter(content)
2026-09-03 18:22:06.791 CST [121716] 005_function_identity.pl LOG:  statement: EXPLAIN SELECT content FROM identity_inputs WHERE ordinary.filter(content)
2026-09-03 18:22:06.798 CST [121718] 005_function_identity.pl LOG:  statement: SELECT ai_semantic.map(length(content)) FROM identity_inputs
2026-09-03 18:22:06.806 CST [121720] 005_function_identity.pl LOG:  statement: EXPLAIN SELECT ai_semantic.map(length(content)) FROM identity_inputs
2026-09-03 18:22:06.816 CST [121722] 005_function_identity.pl LOG:  statement: SELECT content FROM identity_inputs WHERE ai_semantic.filter(length(content))
2026-09-03 18:22:06.825 CST [121724] 005_function_identity.pl LOG:  statement: EXPLAIN SELECT content FROM identity_inputs WHERE ai_semantic.filter(length(content))
2026-09-03 18:22:06.834 CST [121726] 005_function_identity.pl LOG:  statement: SELECT 'ai_semantic.map(text)'::regprocedure::oid
2026-09-03 18:22:06.842 CST [121728] 005_function_identity.pl LOG:  statement: SELECT pg_get_functiondef('ai_semantic.map(text)'::regprocedure)
2026-09-03 18:22:06.855 CST [121730] 005_function_identity.pl LOG:  statement: SET plan_cache_mode=force_generic_plan;
2026-09-03 18:22:06.855 CST [121730] 005_function_identity.pl LOG:  statement: PREPARE identity_plan AS SELECT ai_semantic.map(content) FROM identity_inputs;
2026-09-03 18:22:06.855 CST [121730] 005_function_identity.pl LOG:  statement: ;
2026-09-03 18:22:06.857 CST [121730] 005_function_identity.pl LOG:  statement: EXPLAIN EXECUTE identity_plan
	;
2026-09-03 18:22:06.870 CST [121732] 005_function_identity.pl LOG:  statement: ALTER EXTENSION semloom_pg DROP FUNCTION ai_semantic.map(text);
2026-09-03 18:22:06.877 CST [121734] 005_function_identity.pl LOG:  statement: EXPLAIN SELECT ai_semantic.map(content) FROM identity_inputs
2026-09-03 18:22:06.885 CST [121736] 005_function_identity.pl LOG:  statement: CREATE OR REPLACE FUNCTION ai_semantic.map(input text) RETURNS text LANGUAGE plpgsql VOLATILE AS $$ BEGIN RETURN 'ordinary:' || $1; END $$;
2026-09-03 18:22:06.894 CST [121738] 005_function_identity.pl LOG:  statement: SELECT 'ai_semantic.map(text)'::regprocedure::oid
2026-09-03 18:22:06.897 CST [121730] 005_function_identity.pl LOG:  statement: EXECUTE identity_plan
	;
2026-09-03 18:22:06.897 CST [121730] 005_function_identity.pl DETAIL:  prepare: PREPARE identity_plan AS SELECT ai_semantic.map(content) FROM identity_inputs;
2026-09-03 18:22:06.899 CST [121730] 005_function_identity.pl LOG:  statement: EXPLAIN EXECUTE identity_plan
	;
2026-09-03 18:22:06.906 CST [121740] 005_function_identity.pl LOG:  statement: ALTER EXTENSION plpgsql ADD FUNCTION ai_semantic.map(text);
2026-09-03 18:22:06.914 CST [121742] 005_function_identity.pl LOG:  statement: EXPLAIN SELECT ai_semantic.map(content) FROM identity_inputs
2026-09-03 18:22:06.924 CST [121744] 005_function_identity.pl LOG:  statement: ALTER EXTENSION plpgsql DROP FUNCTION ai_semantic.map(text);
2026-09-03 18:22:06.924 CST [121744] 005_function_identity.pl LOG:  statement: DROP FUNCTION ai_semantic.map(text);
2026-09-03 18:22:06.924 CST [121744] 005_function_identity.pl LOG:  statement: CREATE OR REPLACE FUNCTION ai_semantic.map(input text) RETURNS text LANGUAGE plpgsql VOLATILE AS $$ BEGIN RETURN 'ordinary:' || $1; END $$;
2026-09-03 18:22:06.931 CST [121746] 005_function_identity.pl LOG:  statement: SELECT 'ai_semantic.map(text)'::regprocedure::oid
2026-09-03 18:22:06.933 CST [121730] 005_function_identity.pl LOG:  statement: EXECUTE identity_plan
	;
2026-09-03 18:22:06.933 CST [121730] 005_function_identity.pl DETAIL:  prepare: PREPARE identity_plan AS SELECT ai_semantic.map(content) FROM identity_inputs;
2026-09-03 18:22:06.935 CST [121730] 005_function_identity.pl LOG:  statement: EXPLAIN EXECUTE identity_plan
	;
2026-09-03 18:22:06.941 CST [121748] 005_function_identity.pl LOG:  statement: DROP FUNCTION ai_semantic.map(text);
2026-09-03 18:22:06.942 CST [121748] 005_function_identity.pl LOG:  statement: CREATE OR REPLACE FUNCTION ai_semantic.map(input text)
	 RETURNS text
	 LANGUAGE c
	AS '$libdir/semloom_pg', $function$semloom_marker_map$function$
	;
2026-09-03 18:22:06.942 CST [121748] 005_function_identity.pl LOG:  statement: ALTER EXTENSION semloom_pg ADD FUNCTION ai_semantic.map(text);
2026-09-03 18:22:06.944 CST [121730] 005_function_identity.pl LOG:  statement: EXPLAIN EXECUTE identity_plan
	;
2026-09-03 18:22:06.953 CST [121750] 005_function_identity.pl LOG:  statement: SELECT 'ai_semantic.filter(text)'::regprocedure::oid
2026-09-03 18:22:06.959 CST [121752] 005_function_identity.pl LOG:  statement: SELECT pg_get_functiondef('ai_semantic.filter(text)'::regprocedure)
2026-09-03 18:22:06.967 CST [121754] 005_function_identity.pl LOG:  statement: SET plan_cache_mode=force_generic_plan;
2026-09-03 18:22:06.967 CST [121754] 005_function_identity.pl LOG:  statement: PREPARE identity_plan AS SELECT content FROM identity_inputs WHERE ai_semantic.filter(content);
2026-09-03 18:22:06.967 CST [121754] 005_function_identity.pl LOG:  statement: ;
2026-09-03 18:22:06.968 CST [121754] 005_function_identity.pl LOG:  statement: EXPLAIN EXECUTE identity_plan
	;
2026-09-03 18:22:06.979 CST [121756] 005_function_identity.pl LOG:  statement: ALTER EXTENSION semloom_pg DROP FUNCTION ai_semantic.filter(text);
2026-09-03 18:22:06.987 CST [121758] 005_function_identity.pl LOG:  statement: EXPLAIN SELECT content FROM identity_inputs WHERE ai_semantic.filter(content)
2026-09-03 18:22:06.996 CST [121760] 005_function_identity.pl LOG:  statement: CREATE OR REPLACE FUNCTION ai_semantic.filter(input text) RETURNS boolean LANGUAGE plpgsql VOLATILE AS $$ BEGIN RETURN true; END $$;
2026-09-03 18:22:07.005 CST [121762] 005_function_identity.pl LOG:  statement: SELECT 'ai_semantic.filter(text)'::regprocedure::oid
2026-09-03 18:22:07.007 CST [121754] 005_function_identity.pl LOG:  statement: EXECUTE identity_plan
	;
2026-09-03 18:22:07.007 CST [121754] 005_function_identity.pl DETAIL:  prepare: PREPARE identity_plan AS SELECT content FROM identity_inputs WHERE ai_semantic.filter(content);
2026-09-03 18:22:07.013 CST [121754] 005_function_identity.pl LOG:  statement: EXPLAIN EXECUTE identity_plan
	;
2026-09-03 18:22:07.020 CST [121764] 005_function_identity.pl LOG:  statement: ALTER EXTENSION plpgsql ADD FUNCTION ai_semantic.filter(text);
2026-09-03 18:22:07.027 CST [121766] 005_function_identity.pl LOG:  statement: EXPLAIN SELECT content FROM identity_inputs WHERE ai_semantic.filter(content)
2026-09-03 18:22:07.034 CST [121768] 005_function_identity.pl LOG:  statement: ALTER EXTENSION plpgsql DROP FUNCTION ai_semantic.filter(text);
2026-09-03 18:22:07.035 CST [121768] 005_function_identity.pl LOG:  statement: DROP FUNCTION ai_semantic.filter(text);
2026-09-03 18:22:07.035 CST [121768] 005_function_identity.pl LOG:  statement: CREATE OR REPLACE FUNCTION ai_semantic.filter(input text) RETURNS boolean LANGUAGE plpgsql VOLATILE AS $$ BEGIN RETURN true; END $$;
2026-09-03 18:22:07.044 CST [121770] 005_function_identity.pl LOG:  statement: SELECT 'ai_semantic.filter(text)'::regprocedure::oid
2026-09-03 18:22:07.046 CST [121754] 005_function_identity.pl LOG:  statement: EXECUTE identity_plan
	;
2026-09-03 18:22:07.046 CST [121754] 005_function_identity.pl DETAIL:  prepare: PREPARE identity_plan AS SELECT content FROM identity_inputs WHERE ai_semantic.filter(content);
2026-09-03 18:22:07.047 CST [121754] 005_function_identity.pl LOG:  statement: EXPLAIN EXECUTE identity_plan
	;
2026-09-03 18:22:07.054 CST [121772] 005_function_identity.pl LOG:  statement: DROP FUNCTION ai_semantic.filter(text);
2026-09-03 18:22:07.055 CST [121772] 005_function_identity.pl LOG:  statement: CREATE OR REPLACE FUNCTION ai_semantic.filter(input text)
	 RETURNS boolean
	 LANGUAGE c
	AS '$libdir/semloom_pg', $function$semloom_marker_filter$function$
	;
2026-09-03 18:22:07.055 CST [121772] 005_function_identity.pl LOG:  statement: ALTER EXTENSION semloom_pg ADD FUNCTION ai_semantic.filter(text);
2026-09-03 18:22:07.056 CST [121754] 005_function_identity.pl LOG:  statement: EXPLAIN EXECUTE identity_plan
	;
2026-09-03 18:22:07.065 CST [121774] 005_function_identity.pl LOG:  statement: SELECT 'ai_semantic.filter(text,text,jsonb)'::regprocedure::oid
2026-09-03 18:22:07.072 CST [121776] 005_function_identity.pl LOG:  statement: SELECT pg_get_functiondef('ai_semantic.filter(text,text,jsonb)'::regprocedure)
2026-09-03 18:22:07.082 CST [121778] 005_function_identity.pl LOG:  statement: SET plan_cache_mode=force_generic_plan;
2026-09-03 18:22:07.082 CST [121778] 005_function_identity.pl LOG:  statement: PREPARE identity_plan AS SELECT content FROM identity_inputs WHERE ai_semantic.filter(content, 'Classify input.', '{"model":"golden-model-v1","temperature":0,"max_tokens":8}'::jsonb);
2026-09-03 18:22:07.082 CST [121778] 005_function_identity.pl LOG:  statement: ;
2026-09-03 18:22:07.083 CST [121778] 005_function_identity.pl LOG:  statement: EXPLAIN EXECUTE identity_plan
	;
2026-09-03 18:22:07.092 CST [121780] 005_function_identity.pl LOG:  statement: ALTER EXTENSION semloom_pg DROP FUNCTION ai_semantic.filter(text,text,jsonb);
2026-09-03 18:22:07.101 CST [121782] 005_function_identity.pl LOG:  statement: EXPLAIN SELECT content FROM identity_inputs WHERE ai_semantic.filter(content, 'Classify input.', '{"model":"golden-model-v1","temperature":0,"max_tokens":8}'::jsonb)
2026-09-03 18:22:07.111 CST [121784] 005_function_identity.pl LOG:  statement: CREATE OR REPLACE FUNCTION ai_semantic.filter(input text, instruction text, options jsonb) RETURNS boolean LANGUAGE plpgsql VOLATILE AS $$ BEGIN RETURN true; END $$;
2026-09-03 18:22:07.118 CST [121786] 005_function_identity.pl LOG:  statement: SELECT 'ai_semantic.filter(text,text,jsonb)'::regprocedure::oid
2026-09-03 18:22:07.120 CST [121778] 005_function_identity.pl LOG:  statement: EXECUTE identity_plan
	;
2026-09-03 18:22:07.120 CST [121778] 005_function_identity.pl DETAIL:  prepare: PREPARE identity_plan AS SELECT content FROM identity_inputs WHERE ai_semantic.filter(content, 'Classify input.', '{"model":"golden-model-v1","temperature":0,"max_tokens":8}'::jsonb);
2026-09-03 18:22:07.122 CST [121778] 005_function_identity.pl LOG:  statement: EXPLAIN EXECUTE identity_plan
	;
2026-09-03 18:22:07.129 CST [121788] 005_function_identity.pl LOG:  statement: ALTER EXTENSION plpgsql ADD FUNCTION ai_semantic.filter(text,text,jsonb);
2026-09-03 18:22:07.143 CST [121790] 005_function_identity.pl LOG:  statement: EXPLAIN SELECT content FROM identity_inputs WHERE ai_semantic.filter(content, 'Classify input.', '{"model":"golden-model-v1","temperature":0,"max_tokens":8}'::jsonb)
2026-09-03 18:22:07.152 CST [121792] 005_function_identity.pl LOG:  statement: ALTER EXTENSION plpgsql DROP FUNCTION ai_semantic.filter(text,text,jsonb);
2026-09-03 18:22:07.153 CST [121792] 005_function_identity.pl LOG:  statement: DROP FUNCTION ai_semantic.filter(text,text,jsonb);
2026-09-03 18:22:07.153 CST [121792] 005_function_identity.pl LOG:  statement: CREATE OR REPLACE FUNCTION ai_semantic.filter(input text, instruction text, options jsonb) RETURNS boolean LANGUAGE plpgsql VOLATILE AS $$ BEGIN RETURN true; END $$;
2026-09-03 18:22:07.163 CST [121794] 005_function_identity.pl LOG:  statement: SELECT 'ai_semantic.filter(text,text,jsonb)'::regprocedure::oid
2026-09-03 18:22:07.167 CST [121778] 005_function_identity.pl LOG:  statement: EXECUTE identity_plan
	;
2026-09-03 18:22:07.167 CST [121778] 005_function_identity.pl DETAIL:  prepare: PREPARE identity_plan AS SELECT content FROM identity_inputs WHERE ai_semantic.filter(content, 'Classify input.', '{"model":"golden-model-v1","temperature":0,"max_tokens":8}'::jsonb);
2026-09-03 18:22:07.169 CST [121778] 005_function_identity.pl LOG:  statement: EXPLAIN EXECUTE identity_plan
	;
2026-09-03 18:22:07.178 CST [121796] 005_function_identity.pl LOG:  statement: DROP FUNCTION ai_semantic.filter(text,text,jsonb);
2026-09-03 18:22:07.178 CST [121796] 005_function_identity.pl LOG:  statement: CREATE OR REPLACE FUNCTION ai_semantic.filter(input text, instruction text, options jsonb)
	 RETURNS boolean
	 LANGUAGE c
	AS '$libdir/semloom_pg', $function$semloom_marker_filter$function$
	;
2026-09-03 18:22:07.179 CST [121796] 005_function_identity.pl LOG:  statement: ALTER EXTENSION semloom_pg ADD FUNCTION ai_semantic.filter(text,text,jsonb);
2026-09-03 18:22:07.180 CST [121778] 005_function_identity.pl LOG:  statement: EXPLAIN EXECUTE identity_plan
	;
2026-09-03 18:22:07.189 CST [121798] 005_function_identity.pl LOG:  statement: SELECT 'ai_semantic.filter(text,text,jsonb)'::regprocedure::oid
2026-09-03 18:22:07.197 CST [121800] 005_function_identity.pl LOG:  statement: SELECT pg_get_functiondef('ai_semantic.filter(text,text,jsonb)'::regprocedure)
2026-09-03 18:22:07.205 CST [121802] 005_function_identity.pl LOG:  statement: SET plan_cache_mode=force_generic_plan;
2026-09-03 18:22:07.205 CST [121802] 005_function_identity.pl LOG:  statement: PREPARE identity_plan AS SELECT content FROM identity_inputs WHERE ai_semantic.filter(content, 'Classify input.', '{"model":"golden-model-v1","temperature":0,"max_tokens":8,"generation_profile":"semloom.generation.choice.tristate.v1"}'::jsonb);
2026-09-03 18:22:07.205 CST [121802] 005_function_identity.pl LOG:  statement: ;
2026-09-03 18:22:07.206 CST [121802] 005_function_identity.pl LOG:  statement: EXPLAIN EXECUTE identity_plan
	;
2026-09-03 18:22:07.214 CST [121804] 005_function_identity.pl LOG:  statement: ALTER EXTENSION semloom_pg DROP FUNCTION ai_semantic.filter(text,text,jsonb);
2026-09-03 18:22:07.224 CST [121806] 005_function_identity.pl LOG:  statement: EXPLAIN SELECT content FROM identity_inputs WHERE ai_semantic.filter(content, 'Classify input.', '{"model":"golden-model-v1","temperature":0,"max_tokens":8,"generation_profile":"semloom.generation.choice.tristate.v1"}'::jsonb)
2026-09-03 18:22:07.231 CST [121808] 005_function_identity.pl LOG:  statement: CREATE OR REPLACE FUNCTION ai_semantic.filter(input text, instruction text, options jsonb) RETURNS boolean LANGUAGE plpgsql VOLATILE AS $$ BEGIN RETURN true; END $$;
2026-09-03 18:22:07.240 CST [121810] 005_function_identity.pl LOG:  statement: SELECT 'ai_semantic.filter(text,text,jsonb)'::regprocedure::oid
2026-09-03 18:22:07.243 CST [121802] 005_function_identity.pl LOG:  statement: EXECUTE identity_plan
	;
2026-09-03 18:22:07.243 CST [121802] 005_function_identity.pl DETAIL:  prepare: PREPARE identity_plan AS SELECT content FROM identity_inputs WHERE ai_semantic.filter(content, 'Classify input.', '{"model":"golden-model-v1","temperature":0,"max_tokens":8,"generation_profile":"semloom.generation.choice.tristate.v1"}'::jsonb);
2026-09-03 18:22:07.245 CST [121802] 005_function_identity.pl LOG:  statement: EXPLAIN EXECUTE identity_plan
	;
2026-09-03 18:22:07.253 CST [121812] 005_function_identity.pl LOG:  statement: ALTER EXTENSION plpgsql ADD FUNCTION ai_semantic.filter(text,text,jsonb);
2026-09-03 18:22:07.263 CST [121814] 005_function_identity.pl LOG:  statement: EXPLAIN SELECT content FROM identity_inputs WHERE ai_semantic.filter(content, 'Classify input.', '{"model":"golden-model-v1","temperature":0,"max_tokens":8,"generation_profile":"semloom.generation.choice.tristate.v1"}'::jsonb)
2026-09-03 18:22:07.273 CST [121816] 005_function_identity.pl LOG:  statement: ALTER EXTENSION plpgsql DROP FUNCTION ai_semantic.filter(text,text,jsonb);
2026-09-03 18:22:07.273 CST [121816] 005_function_identity.pl LOG:  statement: DROP FUNCTION ai_semantic.filter(text,text,jsonb);
2026-09-03 18:22:07.273 CST [121816] 005_function_identity.pl LOG:  statement: CREATE OR REPLACE FUNCTION ai_semantic.filter(input text, instruction text, options jsonb) RETURNS boolean LANGUAGE plpgsql VOLATILE AS $$ BEGIN RETURN true; END $$;
2026-09-03 18:22:07.282 CST [121818] 005_function_identity.pl LOG:  statement: SELECT 'ai_semantic.filter(text,text,jsonb)'::regprocedure::oid
2026-09-03 18:22:07.284 CST [121802] 005_function_identity.pl LOG:  statement: EXECUTE identity_plan
	;
2026-09-03 18:22:07.284 CST [121802] 005_function_identity.pl DETAIL:  prepare: PREPARE identity_plan AS SELECT content FROM identity_inputs WHERE ai_semantic.filter(content, 'Classify input.', '{"model":"golden-model-v1","temperature":0,"max_tokens":8,"generation_profile":"semloom.generation.choice.tristate.v1"}'::jsonb);
2026-09-03 18:22:07.286 CST [121802] 005_function_identity.pl LOG:  statement: EXPLAIN EXECUTE identity_plan
	;
2026-09-03 18:22:07.294 CST [121820] 005_function_identity.pl LOG:  statement: DROP FUNCTION ai_semantic.filter(text,text,jsonb);
2026-09-03 18:22:07.295 CST [121820] 005_function_identity.pl LOG:  statement: CREATE OR REPLACE FUNCTION ai_semantic.filter(input text, instruction text, options jsonb)
	 RETURNS boolean
	 LANGUAGE c
	AS '$libdir/semloom_pg', $function$semloom_marker_filter$function$
	;
2026-09-03 18:22:07.295 CST [121820] 005_function_identity.pl LOG:  statement: ALTER EXTENSION semloom_pg ADD FUNCTION ai_semantic.filter(text,text,jsonb);
2026-09-03 18:22:07.296 CST [121802] 005_function_identity.pl LOG:  statement: EXPLAIN EXECUTE identity_plan
	;
2026-09-03 18:22:07.314 CST [121822] 005_function_identity.pl LOG:  statement: SELECT pg_backend_pid()
	;
2026-09-03 18:22:07.316 CST [121824] 005_function_identity.pl LOG:  statement: SELECT pg_backend_pid()
	;
2026-09-03 18:22:07.317 CST [121824] 005_function_identity.pl LOG:  statement: SELECT 'ai_semantic.map(text)'::regprocedure::oid, pg_get_functiondef('ai_semantic.map(text)'::regprocedure)
	;
2026-09-03 18:22:07.317 CST [121822] 005_function_identity.pl LOG:  statement: SET plan_cache_mode=force_generic_plan;
2026-09-03 18:22:07.317 CST [121822] 005_function_identity.pl LOG:  statement: PREPARE membership_plan AS SELECT ai_semantic.map(content) FROM identity_inputs;
2026-09-03 18:22:07.318 CST [121822] 005_function_identity.pl LOG:  statement: ;
2026-09-03 18:22:07.318 CST [121822] 005_function_identity.pl LOG:  statement: EXPLAIN EXECUTE membership_plan
	;
2026-09-03 18:22:07.319 CST [121824] 005_function_identity.pl LOG:  statement: BEGIN;
2026-09-03 18:22:07.319 CST [121824] 005_function_identity.pl LOG:  statement: ALTER EXTENSION semloom_pg DROP FUNCTION ai_semantic.map(text);
2026-09-03 18:22:07.319 CST [121824] 005_function_identity.pl LOG:  statement: COMMIT;
2026-09-03 18:22:07.319 CST [121824] 005_function_identity.pl LOG:  statement: ;
2026-09-03 18:22:07.319 CST [121824] 005_function_identity.pl LOG:  statement: SELECT 'ai_semantic.map(text)'::regprocedure::oid, pg_get_functiondef('ai_semantic.map(text)'::regprocedure)
	;
2026-09-03 18:22:07.320 CST [121822] 005_function_identity.pl LOG:  statement: EXPLAIN EXECUTE membership_plan
	;
2026-09-03 18:22:07.321 CST [121822] 005_function_identity.pl LOG:  statement: DISCARD PLANS
	;
2026-09-03 18:22:07.321 CST [121822] 005_function_identity.pl LOG:  statement: EXPLAIN EXECUTE membership_plan
	;
2026-09-03 18:22:07.322 CST [121822] 005_function_identity.pl LOG:  statement: SELECT count(*) FROM pg_prepared_statements WHERE name='membership_plan'
	;
2026-09-03 18:22:07.323 CST [121824] 005_function_identity.pl LOG:  statement: BEGIN;
2026-09-03 18:22:07.323 CST [121824] 005_function_identity.pl LOG:  statement: ALTER EXTENSION semloom_pg ADD FUNCTION ai_semantic.map(text);
2026-09-03 18:22:07.323 CST [121824] 005_function_identity.pl LOG:  statement: COMMIT;
2026-09-03 18:22:07.323 CST [121824] 005_function_identity.pl LOG:  statement: ;
2026-09-03 18:22:07.324 CST [121824] 005_function_identity.pl LOG:  statement: SELECT 'ai_semantic.map(text)'::regprocedure::oid, pg_get_functiondef('ai_semantic.map(text)'::regprocedure)
	;
2026-09-03 18:22:07.324 CST [121822] 005_function_identity.pl LOG:  statement: EXPLAIN EXECUTE membership_plan
	;
2026-09-03 18:22:07.325 CST [121822] 005_function_identity.pl LOG:  statement: DISCARD PLANS
	;
2026-09-03 18:22:07.325 CST [121822] 005_function_identity.pl LOG:  statement: EXPLAIN EXECUTE membership_plan
	;
2026-09-03 18:22:07.326 CST [121822] 005_function_identity.pl LOG:  statement: SELECT count(*) FROM pg_prepared_statements WHERE name='membership_plan'
	;
2026-09-03 18:22:07.346 CST [121826] 005_function_identity.pl LOG:  statement: SELECT pg_backend_pid()
	;
2026-09-03 18:22:07.347 CST [121828] 005_function_identity.pl LOG:  statement: SELECT pg_backend_pid()
	;
2026-09-03 18:22:07.348 CST [121828] 005_function_identity.pl LOG:  statement: SELECT 'ai_semantic.filter(text)'::regprocedure::oid, pg_get_functiondef('ai_semantic.filter(text)'::regprocedure)
	;
2026-09-03 18:22:07.349 CST [121826] 005_function_identity.pl LOG:  statement: SET plan_cache_mode=force_generic_plan;
2026-09-03 18:22:07.349 CST [121826] 005_function_identity.pl LOG:  statement: PREPARE membership_plan AS SELECT content FROM identity_inputs WHERE ai_semantic.filter(content);
2026-09-03 18:22:07.349 CST [121826] 005_function_identity.pl LOG:  statement: ;
2026-09-03 18:22:07.350 CST [121826] 005_function_identity.pl LOG:  statement: EXPLAIN EXECUTE membership_plan
	;
2026-09-03 18:22:07.350 CST [121828] 005_function_identity.pl LOG:  statement: BEGIN;
2026-09-03 18:22:07.351 CST [121828] 005_function_identity.pl LOG:  statement: ALTER EXTENSION semloom_pg DROP FUNCTION ai_semantic.filter(text);
2026-09-03 18:22:07.351 CST [121828] 005_function_identity.pl LOG:  statement: COMMIT;
2026-09-03 18:22:07.351 CST [121828] 005_function_identity.pl LOG:  statement: ;
2026-09-03 18:22:07.351 CST [121828] 005_function_identity.pl LOG:  statement: SELECT 'ai_semantic.filter(text)'::regprocedure::oid, pg_get_functiondef('ai_semantic.filter(text)'::regprocedure)
	;
2026-09-03 18:22:07.352 CST [121826] 005_function_identity.pl LOG:  statement: EXPLAIN EXECUTE membership_plan
	;
2026-09-03 18:22:07.352 CST [121826] 005_function_identity.pl LOG:  statement: DISCARD PLANS
	;
2026-09-03 18:22:07.353 CST [121826] 005_function_identity.pl LOG:  statement: EXPLAIN EXECUTE membership_plan
	;
2026-09-03 18:22:07.354 CST [121826] 005_function_identity.pl LOG:  statement: SELECT count(*) FROM pg_prepared_statements WHERE name='membership_plan'
	;
2026-09-03 18:22:07.354 CST [121828] 005_function_identity.pl LOG:  statement: BEGIN;
2026-09-03 18:22:07.355 CST [121828] 005_function_identity.pl LOG:  statement: ALTER EXTENSION semloom_pg ADD FUNCTION ai_semantic.filter(text);
2026-09-03 18:22:07.355 CST [121828] 005_function_identity.pl LOG:  statement: COMMIT;
2026-09-03 18:22:07.355 CST [121828] 005_function_identity.pl LOG:  statement: ;
2026-09-03 18:22:07.355 CST [121828] 005_function_identity.pl LOG:  statement: SELECT 'ai_semantic.filter(text)'::regprocedure::oid, pg_get_functiondef('ai_semantic.filter(text)'::regprocedure)
	;
2026-09-03 18:22:07.356 CST [121826] 005_function_identity.pl LOG:  statement: EXPLAIN EXECUTE membership_plan
	;
2026-09-03 18:22:07.356 CST [121826] 005_function_identity.pl LOG:  statement: DISCARD PLANS
	;
2026-09-03 18:22:07.357 CST [121826] 005_function_identity.pl LOG:  statement: EXPLAIN EXECUTE membership_plan
	;
2026-09-03 18:22:07.358 CST [121826] 005_function_identity.pl LOG:  statement: SELECT count(*) FROM pg_prepared_statements WHERE name='membership_plan'
	;
2026-09-03 18:22:07.377 CST [121830] 005_function_identity.pl LOG:  statement: SELECT pg_backend_pid()
	;
2026-09-03 18:22:07.379 CST [121832] 005_function_identity.pl LOG:  statement: SELECT pg_backend_pid()
	;
2026-09-03 18:22:07.380 CST [121832] 005_function_identity.pl LOG:  statement: SELECT 'ai_semantic.filter(text,text,jsonb)'::regprocedure::oid, pg_get_functiondef('ai_semantic.filter(text,text,jsonb)'::regprocedure)
	;
2026-09-03 18:22:07.381 CST [121830] 005_function_identity.pl LOG:  statement: SET plan_cache_mode=force_generic_plan;
2026-09-03 18:22:07.381 CST [121830] 005_function_identity.pl LOG:  statement: PREPARE membership_plan AS SELECT content FROM identity_inputs WHERE ai_semantic.filter(content, 'Classify input.', '{"model":"golden-model-v1","temperature":0,"max_tokens":8}'::jsonb);
2026-09-03 18:22:07.381 CST [121830] 005_function_identity.pl LOG:  statement: ;
2026-09-03 18:22:07.381 CST [121830] 005_function_identity.pl LOG:  statement: EXPLAIN EXECUTE membership_plan
	;
2026-09-03 18:22:07.382 CST [121832] 005_function_identity.pl LOG:  statement: BEGIN;
2026-09-03 18:22:07.382 CST [121832] 005_function_identity.pl LOG:  statement: ALTER EXTENSION semloom_pg DROP FUNCTION ai_semantic.filter(text,text,jsonb);
2026-09-03 18:22:07.383 CST [121832] 005_function_identity.pl LOG:  statement: COMMIT;
2026-09-03 18:22:07.383 CST [121832] 005_function_identity.pl LOG:  statement: ;
2026-09-03 18:22:07.383 CST [121832] 005_function_identity.pl LOG:  statement: SELECT 'ai_semantic.filter(text,text,jsonb)'::regprocedure::oid, pg_get_functiondef('ai_semantic.filter(text,text,jsonb)'::regprocedure)
	;
2026-09-03 18:22:07.384 CST [121830] 005_function_identity.pl LOG:  statement: EXPLAIN EXECUTE membership_plan
	;
2026-09-03 18:22:07.384 CST [121830] 005_function_identity.pl LOG:  statement: DISCARD PLANS
	;
2026-09-03 18:22:07.385 CST [121830] 005_function_identity.pl LOG:  statement: EXPLAIN EXECUTE membership_plan
	;
2026-09-03 18:22:07.386 CST [121830] 005_function_identity.pl LOG:  statement: SELECT count(*) FROM pg_prepared_statements WHERE name='membership_plan'
	;
2026-09-03 18:22:07.386 CST [121832] 005_function_identity.pl LOG:  statement: BEGIN;
2026-09-03 18:22:07.387 CST [121832] 005_function_identity.pl LOG:  statement: ALTER EXTENSION semloom_pg ADD FUNCTION ai_semantic.filter(text,text,jsonb);
2026-09-03 18:22:07.387 CST [121832] 005_function_identity.pl LOG:  statement: COMMIT;
2026-09-03 18:22:07.387 CST [121832] 005_function_identity.pl LOG:  statement: ;
2026-09-03 18:22:07.387 CST [121832] 005_function_identity.pl LOG:  statement: SELECT 'ai_semantic.filter(text,text,jsonb)'::regprocedure::oid, pg_get_functiondef('ai_semantic.filter(text,text,jsonb)'::regprocedure)
	;
2026-09-03 18:22:07.388 CST [121830] 005_function_identity.pl LOG:  statement: EXPLAIN EXECUTE membership_plan
	;
2026-09-03 18:22:07.388 CST [121830] 005_function_identity.pl LOG:  statement: DISCARD PLANS
	;
2026-09-03 18:22:07.389 CST [121830] 005_function_identity.pl LOG:  statement: EXPLAIN EXECUTE membership_plan
	;
2026-09-03 18:22:07.390 CST [121830] 005_function_identity.pl LOG:  statement: SELECT count(*) FROM pg_prepared_statements WHERE name='membership_plan'
	;
2026-09-03 18:22:07.411 CST [121834] 005_function_identity.pl LOG:  statement: SELECT pg_backend_pid()
	;
2026-09-03 18:22:07.412 CST [121836] 005_function_identity.pl LOG:  statement: SELECT pg_backend_pid()
	;
2026-09-03 18:22:07.414 CST [121836] 005_function_identity.pl LOG:  statement: SELECT 'ai_semantic.filter(text,text,jsonb)'::regprocedure::oid, pg_get_functiondef('ai_semantic.filter(text,text,jsonb)'::regprocedure)
	;
2026-09-03 18:22:07.414 CST [121834] 005_function_identity.pl LOG:  statement: SET plan_cache_mode=force_generic_plan;
2026-09-03 18:22:07.414 CST [121834] 005_function_identity.pl LOG:  statement: PREPARE membership_plan AS SELECT content FROM identity_inputs WHERE ai_semantic.filter(content, 'Classify input.', '{"model":"golden-model-v1","temperature":0,"max_tokens":8,"generation_profile":"semloom.generation.choice.tristate.v1"}'::jsonb);
2026-09-03 18:22:07.415 CST [121834] 005_function_identity.pl LOG:  statement: ;
2026-09-03 18:22:07.415 CST [121834] 005_function_identity.pl LOG:  statement: EXPLAIN EXECUTE membership_plan
	;
2026-09-03 18:22:07.416 CST [121836] 005_function_identity.pl LOG:  statement: BEGIN;
2026-09-03 18:22:07.416 CST [121836] 005_function_identity.pl LOG:  statement: ALTER EXTENSION semloom_pg DROP FUNCTION ai_semantic.filter(text,text,jsonb);
2026-09-03 18:22:07.416 CST [121836] 005_function_identity.pl LOG:  statement: COMMIT;
2026-09-03 18:22:07.416 CST [121836] 005_function_identity.pl LOG:  statement: ;
2026-09-03 18:22:07.417 CST [121836] 005_function_identity.pl LOG:  statement: SELECT 'ai_semantic.filter(text,text,jsonb)'::regprocedure::oid, pg_get_functiondef('ai_semantic.filter(text,text,jsonb)'::regprocedure)
	;
2026-09-03 18:22:07.417 CST [121834] 005_function_identity.pl LOG:  statement: EXPLAIN EXECUTE membership_plan
	;
2026-09-03 18:22:07.418 CST [121834] 005_function_identity.pl LOG:  statement: DISCARD PLANS
	;
2026-09-03 18:22:07.418 CST [121834] 005_function_identity.pl LOG:  statement: EXPLAIN EXECUTE membership_plan
	;
2026-09-03 18:22:07.419 CST [121834] 005_function_identity.pl LOG:  statement: SELECT count(*) FROM pg_prepared_statements WHERE name='membership_plan'
	;
2026-09-03 18:22:07.420 CST [121836] 005_function_identity.pl LOG:  statement: BEGIN;
2026-09-03 18:22:07.420 CST [121836] 005_function_identity.pl LOG:  statement: ALTER EXTENSION semloom_pg ADD FUNCTION ai_semantic.filter(text,text,jsonb);
2026-09-03 18:22:07.420 CST [121836] 005_function_identity.pl LOG:  statement: COMMIT;
2026-09-03 18:22:07.421 CST [121836] 005_function_identity.pl LOG:  statement: ;
2026-09-03 18:22:07.421 CST [121836] 005_function_identity.pl LOG:  statement: SELECT 'ai_semantic.filter(text,text,jsonb)'::regprocedure::oid, pg_get_functiondef('ai_semantic.filter(text,text,jsonb)'::regprocedure)
	;
2026-09-03 18:22:07.422 CST [121834] 005_function_identity.pl LOG:  statement: EXPLAIN EXECUTE membership_plan
	;
2026-09-03 18:22:07.422 CST [121834] 005_function_identity.pl LOG:  statement: DISCARD PLANS
	;
2026-09-03 18:22:07.422 CST [121834] 005_function_identity.pl LOG:  statement: EXPLAIN EXECUTE membership_plan
	;
2026-09-03 18:22:07.423 CST [121834] 005_function_identity.pl LOG:  statement: SELECT count(*) FROM pg_prepared_statements WHERE name='membership_plan'
	;
2026-09-03 18:22:07.432 CST [121838] 005_function_identity.pl LOG:  statement: DROP EXTENSION semloom_pg CASCADE;
2026-09-03 18:22:07.433 CST [121838] 005_function_identity.pl LOG:  statement: CREATE SCHEMA ai_semantic;
2026-09-03 18:22:07.441 CST [121840] 005_function_identity.pl LOG:  statement: CREATE OR REPLACE FUNCTION ai_semantic.map(input text) RETURNS text LANGUAGE plpgsql VOLATILE AS $$ BEGIN RETURN 'ordinary:' || $1; END $$;
2026-09-03 18:22:07.450 CST [121842] 005_function_identity.pl LOG:  statement: CREATE OR REPLACE FUNCTION ai_semantic.filter(input text) RETURNS boolean LANGUAGE plpgsql VOLATILE AS $$ BEGIN RETURN true; END $$;
2026-09-03 18:22:07.457 CST [121844] 005_function_identity.pl LOG:  statement: CREATE OR REPLACE FUNCTION ai_semantic.filter(input text, instruction text, options jsonb) RETURNS boolean LANGUAGE plpgsql VOLATILE AS $$ BEGIN RETURN true; END $$;
2026-09-03 18:22:07.467 CST [121847] 005_function_identity.pl LOG:  statement: CREATE OR REPLACE FUNCTION ai_semantic.filter(input text, instruction text, options jsonb) RETURNS boolean LANGUAGE plpgsql VOLATILE AS $$ BEGIN RETURN true; END $$;
2026-09-03 18:22:07.476 CST [121849] 005_function_identity.pl LOG:  statement: SELECT ai_semantic.map(content) FROM identity_inputs
2026-09-03 18:22:07.486 CST [121851] 005_function_identity.pl LOG:  statement: EXPLAIN SELECT ai_semantic.map(content) FROM identity_inputs
2026-09-03 18:22:07.495 CST [121853] 005_function_identity.pl LOG:  statement: SELECT content FROM identity_inputs WHERE ai_semantic.filter(content)
2026-09-03 18:22:07.508 CST [121855] 005_function_identity.pl LOG:  statement: EXPLAIN SELECT content FROM identity_inputs WHERE ai_semantic.filter(content)
2026-09-03 18:22:07.516 CST [121857] 005_function_identity.pl LOG:  statement: SELECT content FROM identity_inputs WHERE ai_semantic.filter(content, 'Classify input.', '{"model":"golden-model-v1","temperature":0,"max_tokens":8}'::jsonb)
2026-09-03 18:22:07.523 CST [121859] 005_function_identity.pl LOG:  statement: EXPLAIN SELECT content FROM identity_inputs WHERE ai_semantic.filter(content, 'Classify input.', '{"model":"golden-model-v1","temperature":0,"max_tokens":8}'::jsonb)
2026-09-03 18:22:07.533 CST [121861] 005_function_identity.pl LOG:  statement: SELECT content FROM identity_inputs WHERE ai_semantic.filter(content, 'Classify input.', '{"model":"golden-model-v1","temperature":0,"max_tokens":8,"generation_profile":"semloom.generation.choice.tristate.v1"}'::jsonb)
2026-09-03 18:22:07.543 CST [121863] 005_function_identity.pl LOG:  statement: EXPLAIN SELECT content FROM identity_inputs WHERE ai_semantic.filter(content, 'Classify input.', '{"model":"golden-model-v1","temperature":0,"max_tokens":8,"generation_profile":"semloom.generation.choice.tristate.v1"}'::jsonb)
2026-09-03 18:22:07.551 CST [121865] 005_function_identity.pl LOG:  statement: SELECT content FROM identity_inputs
2026-09-03 18:22:07.555 CST [121655] LOG:  received fast shutdown request
2026-09-03 18:22:07.555 CST [121655] LOG:  aborting any active transactions
2026-09-03 18:22:07.556 CST [121655] LOG:  background worker "logical replication launcher" (PID 121664) exited with exit code 1
2026-09-03 18:22:07.557 CST [121659] LOG:  shutting down
2026-09-03 18:22:07.557 CST [121659] LOG:  checkpoint starting: shutdown immediate
2026-09-03 18:22:07.559 CST [121659] LOG:  checkpoint complete: wrote 71 buffers (0.4%), wrote 3 SLRU buffers; 0 WAL file(s) added, 0 removed, 0 recycled; write=0.002 s, sync=0.001 s, total=0.003 s; sync files=0, longest=0.000 s, average=0.000 s; distance=390 kB, estimate=390 kB; lsn=0/174EE98, redo lsn=0/174EE98
2026-09-03 18:22:07.567 CST [121655] LOG:  database system is shut down
