2026-09-03 18:22:08.372 CST [121898] LOG:  starting PostgreSQL 18.3 on x86_64-pc-linux-gnu, compiled by gcc (Ubuntu 11.4.0-1ubuntu1~22.04.3) 11.4.0, 64-bit
2026-09-03 18:22:08.372 CST [121898] LOG:  listening on Unix socket "/tmp/AcZBAWEKpg/.s.PGSQL.16442"
2026-09-03 18:22:08.374 CST [121904] LOG:  database system was shut down at 2026-09-03 18:22:08 CST
2026-09-03 18:22:08.376 CST [121898] LOG:  database system is ready to accept connections
2026-09-03 18:22:08.472 CST [121909] 006_map_plan.pl LOG:  statement: CREATE EXTENSION semloom_pg VERSION '0.1.0';
2026-09-03 18:22:08.484 CST [121911] 006_map_plan.pl LOG:  statement: CREATE ROLE old_map_reader;
2026-09-03 18:22:08.485 CST [121911] 006_map_plan.pl LOG:  statement: REVOKE EXECUTE ON FUNCTION ai_semantic.map(text) FROM PUBLIC;
2026-09-03 18:22:08.485 CST [121911] 006_map_plan.pl LOG:  statement: GRANT EXECUTE ON FUNCTION ai_semantic.map(text) TO old_map_reader;
2026-09-03 18:22:08.493 CST [121913] 006_map_plan.pl LOG:  statement: SELECT oid, proname, proargtypes, provolatile, proparallel, proisstrict, prosecdef, proleakproof,
	       coalesce(proacl::text, '')
	FROM pg_proc WHERE pronamespace = 'ai_semantic'::regnamespace ORDER BY oid;
2026-09-03 18:22:08.503 CST [121915] 006_map_plan.pl LOG:  statement: ALTER EXTENSION semloom_pg UPDATE TO '0.2.0';
2026-09-03 18:22:08.511 CST [121917] 006_map_plan.pl LOG:  statement: SELECT oid, proname, proargtypes, provolatile, proparallel, proisstrict, prosecdef, proleakproof,
	       coalesce(proacl::text, '')
	FROM pg_proc WHERE pronamespace = 'ai_semantic'::regnamespace
	AND oid <> 'ai_semantic.map(text,text,jsonb)'::regprocedure ORDER BY oid;
2026-09-03 18:22:08.519 CST [121919] 006_map_plan.pl LOG:  statement: SELECT prorettype::regtype, l.lanname, provolatile, proparallel, proisstrict, prosecdef, proleakproof
	FROM pg_proc p JOIN pg_language l ON l.oid = p.prolang
	WHERE p.oid = 'ai_semantic.map(text,text,jsonb)'::regprocedure;
2026-09-03 18:22:08.530 CST [121921] 006_map_plan.pl LOG:  statement: SELECT pg_get_functiondef('ai_semantic.map(text,text,jsonb)'::regprocedure);
2026-09-03 18:22:08.540 CST [121923] 006_map_plan.pl LOG:  statement: CREATE DATABASE map_fresh
2026-09-03 18:22:08.595 CST [121925] 006_map_plan.pl LOG:  statement: CREATE EXTENSION semloom_pg
2026-09-03 18:22:08.604 CST [121927] 006_map_plan.pl LOG:  statement: SELECT extversion FROM pg_extension WHERE extname='semloom_pg'
2026-09-03 18:22:08.616 CST [121929] 006_map_plan.pl LOG:  statement: SELECT pg_get_functiondef('ai_semantic.map(text,text,jsonb)'::regprocedure);
2026-09-03 18:22:08.626 CST [121931] 006_map_plan.pl LOG:  statement: SELECT e.extname FROM pg_depend d JOIN pg_extension e ON e.oid = d.refobjid
	WHERE d.classid = 'pg_proc'::regclass AND d.objid = 'ai_semantic.map(text,text,jsonb)'::regprocedure
	AND d.refclassid = 'pg_extension'::regclass AND d.deptype = 'e';
2026-09-03 18:22:08.638 CST [121933] 006_map_plan.pl LOG:  statement: SELECT e.extname FROM pg_depend d JOIN pg_extension e ON e.oid = d.refobjid
	WHERE d.classid = 'pg_proc'::regclass AND d.objid = 'ai_semantic.map(text,text,jsonb)'::regprocedure
	AND d.refclassid = 'pg_extension'::regclass AND d.deptype = 'e';
2026-09-03 18:22:08.649 CST [121935] 006_map_plan.pl LOG:  statement: CREATE TABLE map_inputs(id integer, body text);
2026-09-03 18:22:08.651 CST [121935] 006_map_plan.pl LOG:  statement: INSERT INTO map_inputs VALUES (1, 'hello'), (2, NULL);
2026-09-03 18:22:08.660 CST [121937] 006_map_plan.pl LOG:  statement: EXPLAIN (FORMAT JSON) SELECT id, ai_semantic.map(body, 'Echo the input.', '{"model":"golden-map-v1","temperature":0,"max_tokens":128}'::jsonb) AS generated FROM ONLY map_inputs
2026-09-03 18:22:08.671 CST [121939] 006_map_plan.pl LOG:  statement: EXPLAIN SELECT id, ai_semantic.map(body, 'Echo the input.', '{"model":"golden-map-v1","temperature":0,"max_tokens":128}'::jsonb) AS generated FROM ONLY map_inputs
2026-09-03 18:22:08.678 CST [121941] 006_map_plan.pl LOG:  statement: SET semloom_pg.gateway_socket='invalid-relative-path';
2026-09-03 18:22:08.679 CST [121941] 006_map_plan.pl LOG:  statement: SELECT id, ai_semantic.map(body, 'Echo the input.', '{"model":"golden-map-v1","temperature":0,"max_tokens":128}'::jsonb) AS generated FROM ONLY map_inputs;
2026-09-03 18:22:08.679 CST [121941] 006_map_plan.pl ERROR:  SemLoom provider socket path must be absolute
2026-09-03 18:22:08.679 CST [121941] 006_map_plan.pl STATEMENT:  SELECT id, ai_semantic.map(body, 'Echo the input.', '{"model":"golden-map-v1","temperature":0,"max_tokens":128}'::jsonb) AS generated FROM ONLY map_inputs;
2026-09-03 18:22:08.688 CST [121943] 006_map_plan.pl LOG:  statement: CREATE FUNCTION wrapped_map(input text, instruction text, options jsonb) RETURNS text
	LANGUAGE sql VOLATILE RETURN ai_semantic.map(input, instruction, options);
2026-09-03 18:22:08.689 CST [121943] 006_map_plan.pl LOG:  statement: CREATE FUNCTION wrapped_map_text(input text, instruction text, options jsonb) RETURNS text
	LANGUAGE sql VOLATILE AS $$ SELECT ai_semantic.map($1, $2, $3) $$;
2026-09-03 18:22:08.689 CST [121943] 006_map_plan.pl LOG:  statement: CREATE FUNCTION ordinary_echo(text) RETURNS text LANGUAGE sql IMMUTABLE RETURN $1 || '';
2026-09-03 18:22:08.698 CST [121945] 006_map_plan.pl LOG:  statement: SET plan_cache_mode=force_custom_plan;
2026-09-03 18:22:08.698 CST [121945] 006_map_plan.pl LOG:  statement: PREPARE wrapped_map_parameter(text) AS SELECT wrapped_map(body, $1, '{"model":"golden-map-v1","temperature":0,"max_tokens":128}'::jsonb) FROM ONLY map_inputs;
2026-09-03 18:22:08.698 CST [121945] 006_map_plan.pl LOG:  statement: EXPLAIN EXECUTE wrapped_map_parameter('Echo the input.');
2026-09-03 18:22:08.699 CST [121945] 006_map_plan.pl ERROR:  generative SemMap must be a direct query output
2026-09-03 18:22:08.699 CST [121945] 006_map_plan.pl STATEMENT:  EXPLAIN EXECUTE wrapped_map_parameter('Echo the input.');
2026-09-03 18:22:08.707 CST [121947] 006_map_plan.pl LOG:  statement: SET plan_cache_mode=force_custom_plan;
2026-09-03 18:22:08.707 CST [121947] 006_map_plan.pl LOG:  statement: PREPARE wrapped_map_parameter(text) AS SELECT wrapped_map_text(body, $1, '{"model":"golden-map-v1","temperature":0,"max_tokens":128}'::jsonb) FROM ONLY map_inputs;
2026-09-03 18:22:08.708 CST [121947] 006_map_plan.pl LOG:  statement: EXPLAIN EXECUTE wrapped_map_parameter('Echo the input.');
2026-09-03 18:22:08.708 CST [121947] 006_map_plan.pl ERROR:  generative SemMap must be a direct query output
2026-09-03 18:22:08.708 CST [121947] 006_map_plan.pl STATEMENT:  EXPLAIN EXECUTE wrapped_map_parameter('Echo the input.');
2026-09-03 18:22:08.716 CST [121949] 006_map_plan.pl LOG:  statement: SET plan_cache_mode=force_custom_plan;
2026-09-03 18:22:08.716 CST [121949] 006_map_plan.pl LOG:  statement: PREPARE ordinary_input(text) AS SELECT ordinary_echo($1) FROM ONLY map_inputs;
2026-09-03 18:22:08.716 CST [121949] 006_map_plan.pl LOG:  statement: EXPLAIN (VERBOSE) EXECUTE ordinary_input('hello');
2026-09-03 18:22:08.725 CST [121951] 006_map_plan.pl LOG:  statement: SET plan_cache_mode=force_custom_plan;
2026-09-03 18:22:08.725 CST [121951] 006_map_plan.pl LOG:  statement: PREPARE direct_map_input(text) AS SELECT ai_semantic.map(ordinary_echo($1), 'Echo the input.', '{"model":"golden-map-v1","temperature":0,"max_tokens":128}'::jsonb) FROM ONLY map_inputs;
2026-09-03 18:22:08.725 CST [121951] 006_map_plan.pl LOG:  statement: EXPLAIN (FORMAT JSON) EXECUTE direct_map_input('hello');
2026-09-03 18:22:08.734 CST [121953] 006_map_plan.pl LOG:  statement: SET plan_cache_mode=force_generic_plan;
2026-09-03 18:22:08.735 CST [121953] 006_map_plan.pl LOG:  statement: PREPARE wrapped_map_parameter(text) AS SELECT wrapped_map(body, $1, '{"model":"golden-map-v1","temperature":0,"max_tokens":128}'::jsonb) FROM ONLY map_inputs;
2026-09-03 18:22:08.735 CST [121953] 006_map_plan.pl LOG:  statement: EXPLAIN EXECUTE wrapped_map_parameter('Echo the input.');
2026-09-03 18:22:08.735 CST [121953] 006_map_plan.pl ERROR:  generative SemMap must be a direct query output
2026-09-03 18:22:08.735 CST [121953] 006_map_plan.pl STATEMENT:  EXPLAIN EXECUTE wrapped_map_parameter('Echo the input.');
2026-09-03 18:22:08.743 CST [121955] 006_map_plan.pl LOG:  statement: SET plan_cache_mode=force_generic_plan;
2026-09-03 18:22:08.743 CST [121955] 006_map_plan.pl LOG:  statement: PREPARE wrapped_map_parameter(text) AS SELECT wrapped_map_text(body, $1, '{"model":"golden-map-v1","temperature":0,"max_tokens":128}'::jsonb) FROM ONLY map_inputs;
2026-09-03 18:22:08.743 CST [121955] 006_map_plan.pl LOG:  statement: EXPLAIN EXECUTE wrapped_map_parameter('Echo the input.');
2026-09-03 18:22:08.744 CST [121955] 006_map_plan.pl ERROR:  generative SemMap must be a direct query output
2026-09-03 18:22:08.744 CST [121955] 006_map_plan.pl STATEMENT:  EXPLAIN EXECUTE wrapped_map_parameter('Echo the input.');
2026-09-03 18:22:08.751 CST [121957] 006_map_plan.pl LOG:  statement: SET plan_cache_mode=force_generic_plan;
2026-09-03 18:22:08.751 CST [121957] 006_map_plan.pl LOG:  statement: PREPARE ordinary_input(text) AS SELECT ordinary_echo($1) FROM ONLY map_inputs;
2026-09-03 18:22:08.751 CST [121957] 006_map_plan.pl LOG:  statement: EXPLAIN (VERBOSE) EXECUTE ordinary_input('hello');
2026-09-03 18:22:08.758 CST [121959] 006_map_plan.pl LOG:  statement: SET plan_cache_mode=force_generic_plan;
2026-09-03 18:22:08.758 CST [121959] 006_map_plan.pl LOG:  statement: PREPARE direct_map_input(text) AS SELECT ai_semantic.map(ordinary_echo($1), 'Echo the input.', '{"model":"golden-map-v1","temperature":0,"max_tokens":128}'::jsonb) FROM ONLY map_inputs;
2026-09-03 18:22:08.758 CST [121959] 006_map_plan.pl LOG:  statement: EXPLAIN (FORMAT JSON) EXECUTE direct_map_input('hello');
2026-09-03 18:22:08.767 CST [121961] 006_map_plan.pl LOG:  statement: EXPLAIN SELECT wrapped_map(body, 'Echo the input.', '{"model":"golden-map-v1","temperature":0,"max_tokens":128}'::jsonb) FROM ONLY map_inputs;
2026-09-03 18:22:08.767 CST [121961] 006_map_plan.pl ERROR:  generative SemMap must be a direct query output
2026-09-03 18:22:08.767 CST [121961] 006_map_plan.pl STATEMENT:  EXPLAIN SELECT wrapped_map(body, 'Echo the input.', '{"model":"golden-map-v1","temperature":0,"max_tokens":128}'::jsonb) FROM ONLY map_inputs;
2026-09-03 18:22:08.774 CST [121963] 006_map_plan.pl LOG:  statement: DROP FUNCTION wrapped_map(text,text,jsonb);
2026-09-03 18:22:08.775 CST [121963] 006_map_plan.pl LOG:  statement: DROP FUNCTION wrapped_map_text(text,text,jsonb);
2026-09-03 18:22:08.783 CST [121965] 006_map_plan.pl LOG:  statement: CREATE FUNCTION nested_instruction() RETURNS text LANGUAGE plpgsql IMMUTABLE AS $$
	DECLARE result text;
	BEGIN
	  BEGIN
	    EXECUTE 'SELECT 1 / 0';
	  EXCEPTION WHEN division_by_zero THEN
	    NULL;
	  END;
	  EXECUTE 'SELECT ''Echo the input.''::text' INTO result;
	  RETURN result;
	END $$;
2026-09-03 18:22:08.792 CST [121967] 006_map_plan.pl LOG:  statement: EXPLAIN (FORMAT JSON) SELECT ai_semantic.map(body, nested_instruction(), '{"model":"golden-map-v1","temperature":0,"max_tokens":128}'::jsonb) FROM ONLY map_inputs;
2026-09-03 18:22:08.804 CST [121969] 006_map_plan.pl LOG:  statement: SET plan_cache_mode=force_custom_plan;
2026-09-03 18:22:08.804 CST [121969] 006_map_plan.pl LOG:  statement: PREPARE map_parameter(text) AS SELECT ai_semantic.map(body, $1, '{"model":"golden-map-v1","temperature":0,"max_tokens":128}'::jsonb) FROM ONLY map_inputs;
2026-09-03 18:22:08.804 CST [121969] 006_map_plan.pl LOG:  statement: EXPLAIN EXECUTE map_parameter('Echo the input.');
2026-09-03 18:22:08.805 CST [121969] 006_map_plan.pl ERROR:  SemMap instruction and options must be fixed immutable constants
2026-09-03 18:22:08.805 CST [121969] 006_map_plan.pl STATEMENT:  EXPLAIN EXECUTE map_parameter('Echo the input.');
2026-09-03 18:22:08.814 CST [121971] 006_map_plan.pl LOG:  statement: SET plan_cache_mode=force_custom_plan;
2026-09-03 18:22:08.814 CST [121971] 006_map_plan.pl LOG:  statement: PREPARE map_parameter(jsonb) AS SELECT ai_semantic.map(body, 'Echo the input.', $1) FROM ONLY map_inputs;
2026-09-03 18:22:08.814 CST [121971] 006_map_plan.pl LOG:  statement: EXPLAIN EXECUTE map_parameter('{"model":"golden-map-v1","temperature":0,"max_tokens":128}'::jsonb);
2026-09-03 18:22:08.814 CST [121971] 006_map_plan.pl ERROR:  SemMap instruction and options must be fixed immutable constants
2026-09-03 18:22:08.814 CST [121971] 006_map_plan.pl STATEMENT:  EXPLAIN EXECUTE map_parameter('{"model":"golden-map-v1","temperature":0,"max_tokens":128}'::jsonb);
2026-09-03 18:22:08.823 CST [121973] 006_map_plan.pl LOG:  statement: SET plan_cache_mode=force_custom_plan;
2026-09-03 18:22:08.823 CST [121973] 006_map_plan.pl LOG:  statement: PREPARE map_input(text, integer) AS SELECT ai_semantic.map($1, 'Echo the input.', '{"model":"golden-map-v1","temperature":0,"max_tokens":128}'::jsonb) FROM ONLY map_inputs WHERE id >= $2;
2026-09-03 18:22:08.824 CST [121973] 006_map_plan.pl LOG:  statement: EXPLAIN (FORMAT JSON) EXECUTE map_input('hello', 1);
2026-09-03 18:22:08.835 CST [121975] 006_map_plan.pl LOG:  statement: SET plan_cache_mode=force_generic_plan;
2026-09-03 18:22:08.835 CST [121975] 006_map_plan.pl LOG:  statement: PREPARE map_parameter(text) AS SELECT ai_semantic.map(body, $1, '{"model":"golden-map-v1","temperature":0,"max_tokens":128}'::jsonb) FROM ONLY map_inputs;
2026-09-03 18:22:08.835 CST [121975] 006_map_plan.pl LOG:  statement: EXPLAIN EXECUTE map_parameter('Echo the input.');
2026-09-03 18:22:08.836 CST [121975] 006_map_plan.pl ERROR:  SemMap instruction and options must be fixed immutable constants
2026-09-03 18:22:08.836 CST [121975] 006_map_plan.pl STATEMENT:  EXPLAIN EXECUTE map_parameter('Echo the input.');
2026-09-03 18:22:08.843 CST [121977] 006_map_plan.pl LOG:  statement: SET plan_cache_mode=force_generic_plan;
2026-09-03 18:22:08.843 CST [121977] 006_map_plan.pl LOG:  statement: PREPARE map_parameter(jsonb) AS SELECT ai_semantic.map(body, 'Echo the input.', $1) FROM ONLY map_inputs;
2026-09-03 18:22:08.844 CST [121977] 006_map_plan.pl LOG:  statement: EXPLAIN EXECUTE map_parameter('{"model":"golden-map-v1","temperature":0,"max_tokens":128}'::jsonb);
2026-09-03 18:22:08.844 CST [121977] 006_map_plan.pl ERROR:  SemMap instruction and options must be fixed immutable constants
2026-09-03 18:22:08.844 CST [121977] 006_map_plan.pl STATEMENT:  EXPLAIN EXECUTE map_parameter('{"model":"golden-map-v1","temperature":0,"max_tokens":128}'::jsonb);
2026-09-03 18:22:08.853 CST [121979] 006_map_plan.pl LOG:  statement: SET plan_cache_mode=force_generic_plan;
2026-09-03 18:22:08.853 CST [121979] 006_map_plan.pl LOG:  statement: PREPARE map_input(text, integer) AS SELECT ai_semantic.map($1, 'Echo the input.', '{"model":"golden-map-v1","temperature":0,"max_tokens":128}'::jsonb) FROM ONLY map_inputs WHERE id >= $2;
2026-09-03 18:22:08.853 CST [121979] 006_map_plan.pl LOG:  statement: EXPLAIN (FORMAT JSON) EXECUTE map_input('hello', 1);
2026-09-03 18:22:08.866 CST [121981] 006_map_plan.pl LOG:  statement: CREATE FUNCTION stable_instruction() RETURNS text LANGUAGE sql STABLE AS $$ SELECT 'Echo the input.'::text $$;
2026-09-03 18:22:08.866 CST [121981] 006_map_plan.pl LOG:  statement: CREATE FUNCTION volatile_instruction() RETURNS text LANGUAGE sql VOLATILE AS $$ SELECT 'Echo the input.'::text $$;
2026-09-03 18:22:08.874 CST [121983] 006_map_plan.pl LOG:  statement: EXPLAIN SELECT ai_semantic.map(body, body, '{"model":"golden-map-v1","temperature":0,"max_tokens":128}'::jsonb) FROM ONLY map_inputs;
2026-09-03 18:22:08.875 CST [121983] 006_map_plan.pl ERROR:  SemMap instruction and options must be fixed immutable constants
2026-09-03 18:22:08.875 CST [121983] 006_map_plan.pl STATEMENT:  EXPLAIN SELECT ai_semantic.map(body, body, '{"model":"golden-map-v1","temperature":0,"max_tokens":128}'::jsonb) FROM ONLY map_inputs;
2026-09-03 18:22:08.884 CST [121985] 006_map_plan.pl LOG:  statement: EXPLAIN SELECT ai_semantic.map(body, (SELECT 'Echo the input.'::text), '{"model":"golden-map-v1","temperature":0,"max_tokens":128}'::jsonb) FROM ONLY map_inputs;
2026-09-03 18:22:08.884 CST [121985] 006_map_plan.pl ERROR:  SemMap instruction and options must be fixed immutable constants
2026-09-03 18:22:08.884 CST [121985] 006_map_plan.pl STATEMENT:  EXPLAIN SELECT ai_semantic.map(body, (SELECT 'Echo the input.'::text), '{"model":"golden-map-v1","temperature":0,"max_tokens":128}'::jsonb) FROM ONLY map_inputs;
2026-09-03 18:22:08.891 CST [121987] 006_map_plan.pl LOG:  statement: EXPLAIN SELECT ai_semantic.map(body, stable_instruction(), '{"model":"golden-map-v1","temperature":0,"max_tokens":128}'::jsonb) FROM ONLY map_inputs;
2026-09-03 18:22:08.891 CST [121987] 006_map_plan.pl ERROR:  SemMap instruction and options must be fixed immutable constants
2026-09-03 18:22:08.891 CST [121987] 006_map_plan.pl STATEMENT:  EXPLAIN SELECT ai_semantic.map(body, stable_instruction(), '{"model":"golden-map-v1","temperature":0,"max_tokens":128}'::jsonb) FROM ONLY map_inputs;
2026-09-03 18:22:08.899 CST [121989] 006_map_plan.pl LOG:  statement: EXPLAIN SELECT ai_semantic.map(body, volatile_instruction(), '{"model":"golden-map-v1","temperature":0,"max_tokens":128}'::jsonb) FROM ONLY map_inputs;
2026-09-03 18:22:08.900 CST [121989] 006_map_plan.pl ERROR:  SemMap instruction and options must be fixed immutable constants
2026-09-03 18:22:08.900 CST [121989] 006_map_plan.pl STATEMENT:  EXPLAIN SELECT ai_semantic.map(body, volatile_instruction(), '{"model":"golden-map-v1","temperature":0,"max_tokens":128}'::jsonb) FROM ONLY map_inputs;
2026-09-03 18:22:08.908 CST [121991] 006_map_plan.pl LOG:  statement: EXPLAIN (FORMAT JSON) SELECT ai_semantic.map(body, 'Echo ' || 'the input.', ' {"max_tokens":128.0,"temperature":-0.0,"model":"golden-map-v1"}'::jsonb) FROM ONLY map_inputs;
2026-09-03 18:22:08.920 CST [121993] 006_map_plan.pl LOG:  statement: EXPLAIN SELECT ai_semantic.map(body, NULL::text, '{"model":"golden-map-v1","temperature":0,"max_tokens":128}'::jsonb) FROM ONLY map_inputs;
2026-09-03 18:22:08.920 CST [121993] 006_map_plan.pl ERROR:  SemMap instruction and options must be non-NULL text and jsonb constants
2026-09-03 18:22:08.920 CST [121993] 006_map_plan.pl STATEMENT:  EXPLAIN SELECT ai_semantic.map(body, NULL::text, '{"model":"golden-map-v1","temperature":0,"max_tokens":128}'::jsonb) FROM ONLY map_inputs;
2026-09-03 18:22:08.930 CST [121995] 006_map_plan.pl LOG:  statement: EXPLAIN SELECT ai_semantic.map(body, 'Echo the input.', NULL::jsonb) FROM ONLY map_inputs;
2026-09-03 18:22:08.930 CST [121995] 006_map_plan.pl ERROR:  SemMap instruction and options must be non-NULL text and jsonb constants
2026-09-03 18:22:08.930 CST [121995] 006_map_plan.pl STATEMENT:  EXPLAIN SELECT ai_semantic.map(body, 'Echo the input.', NULL::jsonb) FROM ONLY map_inputs;
2026-09-03 18:22:08.939 CST [121997] 006_map_plan.pl LOG:  statement: EXPLAIN SELECT ai_semantic.map(body, '', '{"model":"golden-map-v1","temperature":0,"max_tokens":128}'::jsonb) FROM ONLY map_inputs;
2026-09-03 18:22:08.940 CST [121997] 006_map_plan.pl ERROR:  SemMap instruction must contain 1 to 4096 UTF8 bytes
2026-09-03 18:22:08.940 CST [121997] 006_map_plan.pl STATEMENT:  EXPLAIN SELECT ai_semantic.map(body, '', '{"model":"golden-map-v1","temperature":0,"max_tokens":128}'::jsonb) FROM ONLY map_inputs;
2026-09-03 18:22:08.949 CST [121999] 006_map_plan.pl LOG:  statement: EXPLAIN SELECT ai_semantic.map(body, repeat('x',4097), '{"model":"golden-map-v1","temperature":0,"max_tokens":128}'::jsonb) FROM ONLY map_inputs;
2026-09-03 18:22:08.950 CST [121999] 006_map_plan.pl ERROR:  SemMap instruction must contain 1 to 4096 UTF8 bytes
2026-09-03 18:22:08.950 CST [121999] 006_map_plan.pl STATEMENT:  EXPLAIN SELECT ai_semantic.map(body, repeat('x',4097), '{"model":"golden-map-v1","temperature":0,"max_tokens":128}'::jsonb) FROM ONLY map_inputs;
2026-09-03 18:22:08.958 CST [122001] 006_map_plan.pl LOG:  statement: EXPLAIN SELECT ai_semantic.map(body, repeat(chr(30028),1366), '{"model":"golden-map-v1","temperature":0,"max_tokens":128}'::jsonb) FROM ONLY map_inputs;
2026-09-03 18:22:08.959 CST [122001] 006_map_plan.pl ERROR:  SemMap instruction must contain 1 to 4096 UTF8 bytes
2026-09-03 18:22:08.959 CST [122001] 006_map_plan.pl STATEMENT:  EXPLAIN SELECT ai_semantic.map(body, repeat(chr(30028),1366), '{"model":"golden-map-v1","temperature":0,"max_tokens":128}'::jsonb) FROM ONLY map_inputs;
2026-09-03 18:22:08.968 CST [122003] 006_map_plan.pl LOG:  statement: EXPLAIN (FORMAT JSON) SELECT ai_semantic.map(body, repeat('x',4096), '{"model":"golden-map-v1","temperature":0,"max_tokens":128}'::jsonb) FROM ONLY map_inputs
2026-09-03 18:22:08.978 CST [122005] 006_map_plan.pl LOG:  statement: EXPLAIN (FORMAT JSON) SELECT ai_semantic.map(body, repeat(chr(30028),1365) || 'x', '{"model":"golden-map-v1","temperature":0,"max_tokens":128}'::jsonb) FROM ONLY map_inputs
2026-09-03 18:22:08.990 CST [122007] 006_map_plan.pl LOG:  statement: EXPLAIN (FORMAT JSON) SELECT ai_semantic.map(body, ' ', '{"model":"golden-map-v1","temperature":0,"max_tokens":128}'::jsonb) FROM ONLY map_inputs
2026-09-03 18:22:09.001 CST [122009] 006_map_plan.pl LOG:  statement: EXPLAIN SELECT ai_semantic.map(body, 'Echo the input.', 'null'::jsonb) FROM ONLY map_inputs;
2026-09-03 18:22:09.002 CST [122009] 006_map_plan.pl ERROR:  SemMap options must contain exactly model, temperature, and max_tokens
2026-09-03 18:22:09.002 CST [122009] 006_map_plan.pl STATEMENT:  EXPLAIN SELECT ai_semantic.map(body, 'Echo the input.', 'null'::jsonb) FROM ONLY map_inputs;
2026-09-03 18:22:09.012 CST [122011] 006_map_plan.pl LOG:  statement: EXPLAIN SELECT ai_semantic.map(body, 'Echo the input.', '[]'::jsonb) FROM ONLY map_inputs;
2026-09-03 18:22:09.013 CST [122011] 006_map_plan.pl ERROR:  SemMap options must contain exactly model, temperature, and max_tokens
2026-09-03 18:22:09.013 CST [122011] 006_map_plan.pl STATEMENT:  EXPLAIN SELECT ai_semantic.map(body, 'Echo the input.', '[]'::jsonb) FROM ONLY map_inputs;
2026-09-03 18:22:09.022 CST [122013] 006_map_plan.pl LOG:  statement: EXPLAIN SELECT ai_semantic.map(body, 'Echo the input.', '{"model":"golden-map-v1","temperature":0}'::jsonb) FROM ONLY map_inputs;
2026-09-03 18:22:09.023 CST [122013] 006_map_plan.pl ERROR:  SemMap options must contain exactly model, temperature, and max_tokens
2026-09-03 18:22:09.023 CST [122013] 006_map_plan.pl STATEMENT:  EXPLAIN SELECT ai_semantic.map(body, 'Echo the input.', '{"model":"golden-map-v1","temperature":0}'::jsonb) FROM ONLY map_inputs;
2026-09-03 18:22:09.032 CST [122015] 006_map_plan.pl LOG:  statement: EXPLAIN SELECT ai_semantic.map(body, 'Echo the input.', '{"model":"golden-map-v1","temperature":0,"max_tokens":128,"stop":[]}'::jsonb) FROM ONLY map_inputs;
2026-09-03 18:22:09.033 CST [122015] 006_map_plan.pl ERROR:  SemMap options must contain exactly model, temperature, and max_tokens
2026-09-03 18:22:09.033 CST [122015] 006_map_plan.pl STATEMENT:  EXPLAIN SELECT ai_semantic.map(body, 'Echo the input.', '{"model":"golden-map-v1","temperature":0,"max_tokens":128,"stop":[]}'::jsonb) FROM ONLY map_inputs;
2026-09-03 18:22:09.042 CST [122017] 006_map_plan.pl LOG:  statement: EXPLAIN SELECT ai_semantic.map(body, 'Echo the input.', '{"model":"golden-map-v1","temperature":0,"tokens":128}'::jsonb) FROM ONLY map_inputs;
2026-09-03 18:22:09.043 CST [122017] 006_map_plan.pl ERROR:  SemMap options must contain exactly model, temperature, and max_tokens
2026-09-03 18:22:09.043 CST [122017] 006_map_plan.pl STATEMENT:  EXPLAIN SELECT ai_semantic.map(body, 'Echo the input.', '{"model":"golden-map-v1","temperature":0,"tokens":128}'::jsonb) FROM ONLY map_inputs;
2026-09-03 18:22:09.051 CST [122019] 006_map_plan.pl LOG:  statement: EXPLAIN SELECT ai_semantic.map(body, 'Echo the input.', '{"model":"","temperature":0,"max_tokens":128}'::jsonb) FROM ONLY map_inputs;
2026-09-03 18:22:09.051 CST [122019] 006_map_plan.pl ERROR:  SemMap model must contain 1 to 128 UTF8 bytes
2026-09-03 18:22:09.051 CST [122019] 006_map_plan.pl STATEMENT:  EXPLAIN SELECT ai_semantic.map(body, 'Echo the input.', '{"model":"","temperature":0,"max_tokens":128}'::jsonb) FROM ONLY map_inputs;
2026-09-03 18:22:09.060 CST [122021] 006_map_plan.pl LOG:  statement: EXPLAIN SELECT ai_semantic.map(body, 'Echo the input.', '{"model":null,"temperature":0,"max_tokens":128}'::jsonb) FROM ONLY map_inputs;
2026-09-03 18:22:09.061 CST [122021] 006_map_plan.pl ERROR:  SemMap model must contain 1 to 128 UTF8 bytes
2026-09-03 18:22:09.061 CST [122021] 006_map_plan.pl STATEMENT:  EXPLAIN SELECT ai_semantic.map(body, 'Echo the input.', '{"model":null,"temperature":0,"max_tokens":128}'::jsonb) FROM ONLY map_inputs;
2026-09-03 18:22:09.070 CST [122023] 006_map_plan.pl LOG:  statement: EXPLAIN SELECT ai_semantic.map(body, 'Echo the input.', '{"model":7,"temperature":0,"max_tokens":128}'::jsonb) FROM ONLY map_inputs;
2026-09-03 18:22:09.071 CST [122023] 006_map_plan.pl ERROR:  SemMap model must contain 1 to 128 UTF8 bytes
2026-09-03 18:22:09.071 CST [122023] 006_map_plan.pl STATEMENT:  EXPLAIN SELECT ai_semantic.map(body, 'Echo the input.', '{"model":7,"temperature":0,"max_tokens":128}'::jsonb) FROM ONLY map_inputs;
2026-09-03 18:22:09.079 CST [122025] 006_map_plan.pl LOG:  statement: EXPLAIN SELECT ai_semantic.map(body, 'Echo the input.', '{"model":"golden-map-v1","temperature":0.1,"max_tokens":128}'::jsonb) FROM ONLY map_inputs;
2026-09-03 18:22:09.080 CST [122025] 006_map_plan.pl ERROR:  SemMap temperature must be numeric zero
2026-09-03 18:22:09.080 CST [122025] 006_map_plan.pl STATEMENT:  EXPLAIN SELECT ai_semantic.map(body, 'Echo the input.', '{"model":"golden-map-v1","temperature":0.1,"max_tokens":128}'::jsonb) FROM ONLY map_inputs;
2026-09-03 18:22:09.089 CST [122027] 006_map_plan.pl LOG:  statement: EXPLAIN SELECT ai_semantic.map(body, 'Echo the input.', '{"model":"golden-map-v1","temperature":"0","max_tokens":128}'::jsonb) FROM ONLY map_inputs;
2026-09-03 18:22:09.089 CST [122027] 006_map_plan.pl ERROR:  SemMap temperature must be numeric zero
2026-09-03 18:22:09.089 CST [122027] 006_map_plan.pl STATEMENT:  EXPLAIN SELECT ai_semantic.map(body, 'Echo the input.', '{"model":"golden-map-v1","temperature":"0","max_tokens":128}'::jsonb) FROM ONLY map_inputs;
2026-09-03 18:22:09.099 CST [122029] 006_map_plan.pl LOG:  statement: EXPLAIN SELECT ai_semantic.map(body, 'Echo the input.', '{"model":"golden-map-v1","temperature":0,"max_tokens":0}'::jsonb) FROM ONLY map_inputs;
2026-09-03 18:22:09.099 CST [122029] 006_map_plan.pl ERROR:  SemMap max_tokens must be an integer from 1 to 4096
2026-09-03 18:22:09.099 CST [122029] 006_map_plan.pl STATEMENT:  EXPLAIN SELECT ai_semantic.map(body, 'Echo the input.', '{"model":"golden-map-v1","temperature":0,"max_tokens":0}'::jsonb) FROM ONLY map_inputs;
2026-09-03 18:22:09.106 CST [122031] 006_map_plan.pl LOG:  statement: EXPLAIN SELECT ai_semantic.map(body, 'Echo the input.', '{"model":"golden-map-v1","temperature":0,"max_tokens":-1}'::jsonb) FROM ONLY map_inputs;
2026-09-03 18:22:09.107 CST [122031] 006_map_plan.pl ERROR:  SemMap max_tokens must be an integer from 1 to 4096
2026-09-03 18:22:09.107 CST [122031] 006_map_plan.pl STATEMENT:  EXPLAIN SELECT ai_semantic.map(body, 'Echo the input.', '{"model":"golden-map-v1","temperature":0,"max_tokens":-1}'::jsonb) FROM ONLY map_inputs;
2026-09-03 18:22:09.117 CST [122033] 006_map_plan.pl LOG:  statement: EXPLAIN SELECT ai_semantic.map(body, 'Echo the input.', '{"model":"golden-map-v1","temperature":0,"max_tokens":4097}'::jsonb) FROM ONLY map_inputs;
2026-09-03 18:22:09.117 CST [122033] 006_map_plan.pl ERROR:  SemMap max_tokens must be an integer from 1 to 4096
2026-09-03 18:22:09.117 CST [122033] 006_map_plan.pl STATEMENT:  EXPLAIN SELECT ai_semantic.map(body, 'Echo the input.', '{"model":"golden-map-v1","temperature":0,"max_tokens":4097}'::jsonb) FROM ONLY map_inputs;
2026-09-03 18:22:09.125 CST [122035] 006_map_plan.pl LOG:  statement: EXPLAIN SELECT ai_semantic.map(body, 'Echo the input.', '{"model":"golden-map-v1","temperature":0,"max_tokens":1.5}'::jsonb) FROM ONLY map_inputs;
2026-09-03 18:22:09.126 CST [122035] 006_map_plan.pl ERROR:  SemMap max_tokens must be an integer from 1 to 4096
2026-09-03 18:22:09.126 CST [122035] 006_map_plan.pl STATEMENT:  EXPLAIN SELECT ai_semantic.map(body, 'Echo the input.', '{"model":"golden-map-v1","temperature":0,"max_tokens":1.5}'::jsonb) FROM ONLY map_inputs;
2026-09-03 18:22:09.135 CST [122037] 006_map_plan.pl LOG:  statement: EXPLAIN SELECT ai_semantic.map(body, 'Echo the input.', '{"model":"golden-map-v1","temperature":0,"max_tokens":1e30}'::jsonb) FROM ONLY map_inputs;
2026-09-03 18:22:09.135 CST [122037] 006_map_plan.pl ERROR:  SemMap max_tokens must be an integer from 1 to 4096
2026-09-03 18:22:09.135 CST [122037] 006_map_plan.pl STATEMENT:  EXPLAIN SELECT ai_semantic.map(body, 'Echo the input.', '{"model":"golden-map-v1","temperature":0,"max_tokens":1e30}'::jsonb) FROM ONLY map_inputs;
2026-09-03 18:22:09.144 CST [122039] 006_map_plan.pl LOG:  statement: EXPLAIN SELECT ai_semantic.map(body, 'Echo the input.', '{"model":"golden-map-v1","temperature":0,"max_tokens":null}'::jsonb) FROM ONLY map_inputs;
2026-09-03 18:22:09.144 CST [122039] 006_map_plan.pl ERROR:  SemMap max_tokens must be an integer from 1 to 4096
2026-09-03 18:22:09.144 CST [122039] 006_map_plan.pl STATEMENT:  EXPLAIN SELECT ai_semantic.map(body, 'Echo the input.', '{"model":"golden-map-v1","temperature":0,"max_tokens":null}'::jsonb) FROM ONLY map_inputs;
2026-09-03 18:22:09.151 CST [122041] 006_map_plan.pl LOG:  statement: EXPLAIN SELECT ai_semantic.map(body, 'Echo the input.', '{"model":"golden-map-v1","temperature":0,"max_tokens":true}'::jsonb) FROM ONLY map_inputs;
2026-09-03 18:22:09.152 CST [122041] 006_map_plan.pl ERROR:  SemMap max_tokens must be an integer from 1 to 4096
2026-09-03 18:22:09.152 CST [122041] 006_map_plan.pl STATEMENT:  EXPLAIN SELECT ai_semantic.map(body, 'Echo the input.', '{"model":"golden-map-v1","temperature":0,"max_tokens":true}'::jsonb) FROM ONLY map_inputs;
2026-09-03 18:22:09.158 CST [122043] 006_map_plan.pl LOG:  statement: EXPLAIN SELECT ai_semantic.map(body, 'Echo the input.', '{"model":"golden-map-v1","temperature":0,"max_tokens":"128"}'::jsonb) FROM ONLY map_inputs;
2026-09-03 18:22:09.159 CST [122043] 006_map_plan.pl ERROR:  SemMap max_tokens must be an integer from 1 to 4096
2026-09-03 18:22:09.159 CST [122043] 006_map_plan.pl STATEMENT:  EXPLAIN SELECT ai_semantic.map(body, 'Echo the input.', '{"model":"golden-map-v1","temperature":0,"max_tokens":"128"}'::jsonb) FROM ONLY map_inputs;
2026-09-03 18:22:09.168 CST [122045] 006_map_plan.pl LOG:  statement: EXPLAIN (FORMAT JSON) SELECT ai_semantic.map(body, 'Echo the input.', '{"model":"golden-map-v1","temperature":0,"max_tokens":1}'::jsonb) FROM ONLY map_inputs
2026-09-03 18:22:09.179 CST [122047] 006_map_plan.pl LOG:  statement: EXPLAIN (FORMAT JSON) SELECT ai_semantic.map(body, 'Echo the input.', '{"model":"golden-map-v1","temperature":0,"max_tokens":4096}'::jsonb) FROM ONLY map_inputs
2026-09-03 18:22:09.189 CST [122049] 006_map_plan.pl LOG:  statement: EXPLAIN (FORMAT JSON) SELECT ai_semantic.map(body, 'Echo the input.', ' {"model":"unused","model":"golden-map-v1","temperature":0e10,"max_tokens":1.28e2}'::jsonb) FROM ONLY map_inputs;
2026-09-03 18:22:09.202 CST [122051] 006_map_plan.pl LOG:  statement: CREATE ROLE map_reader;
2026-09-03 18:22:09.202 CST [122051] 006_map_plan.pl LOG:  statement: GRANT SET ON PARAMETER semloom_pg.gateway_socket TO map_reader;
2026-09-03 18:22:09.202 CST [122051] 006_map_plan.pl LOG:  statement: GRANT USAGE ON SCHEMA ai_semantic TO map_reader;
2026-09-03 18:22:09.202 CST [122051] 006_map_plan.pl LOG:  statement: GRANT SELECT ON map_inputs TO map_reader;
2026-09-03 18:22:09.202 CST [122051] 006_map_plan.pl LOG:  statement: REVOKE ALL ON FUNCTION ai_semantic.map(text,text,jsonb) FROM PUBLIC;
2026-09-03 18:22:09.203 CST [122051] 006_map_plan.pl LOG:  statement: CREATE FUNCTION map_test_capture(statement text) RETURNS text LANGUAGE plpgsql AS $$
	DECLARE code text; message text;
	BEGIN
	  EXECUTE statement;
	  RETURN 'unexpected success';
	EXCEPTION WHEN OTHERS THEN
	  GET STACKED DIAGNOSTICS code = RETURNED_SQLSTATE, message = MESSAGE_TEXT;
	  RETURN code || '|' || message;
	END $$;
2026-09-03 18:22:09.221 CST [122053] 006_map_plan.pl LOG:  statement: SET ROLE map_reader
	;
2026-09-03 18:22:09.222 CST [122053] 006_map_plan.pl LOG:  statement: SELECT map_test_capture('SELECT id, ai_semantic.map(body, ''Echo the input.'', ''{"model":"golden-map-v1","temperature":0,"max_tokens":128}''::jsonb) AS generated FROM ONLY map_inputs');
2026-09-03 18:22:09.224 CST [122053] 006_map_plan.pl LOG:  statement: ;
2026-09-03 18:22:09.224 CST [122053] 006_map_plan.pl LOG:  statement: SELECT map_test_capture('SELECT id, ai_semantic.map(body, ''Echo the input.'', ''{"model":"golden-map-v1","temperature":0,"max_tokens":128}''::jsonb) AS generated FROM ONLY map_inputs LIMIT 0');
2026-09-03 18:22:09.225 CST [122053] 006_map_plan.pl LOG:  statement: ;
2026-09-03 18:22:09.225 CST [122053] 006_map_plan.pl LOG:  statement: SELECT map_test_capture('SELECT id, ai_semantic.map(body, ''Echo the input.'', ''{"model":"golden-map-v1","temperature":0,"max_tokens":128}''::jsonb) AS generated FROM ONLY map_inputs WHERE false');
2026-09-03 18:22:09.225 CST [122053] 006_map_plan.pl LOG:  statement: ;
2026-09-03 18:22:09.226 CST [122053] 006_map_plan.pl LOG:  statement: SELECT map_test_capture('SELECT id, ai_semantic.map(body, ''Echo the input.'', ''{"model":"golden-map-v1","temperature":0,"max_tokens":128}''::jsonb) AS generated FROM ONLY map_inputs WHERE body IS NULL');
2026-09-03 18:22:09.226 CST [122053] 006_map_plan.pl LOG:  statement: ;
2026-09-03 18:22:09.227 CST [122053] 006_map_plan.pl LOG:  statement: SELECT map_test_capture('EXPLAIN SELECT id, ai_semantic.map(body, ''Echo the input.'', ''{"model":"golden-map-v1","temperature":0,"max_tokens":128}''::jsonb) AS generated FROM ONLY map_inputs');
2026-09-03 18:22:09.227 CST [122053] 006_map_plan.pl LOG:  statement: ;
2026-09-03 18:22:09.235 CST [122055] 006_map_plan.pl LOG:  statement: GRANT EXECUTE ON FUNCTION ai_semantic.map(text,text,jsonb) TO map_reader;
2026-09-03 18:22:09.237 CST [122053] 006_map_plan.pl LOG:  statement: SET plan_cache_mode=force_custom_plan;
2026-09-03 18:22:09.237 CST [122053] 006_map_plan.pl LOG:  statement: PREPARE map_acl(integer) AS SELECT id, ai_semantic.map(body, 'Echo the input.', '{"model":"golden-map-v1","temperature":0,"max_tokens":128}'::jsonb) AS generated FROM ONLY map_inputs WHERE id >= $1;
2026-09-03 18:22:09.237 CST [122053] 006_map_plan.pl LOG:  statement: ;
2026-09-03 18:22:09.238 CST [122053] 006_map_plan.pl LOG:  statement: EXPLAIN (FORMAT JSON) EXECUTE map_acl(1)
	;
2026-09-03 18:22:09.241 CST [122053] 006_map_plan.pl LOG:  statement: SET semloom_pg.gateway_socket='invalid-relative-path'
	;
2026-09-03 18:22:09.241 CST [122053] 006_map_plan.pl LOG:  statement: SELECT map_test_capture('EXECUTE map_acl(1)');
2026-09-03 18:22:09.242 CST [122053] 006_map_plan.pl LOG:  statement: ;
2026-09-03 18:22:09.242 CST [122053] 006_map_plan.pl LOG:  statement: SELECT custom_plans > 0 FROM pg_prepared_statements WHERE name='map_acl'
	;
2026-09-03 18:22:09.252 CST [122057] 006_map_plan.pl LOG:  statement: REVOKE EXECUTE ON FUNCTION ai_semantic.map(text,text,jsonb) FROM map_reader;
2026-09-03 18:22:09.254 CST [122053] 006_map_plan.pl LOG:  statement: SET semloom_pg.gateway_socket='/tmp/AcZBAWEKpg/map-never-connect.sock'
	;
2026-09-03 18:22:09.254 CST [122053] 006_map_plan.pl LOG:  statement: SELECT map_test_capture('EXECUTE map_acl(1)');
2026-09-03 18:22:09.255 CST [122053] 006_map_plan.pl LOG:  statement: ;
2026-09-03 18:22:09.263 CST [122059] 006_map_plan.pl LOG:  statement: GRANT EXECUTE ON FUNCTION ai_semantic.map(text,text,jsonb) TO map_reader;
2026-09-03 18:22:09.265 CST [122053] 006_map_plan.pl LOG:  statement: SET semloom_pg.gateway_socket='invalid-relative-path'
	;
2026-09-03 18:22:09.266 CST [122053] 006_map_plan.pl LOG:  statement: SELECT map_test_capture('EXECUTE map_acl(1)');
2026-09-03 18:22:09.266 CST [122053] 006_map_plan.pl LOG:  statement: ;
2026-09-03 18:22:09.267 CST [122053] 006_map_plan.pl LOG:  statement: DEALLOCATE map_acl
	;
2026-09-03 18:22:09.267 CST [122053] 006_map_plan.pl LOG:  statement: SET plan_cache_mode=force_generic_plan;
2026-09-03 18:22:09.267 CST [122053] 006_map_plan.pl LOG:  statement: PREPARE map_acl(integer) AS SELECT id, ai_semantic.map(body, 'Echo the input.', '{"model":"golden-map-v1","temperature":0,"max_tokens":128}'::jsonb) AS generated FROM ONLY map_inputs WHERE id >= $1;
2026-09-03 18:22:09.267 CST [122053] 006_map_plan.pl LOG:  statement: ;
2026-09-03 18:22:09.268 CST [122053] 006_map_plan.pl LOG:  statement: EXPLAIN (FORMAT JSON) EXECUTE map_acl(1)
	;
2026-09-03 18:22:09.270 CST [122053] 006_map_plan.pl LOG:  statement: SET semloom_pg.gateway_socket='invalid-relative-path'
	;
2026-09-03 18:22:09.270 CST [122053] 006_map_plan.pl LOG:  statement: SELECT map_test_capture('EXECUTE map_acl(1)');
2026-09-03 18:22:09.270 CST [122053] 006_map_plan.pl LOG:  statement: ;
2026-09-03 18:22:09.271 CST [122053] 006_map_plan.pl LOG:  statement: SELECT generic_plans > 0 FROM pg_prepared_statements WHERE name='map_acl'
	;
2026-09-03 18:22:09.281 CST [122061] 006_map_plan.pl LOG:  statement: REVOKE EXECUTE ON FUNCTION ai_semantic.map(text,text,jsonb) FROM map_reader;
2026-09-03 18:22:09.283 CST [122053] 006_map_plan.pl LOG:  statement: SET semloom_pg.gateway_socket='/tmp/AcZBAWEKpg/map-never-connect.sock'
	;
2026-09-03 18:22:09.283 CST [122053] 006_map_plan.pl LOG:  statement: SELECT map_test_capture('EXECUTE map_acl(1)');
2026-09-03 18:22:09.284 CST [122053] 006_map_plan.pl LOG:  statement: ;
2026-09-03 18:22:09.291 CST [122063] 006_map_plan.pl LOG:  statement: GRANT EXECUTE ON FUNCTION ai_semantic.map(text,text,jsonb) TO map_reader;
2026-09-03 18:22:09.292 CST [122053] 006_map_plan.pl LOG:  statement: SET semloom_pg.gateway_socket='invalid-relative-path'
	;
2026-09-03 18:22:09.293 CST [122053] 006_map_plan.pl LOG:  statement: SELECT map_test_capture('EXECUTE map_acl(1)');
2026-09-03 18:22:09.293 CST [122053] 006_map_plan.pl LOG:  statement: ;
2026-09-03 18:22:09.294 CST [122053] 006_map_plan.pl LOG:  statement: DEALLOCATE map_acl
	;
2026-09-03 18:22:09.301 CST [122065] 006_map_plan.pl LOG:  statement: CREATE FUNCTION test_map_plan(text, oid) RETURNS text
	AS '<test-worktree>/code/postgres/semloom_pg/t/plan_contract/semloom_plan_contract_test', 'semloom_test_map_plan' LANGUAGE C STRICT;
2026-09-03 18:22:09.302 CST [122065] 006_map_plan.pl LOG:  statement: CREATE FUNCTION map_watch(oid, oid) RETURNS void
	AS '<test-worktree>/code/postgres/semloom_pg/t/plan_contract/semloom_plan_contract_test', 'semloom_test_map_watch' LANGUAGE C STRICT;
2026-09-03 18:22:09.302 CST [122065] 006_map_plan.pl LOG:  statement: CREATE FUNCTION map_events() RETURNS text
	AS '<test-worktree>/code/postgres/semloom_pg/t/plan_contract/semloom_plan_contract_test', 'semloom_test_map_events' LANGUAGE C;
2026-09-03 18:22:09.302 CST [122065] 006_map_plan.pl LOG:  statement: CREATE FUNCTION map_child_probe(text) RETURNS text LANGUAGE plpgsql VOLATILE
	AS $$ BEGIN RETURN $1; END $$;
2026-09-03 18:22:09.313 CST [122067] 006_map_plan.pl LOG:  statement: SELECT 'ai_semantic.map(text,text,jsonb)'::regprocedure::oid
2026-09-03 18:22:09.322 CST [122069] 006_map_plan.pl LOG:  statement: SELECT test_map_plan('copy', 16390)
2026-09-03 18:22:09.332 CST [122071] 006_map_plan.pl LOG:  statement: SELECT test_map_plan('column', 16390)
2026-09-03 18:22:09.340 CST [122073] 006_map_plan.pl LOG:  statement: SELECT test_map_plan('copy', 4026531841::oid)
2026-09-03 18:22:09.347 CST [122075] 006_map_plan.pl LOG:  statement: SELECT test_map_plan('binding-column', 16390);
2026-09-03 18:22:09.347 CST [122075] 006_map_plan.pl ERROR:  invalid semantic executor binding
2026-09-03 18:22:09.347 CST [122075] 006_map_plan.pl STATEMENT:  SELECT test_map_plan('binding-column', 16390);
2026-09-03 18:22:09.356 CST [122077] 006_map_plan.pl LOG:  statement: SELECT test_map_plan('binding-function-byref', 16390);
2026-09-03 18:22:09.356 CST [122077] 006_map_plan.pl ERROR:  invalid semantic executor binding
2026-09-03 18:22:09.356 CST [122077] 006_map_plan.pl STATEMENT:  SELECT test_map_plan('binding-function-byref', 16390);
2026-09-03 18:22:09.365 CST [122079] 006_map_plan.pl LOG:  statement: SELECT test_map_plan('binding-function-null', 16390);
2026-09-03 18:22:09.365 CST [122079] 006_map_plan.pl ERROR:  invalid semantic executor binding
2026-09-03 18:22:09.365 CST [122079] 006_map_plan.pl STATEMENT:  SELECT test_map_plan('binding-function-null', 16390);
2026-09-03 18:22:09.374 CST [122081] 006_map_plan.pl LOG:  statement: SELECT test_map_plan('binding-function-type', 16390);
2026-09-03 18:22:09.375 CST [122081] 006_map_plan.pl ERROR:  invalid semantic executor binding
2026-09-03 18:22:09.375 CST [122081] 006_map_plan.pl STATEMENT:  SELECT test_map_plan('binding-function-type', 16390);
2026-09-03 18:22:09.385 CST [122083] 006_map_plan.pl LOG:  statement: SELECT test_map_plan('binding-function-zero', 16390);
2026-09-03 18:22:09.386 CST [122083] 006_map_plan.pl ERROR:  invalid semantic executor binding
2026-09-03 18:22:09.386 CST [122083] 006_map_plan.pl STATEMENT:  SELECT test_map_plan('binding-function-zero', 16390);
2026-09-03 18:22:09.395 CST [122085] 006_map_plan.pl LOG:  statement: SELECT test_map_plan('binding-type', 16390);
2026-09-03 18:22:09.396 CST [122085] 006_map_plan.pl ERROR:  invalid semantic executor binding
2026-09-03 18:22:09.396 CST [122085] 006_map_plan.pl STATEMENT:  SELECT test_map_plan('binding-type', 16390);
2026-09-03 18:22:09.404 CST [122087] 006_map_plan.pl LOG:  statement: SELECT test_map_plan('duplicate', 16390);
2026-09-03 18:22:09.405 CST [122087] 006_map_plan.pl ERROR:  duplicate semantic plan specification field
2026-09-03 18:22:09.405 CST [122087] 006_map_plan.pl STATEMENT:  SELECT test_map_plan('duplicate', 16390);
2026-09-03 18:22:09.415 CST [122089] 006_map_plan.pl LOG:  statement: SELECT test_map_plan('field:error_policy', 16390);
2026-09-03 18:22:09.417 CST [122089] 006_map_plan.pl ERROR:  unsupported generative SemMap plan specification
2026-09-03 18:22:09.417 CST [122089] 006_map_plan.pl STATEMENT:  SELECT test_map_plan('field:error_policy', 16390);
2026-09-03 18:22:09.426 CST [122091] 006_map_plan.pl LOG:  statement: SELECT test_map_plan('field:has_stop', 16390);
2026-09-03 18:22:09.427 CST [122091] 006_map_plan.pl ERROR:  unsupported generative SemMap plan specification
2026-09-03 18:22:09.427 CST [122091] 006_map_plan.pl STATEMENT:  SELECT test_map_plan('field:has_stop', 16390);
2026-09-03 18:22:09.434 CST [122093] 006_map_plan.pl LOG:  statement: SELECT test_map_plan('field:input_value_kind', 16390);
2026-09-03 18:22:09.434 CST [122093] 006_map_plan.pl ERROR:  unsupported generative SemMap plan specification
2026-09-03 18:22:09.434 CST [122093] 006_map_plan.pl STATEMENT:  SELECT test_map_plan('field:input_value_kind', 16390);
2026-09-03 18:22:09.444 CST [122095] 006_map_plan.pl LOG:  statement: SELECT test_map_plan('field:instruction', 16390);
2026-09-03 18:22:09.444 CST [122095] 006_map_plan.pl ERROR:  unsupported generative SemMap plan specification
2026-09-03 18:22:09.444 CST [122095] 006_map_plan.pl STATEMENT:  SELECT test_map_plan('field:instruction', 16390);
2026-09-03 18:22:09.452 CST [122097] 006_map_plan.pl LOG:  statement: SELECT test_map_plan('field:max_input_bytes', 16390);
2026-09-03 18:22:09.453 CST [122097] 006_map_plan.pl ERROR:  unsupported generative SemMap plan specification
2026-09-03 18:22:09.453 CST [122097] 006_map_plan.pl STATEMENT:  SELECT test_map_plan('field:max_input_bytes', 16390);
2026-09-03 18:22:09.460 CST [122099] 006_map_plan.pl LOG:  statement: SELECT test_map_plan('field:max_output_bytes', 16390);
2026-09-03 18:22:09.461 CST [122099] 006_map_plan.pl ERROR:  unsupported generative SemMap plan specification
2026-09-03 18:22:09.461 CST [122099] 006_map_plan.pl STATEMENT:  SELECT test_map_plan('field:max_output_bytes', 16390);
2026-09-03 18:22:09.468 CST [122101] 006_map_plan.pl LOG:  statement: SELECT test_map_plan('field:max_tokens', 16390);
2026-09-03 18:22:09.469 CST [122101] 006_map_plan.pl ERROR:  unsupported generative SemMap plan specification
2026-09-03 18:22:09.469 CST [122101] 006_map_plan.pl STATEMENT:  SELECT test_map_plan('field:max_tokens', 16390);
2026-09-03 18:22:09.476 CST [122103] 006_map_plan.pl LOG:  statement: SELECT test_map_plan('field:model_id', 16390);
2026-09-03 18:22:09.476 CST [122103] 006_map_plan.pl ERROR:  unsupported generative SemMap plan specification
2026-09-03 18:22:09.476 CST [122103] 006_map_plan.pl STATEMENT:  SELECT test_map_plan('field:model_id', 16390);
2026-09-03 18:22:09.483 CST [122105] 006_map_plan.pl LOG:  statement: SELECT test_map_plan('field:n', 16390);
2026-09-03 18:22:09.484 CST [122105] 006_map_plan.pl ERROR:  unsupported generative SemMap plan specification
2026-09-03 18:22:09.484 CST [122105] 006_map_plan.pl STATEMENT:  SELECT test_map_plan('field:n', 16390);
2026-09-03 18:22:09.491 CST [122107] 006_map_plan.pl LOG:  statement: SELECT test_map_plan('field:null_policy', 16390);
2026-09-03 18:22:09.491 CST [122107] 006_map_plan.pl ERROR:  unsupported generative SemMap plan specification
2026-09-03 18:22:09.491 CST [122107] 006_map_plan.pl STATEMENT:  SELECT test_map_plan('field:null_policy', 16390);
2026-09-03 18:22:09.498 CST [122109] 006_map_plan.pl LOG:  statement: SELECT test_map_plan('field:operator_kind', 16390);
2026-09-03 18:22:09.499 CST [122109] 006_map_plan.pl ERROR:  unsupported generative SemMap plan specification
2026-09-03 18:22:09.499 CST [122109] 006_map_plan.pl STATEMENT:  SELECT test_map_plan('field:operator_kind', 16390);
2026-09-03 18:22:09.507 CST [122111] 006_map_plan.pl LOG:  statement: SELECT test_map_plan('field:order_policy', 16390);
2026-09-03 18:22:09.508 CST [122111] 006_map_plan.pl ERROR:  unsupported generative SemMap plan specification
2026-09-03 18:22:09.508 CST [122111] 006_map_plan.pl STATEMENT:  SELECT test_map_plan('field:order_policy', 16390);
2026-09-03 18:22:09.515 CST [122113] 006_map_plan.pl LOG:  statement: SELECT test_map_plan('field:output_value_kind', 16390);
2026-09-03 18:22:09.516 CST [122113] 006_map_plan.pl ERROR:  unsupported generative SemMap plan specification
2026-09-03 18:22:09.516 CST [122113] 006_map_plan.pl STATEMENT:  SELECT test_map_plan('field:output_value_kind', 16390);
2026-09-03 18:22:09.524 CST [122115] 006_map_plan.pl LOG:  statement: SELECT test_map_plan('field:physical_algorithm', 16390);
2026-09-03 18:22:09.525 CST [122115] 006_map_plan.pl ERROR:  unsupported generative SemMap plan specification
2026-09-03 18:22:09.525 CST [122115] 006_map_plan.pl STATEMENT:  SELECT test_map_plan('field:physical_algorithm', 16390);
2026-09-03 18:22:09.532 CST [122117] 006_map_plan.pl LOG:  statement: SELECT test_map_plan('field:physical_algorithm_digest', 16390);
2026-09-03 18:22:09.533 CST [122117] 006_map_plan.pl ERROR:  unsupported generative SemMap plan specification
2026-09-03 18:22:09.533 CST [122117] 006_map_plan.pl STATEMENT:  SELECT test_map_plan('field:physical_algorithm_digest', 16390);
2026-09-03 18:22:09.542 CST [122119] 006_map_plan.pl LOG:  statement: SELECT test_map_plan('field:physical_role', 16390);
2026-09-03 18:22:09.543 CST [122119] 006_map_plan.pl ERROR:  unsupported generative SemMap plan specification
2026-09-03 18:22:09.543 CST [122119] 006_map_plan.pl STATEMENT:  SELECT test_map_plan('field:physical_role', 16390);
2026-09-03 18:22:09.551 CST [122121] 006_map_plan.pl LOG:  statement: SELECT test_map_plan('field:prompt_program_digest', 16390);
2026-09-03 18:22:09.552 CST [122121] 006_map_plan.pl ERROR:  unsupported generative SemMap plan specification
2026-09-03 18:22:09.552 CST [122121] 006_map_plan.pl STATEMENT:  SELECT test_map_plan('field:prompt_program_digest', 16390);
2026-09-03 18:22:09.559 CST [122123] 006_map_plan.pl LOG:  statement: SELECT test_map_plan('field:prompt_program_id', 16390);
2026-09-03 18:22:09.560 CST [122123] 006_map_plan.pl ERROR:  unsupported generative SemMap plan specification
2026-09-03 18:22:09.560 CST [122123] 006_map_plan.pl STATEMENT:  SELECT test_map_plan('field:prompt_program_id', 16390);
2026-09-03 18:22:09.569 CST [122125] 006_map_plan.pl LOG:  statement: SELECT test_map_plan('field:prompt_program_version', 16390);
2026-09-03 18:22:09.569 CST [122125] 006_map_plan.pl ERROR:  unsupported generative SemMap plan specification
2026-09-03 18:22:09.569 CST [122125] 006_map_plan.pl STATEMENT:  SELECT test_map_plan('field:prompt_program_version', 16390);
2026-09-03 18:22:09.580 CST [122127] 006_map_plan.pl LOG:  statement: SELECT test_map_plan('field:result_parser_digest', 16390);
2026-09-03 18:22:09.581 CST [122127] 006_map_plan.pl ERROR:  unsupported generative SemMap plan specification
2026-09-03 18:22:09.581 CST [122127] 006_map_plan.pl STATEMENT:  SELECT test_map_plan('field:result_parser_digest', 16390);
2026-09-03 18:22:09.590 CST [122129] 006_map_plan.pl LOG:  statement: SELECT test_map_plan('field:result_parser_id', 16390);
2026-09-03 18:22:09.591 CST [122129] 006_map_plan.pl ERROR:  unsupported generative SemMap plan specification
2026-09-03 18:22:09.591 CST [122129] 006_map_plan.pl STATEMENT:  SELECT test_map_plan('field:result_parser_id', 16390);
2026-09-03 18:22:09.599 CST [122131] 006_map_plan.pl LOG:  statement: SELECT test_map_plan('field:result_parser_version', 16390);
2026-09-03 18:22:09.599 CST [122131] 006_map_plan.pl ERROR:  unsupported generative SemMap plan specification
2026-09-03 18:22:09.599 CST [122131] 006_map_plan.pl STATEMENT:  SELECT test_map_plan('field:result_parser_version', 16390);
2026-09-03 18:22:09.609 CST [122133] 006_map_plan.pl LOG:  statement: SELECT test_map_plan('field:schema_version', 16390);
2026-09-03 18:22:09.610 CST [122133] 006_map_plan.pl ERROR:  unsupported semantic plan specification
2026-09-03 18:22:09.610 CST [122133] 006_map_plan.pl STATEMENT:  SELECT test_map_plan('field:schema_version', 16390);
2026-09-03 18:22:09.619 CST [122135] 006_map_plan.pl LOG:  statement: SELECT test_map_plan('field:semantic_spec_digest', 16390);
2026-09-03 18:22:09.620 CST [122135] 006_map_plan.pl ERROR:  unsupported generative SemMap plan specification
2026-09-03 18:22:09.620 CST [122135] 006_map_plan.pl STATEMENT:  SELECT test_map_plan('field:semantic_spec_digest', 16390);
2026-09-03 18:22:09.630 CST [122137] 006_map_plan.pl LOG:  statement: SELECT test_map_plan('field:semantic_spec_id', 16390);
2026-09-03 18:22:09.630 CST [122137] 006_map_plan.pl ERROR:  unsupported generative SemMap plan specification
2026-09-03 18:22:09.630 CST [122137] 006_map_plan.pl STATEMENT:  SELECT test_map_plan('field:semantic_spec_id', 16390);
2026-09-03 18:22:09.640 CST [122139] 006_map_plan.pl LOG:  statement: SELECT test_map_plan('field:semantic_spec_version', 16390);
2026-09-03 18:22:09.641 CST [122139] 006_map_plan.pl ERROR:  unsupported generative SemMap plan specification
2026-09-03 18:22:09.641 CST [122139] 006_map_plan.pl STATEMENT:  SELECT test_map_plan('field:semantic_spec_version', 16390);
2026-09-03 18:22:09.648 CST [122141] 006_map_plan.pl LOG:  statement: SELECT test_map_plan('field:stream', 16390);
2026-09-03 18:22:09.649 CST [122141] 006_map_plan.pl ERROR:  unsupported generative SemMap plan specification
2026-09-03 18:22:09.649 CST [122141] 006_map_plan.pl STATEMENT:  SELECT test_map_plan('field:stream', 16390);
2026-09-03 18:22:09.656 CST [122143] 006_map_plan.pl LOG:  statement: SELECT test_map_plan('field:temperature', 16390);
2026-09-03 18:22:09.657 CST [122143] 006_map_plan.pl ERROR:  unsupported generative SemMap plan specification
2026-09-03 18:22:09.657 CST [122143] 006_map_plan.pl STATEMENT:  SELECT test_map_plan('field:temperature', 16390);
2026-09-03 18:22:09.664 CST [122145] 006_map_plan.pl LOG:  statement: SELECT test_map_plan('field:top_p', 16390);
2026-09-03 18:22:09.665 CST [122145] 006_map_plan.pl ERROR:  unsupported generative SemMap plan specification
2026-09-03 18:22:09.665 CST [122145] 006_map_plan.pl STATEMENT:  SELECT test_map_plan('field:top_p', 16390);
2026-09-03 18:22:09.672 CST [122147] 006_map_plan.pl LOG:  statement: SELECT test_map_plan('missing', 16390);
2026-09-03 18:22:09.672 CST [122147] 006_map_plan.pl ERROR:  incomplete semantic plan specification
2026-09-03 18:22:09.672 CST [122147] 006_map_plan.pl STATEMENT:  SELECT test_map_plan('missing', 16390);
2026-09-03 18:22:09.681 CST [122149] 006_map_plan.pl LOG:  statement: SELECT test_map_plan('unknown', 16390);
2026-09-03 18:22:09.681 CST [122149] 006_map_plan.pl ERROR:  unknown semantic plan specification field
2026-09-03 18:22:09.681 CST [122149] 006_map_plan.pl STATEMENT:  SELECT test_map_plan('unknown', 16390);
2026-09-03 18:22:09.692 CST [122151] 006_map_plan.pl LOG:  statement: SELECT 'map_child_probe(text)'::regprocedure::oid
2026-09-03 18:22:09.701 CST [122153] 006_map_plan.pl LOG:  statement: SELECT map_watch(16390, 16415);
2026-09-03 18:22:09.702 CST [122153] 006_map_plan.pl LOG:  statement: SET plan_cache_mode=force_generic_plan;
2026-09-03 18:22:09.702 CST [122153] 006_map_plan.pl LOG:  statement: PREPARE hook_map(integer) AS SELECT id, ai_semantic.map(body, 'Echo the input.', '{"model":"golden-map-v1","temperature":0,"max_tokens":128}'::jsonb) AS generated FROM ONLY map_inputs WHERE id >= $1;
2026-09-03 18:22:09.702 CST [122153] 006_map_plan.pl LOG:  statement: ;
2026-09-03 18:22:09.703 CST [122153] 006_map_plan.pl LOG:  statement: EXPLAIN EXECUTE hook_map(1)
	;
2026-09-03 18:22:09.704 CST [122153] 006_map_plan.pl LOG:  statement: EXPLAIN EXECUTE hook_map(1)
	;
2026-09-03 18:22:09.704 CST [122153] 006_map_plan.pl LOG:  statement: SELECT map_events()
	;
2026-09-03 18:22:09.705 CST [122153] 006_map_plan.pl LOG:  statement: SELECT map_watch(16390, 16415);
2026-09-03 18:22:09.705 CST [122153] 006_map_plan.pl LOG:  statement: PREPARE hook_child AS SELECT ai_semantic.map(map_child_probe(body), 'Echo the input.', '{"model":"golden-map-v1","temperature":0,"max_tokens":128}'::jsonb) FROM ONLY map_inputs;
2026-09-03 18:22:09.705 CST [122153] 006_map_plan.pl LOG:  statement: ;
2026-09-03 18:22:09.706 CST [122153] 006_map_plan.pl LOG:  statement: SET semloom_pg.gateway_socket='invalid-relative-path'
	;
2026-09-03 18:22:09.706 CST [122153] 006_map_plan.pl LOG:  statement: SELECT map_test_capture('EXECUTE hook_child')
	;
2026-09-03 18:22:09.707 CST [122153] 006_map_plan.pl LOG:  statement: SELECT map_events()
	;
2026-09-03 18:22:09.716 CST [122155] 006_map_plan.pl LOG:  statement: REVOKE EXECUTE ON FUNCTION ai_semantic.map(text,text,jsonb) FROM map_reader;
2026-09-03 18:22:09.718 CST [122153] 006_map_plan.pl LOG:  statement: SET semloom_pg.gateway_socket='/tmp/AcZBAWEKpg/map-never-connect.sock';
2026-09-03 18:22:09.718 CST [122153] 006_map_plan.pl LOG:  statement: SET ROLE map_reader;
2026-09-03 18:22:09.718 CST [122153] 006_map_plan.pl LOG:  statement: SELECT map_watch(16390, 16415)
	;
2026-09-03 18:22:09.719 CST [122153] 006_map_plan.pl LOG:  statement: SELECT map_test_capture('EXPLAIN EXECUTE hook_child')
	;
2026-09-03 18:22:09.720 CST [122153] 006_map_plan.pl LOG:  statement: SELECT map_events()
	;
2026-09-03 18:22:09.729 CST [122157] 006_map_plan.pl LOG:  statement: SET plan_cache_mode=force_generic_plan;
2026-09-03 18:22:09.729 CST [122157] 006_map_plan.pl LOG:  statement: PREPARE map_identity(integer) AS SELECT id, ai_semantic.map(body, 'Echo the input.', '{"model":"golden-map-v1","temperature":0,"max_tokens":128}'::jsonb) AS generated FROM ONLY map_inputs WHERE id=$1;
2026-09-03 18:22:09.730 CST [122157] 006_map_plan.pl LOG:  statement: ;
2026-09-03 18:22:09.730 CST [122157] 006_map_plan.pl LOG:  statement: EXPLAIN EXECUTE map_identity(1)
	;
2026-09-03 18:22:09.740 CST [122159] 006_map_plan.pl LOG:  statement: ALTER EXTENSION semloom_pg DROP FUNCTION ai_semantic.map(text,text,jsonb);
2026-09-03 18:22:09.741 CST [122159] 006_map_plan.pl LOG:  statement: CREATE OR REPLACE FUNCTION ai_semantic.map(input text, instruction text, options jsonb) RETURNS text
	LANGUAGE plpgsql VOLATILE AS $$ BEGIN RETURN 'ordinary:' || input; END $$;
2026-09-03 18:22:09.750 CST [122161] 006_map_plan.pl LOG:  statement: SELECT 'ai_semantic.map(text,text,jsonb)'::regprocedure::oid
2026-09-03 18:22:09.752 CST [122157] 006_map_plan.pl LOG:  statement: EXECUTE map_identity(1)
	;
2026-09-03 18:22:09.752 CST [122157] 006_map_plan.pl DETAIL:  prepare: PREPARE map_identity(integer) AS SELECT id, ai_semantic.map(body, 'Echo the input.', '{"model":"golden-map-v1","temperature":0,"max_tokens":128}'::jsonb) AS generated FROM ONLY map_inputs WHERE id=$1;
2026-09-03 18:22:09.755 CST [122157] 006_map_plan.pl LOG:  statement: EXPLAIN EXECUTE map_identity(1)
	;
2026-09-03 18:22:09.761 CST [122163] 006_map_plan.pl LOG:  statement: ALTER EXTENSION plpgsql ADD FUNCTION ai_semantic.map(text,text,jsonb)
2026-09-03 18:22:09.769 CST [122165] 006_map_plan.pl LOG:  statement: EXPLAIN SELECT id, ai_semantic.map(body, 'Echo the input.', '{"model":"golden-map-v1","temperature":0,"max_tokens":128}'::jsonb) AS generated FROM ONLY map_inputs
2026-09-03 18:22:09.779 CST [122167] 006_map_plan.pl LOG:  statement: ALTER EXTENSION plpgsql DROP FUNCTION ai_semantic.map(text,text,jsonb);
2026-09-03 18:22:09.780 CST [122167] 006_map_plan.pl LOG:  statement: DROP FUNCTION ai_semantic.map(text,text,jsonb);
2026-09-03 18:22:09.780 CST [122167] 006_map_plan.pl LOG:  statement: CREATE OR REPLACE FUNCTION ai_semantic.map(input text, instruction text, options jsonb) RETURNS text
	LANGUAGE plpgsql VOLATILE AS $$ BEGIN RETURN 'ordinary:' || input; END $$;
2026-09-03 18:22:09.788 CST [122169] 006_map_plan.pl LOG:  statement: SELECT 'ai_semantic.map(text,text,jsonb)'::regprocedure::oid
2026-09-03 18:22:09.790 CST [122157] 006_map_plan.pl LOG:  statement: EXECUTE map_identity(1)
	;
2026-09-03 18:22:09.790 CST [122157] 006_map_plan.pl DETAIL:  prepare: PREPARE map_identity(integer) AS SELECT id, ai_semantic.map(body, 'Echo the input.', '{"model":"golden-map-v1","temperature":0,"max_tokens":128}'::jsonb) AS generated FROM ONLY map_inputs WHERE id=$1;
2026-09-03 18:22:09.798 CST [122171] 006_map_plan.pl LOG:  statement: DROP FUNCTION ai_semantic.map(text,text,jsonb);
2026-09-03 18:22:09.798 CST [122171] 006_map_plan.pl LOG:  statement: CREATE OR REPLACE FUNCTION ai_semantic.map(input text, instruction text, options jsonb)
	 RETURNS text
	 LANGUAGE c
	AS '$libdir/semloom_pg', $function$semloom_marker_map$function$
	;
2026-09-03 18:22:09.798 CST [122171] 006_map_plan.pl LOG:  statement: ALTER EXTENSION semloom_pg ADD FUNCTION ai_semantic.map(text,text,jsonb);
2026-09-03 18:22:09.800 CST [122157] 006_map_plan.pl LOG:  statement: EXPLAIN EXECUTE map_identity(1)
	;
2026-09-03 18:22:09.810 CST [122173] 006_map_plan.pl LOG:  statement: SELECT pg_get_functiondef('ai_semantic.map(text,text,jsonb)'::regprocedure);
2026-09-03 18:22:09.820 CST [122175] 006_map_plan.pl LOG:  statement: ALTER EXTENSION semloom_pg DROP FUNCTION ai_semantic.map(text,text,jsonb)
2026-09-03 18:22:09.821 CST [122157] 006_map_plan.pl LOG:  statement: SELECT map_test_capture('EXPLAIN EXECUTE map_identity(1)')
	;
2026-09-03 18:22:09.823 CST [122157] 006_map_plan.pl LOG:  statement: DISCARD PLANS
	;
2026-09-03 18:22:09.824 CST [122157] 006_map_plan.pl LOG:  statement: EXPLAIN EXECUTE map_identity(1)
	;
2026-09-03 18:22:09.833 CST [122177] 006_map_plan.pl LOG:  statement: ALTER EXTENSION semloom_pg ADD FUNCTION ai_semantic.map(text,text,jsonb)
2026-09-03 18:22:09.835 CST [122157] 006_map_plan.pl LOG:  statement: EXPLAIN EXECUTE map_identity(1)
	;
2026-09-03 18:22:09.836 CST [122157] 006_map_plan.pl LOG:  statement: DISCARD PLANS
	;
2026-09-03 18:22:09.837 CST [122157] 006_map_plan.pl LOG:  statement: EXPLAIN EXECUTE map_identity(1)
	;
2026-09-03 18:22:09.844 CST [122179] 006_map_plan.pl LOG:  statement: SELECT pg_get_functiondef('ai_semantic.map(text,text,jsonb)'::regprocedure);
2026-09-03 18:22:09.852 CST [122181] 006_map_plan.pl LOG:  statement: CREATE TABLE map_target(id integer, generated text)
2026-09-03 18:22:09.862 CST [122183] 006_map_plan.pl LOG:  statement: EXPLAIN INSERT INTO map_target SELECT id, ai_semantic.map(body, 'Echo the input.', '{"model":"golden-map-v1","temperature":0,"max_tokens":128}'::jsonb) AS generated FROM ONLY map_inputs
2026-09-03 18:22:09.872 CST [122185] 006_map_plan.pl LOG:  statement: SET semloom_pg.gateway_socket='invalid-relative-path';
2026-09-03 18:22:09.872 CST [122185] 006_map_plan.pl LOG:  statement: SELECT map_test_capture($sql$INSERT INTO map_target SELECT id, ai_semantic.map(body, 'Echo the input.', '{"model":"golden-map-v1","temperature":0,"max_tokens":128}'::jsonb) AS generated FROM ONLY map_inputs$sql$)
2026-09-03 18:22:09.884 CST [122187] 006_map_plan.pl LOG:  statement: SELECT count(*) FROM map_target
2026-09-03 18:22:09.893 CST [122189] 006_map_plan.pl LOG:  statement: SET plan_cache_mode=force_custom_plan;
2026-09-03 18:22:09.893 CST [122189] 006_map_plan.pl LOG:  statement: PREPARE map_insert(text) AS INSERT INTO map_target SELECT id, ai_semantic.map(body, $1, '{"model":"golden-map-v1","temperature":0,"max_tokens":128}'::jsonb) FROM ONLY map_inputs;
2026-09-03 18:22:09.893 CST [122189] 006_map_plan.pl LOG:  statement: EXPLAIN EXECUTE map_insert('Echo the input.');
2026-09-03 18:22:09.893 CST [122189] 006_map_plan.pl ERROR:  SemMap instruction and options must be fixed immutable constants
2026-09-03 18:22:09.893 CST [122189] 006_map_plan.pl STATEMENT:  EXPLAIN EXECUTE map_insert('Echo the input.');
2026-09-03 18:22:09.902 CST [122191] 006_map_plan.pl LOG:  statement: SET plan_cache_mode=force_custom_plan;
2026-09-03 18:22:09.902 CST [122191] 006_map_plan.pl LOG:  statement: PREPARE map_insert(jsonb) AS INSERT INTO map_target SELECT id, ai_semantic.map(body, 'Echo the input.', $1) FROM ONLY map_inputs;
2026-09-03 18:22:09.903 CST [122191] 006_map_plan.pl LOG:  statement: EXPLAIN EXECUTE map_insert('{"model":"golden-map-v1","temperature":0,"max_tokens":128}'::jsonb);
2026-09-03 18:22:09.903 CST [122191] 006_map_plan.pl ERROR:  SemMap instruction and options must be fixed immutable constants
2026-09-03 18:22:09.903 CST [122191] 006_map_plan.pl STATEMENT:  EXPLAIN EXECUTE map_insert('{"model":"golden-map-v1","temperature":0,"max_tokens":128}'::jsonb);
2026-09-03 18:22:09.913 CST [122193] 006_map_plan.pl LOG:  statement: SET plan_cache_mode=force_generic_plan;
2026-09-03 18:22:09.913 CST [122193] 006_map_plan.pl LOG:  statement: PREPARE map_insert(text) AS INSERT INTO map_target SELECT id, ai_semantic.map(body, $1, '{"model":"golden-map-v1","temperature":0,"max_tokens":128}'::jsonb) FROM ONLY map_inputs;
2026-09-03 18:22:09.913 CST [122193] 006_map_plan.pl LOG:  statement: EXPLAIN EXECUTE map_insert('Echo the input.');
2026-09-03 18:22:09.914 CST [122193] 006_map_plan.pl ERROR:  SemMap instruction and options must be fixed immutable constants
2026-09-03 18:22:09.914 CST [122193] 006_map_plan.pl STATEMENT:  EXPLAIN EXECUTE map_insert('Echo the input.');
2026-09-03 18:22:09.922 CST [122195] 006_map_plan.pl LOG:  statement: SET plan_cache_mode=force_generic_plan;
2026-09-03 18:22:09.923 CST [122195] 006_map_plan.pl LOG:  statement: PREPARE map_insert(jsonb) AS INSERT INTO map_target SELECT id, ai_semantic.map(body, 'Echo the input.', $1) FROM ONLY map_inputs;
2026-09-03 18:22:09.923 CST [122195] 006_map_plan.pl LOG:  statement: EXPLAIN EXECUTE map_insert('{"model":"golden-map-v1","temperature":0,"max_tokens":128}'::jsonb);
2026-09-03 18:22:09.923 CST [122195] 006_map_plan.pl ERROR:  SemMap instruction and options must be fixed immutable constants
2026-09-03 18:22:09.923 CST [122195] 006_map_plan.pl STATEMENT:  EXPLAIN EXECUTE map_insert('{"model":"golden-map-v1","temperature":0,"max_tokens":128}'::jsonb);
2026-09-03 18:22:09.932 CST [122197] 006_map_plan.pl LOG:  statement: EXPLAIN SELECT CASE WHEN true THEN ai_semantic.map(body, 'Echo the input.', '{"model":"golden-map-v1","temperature":0,"max_tokens":128}'::jsonb) ELSE '' END FROM ONLY map_inputs;
2026-09-03 18:22:09.933 CST [122197] 006_map_plan.pl ERROR:  ai_semantic.map is only supported as a top-level output expression
2026-09-03 18:22:09.933 CST [122197] 006_map_plan.pl STATEMENT:  EXPLAIN SELECT CASE WHEN true THEN ai_semantic.map(body, 'Echo the input.', '{"model":"golden-map-v1","temperature":0,"max_tokens":128}'::jsonb) ELSE '' END FROM ONLY map_inputs;
2026-09-03 18:22:09.940 CST [122199] 006_map_plan.pl LOG:  statement: EXPLAIN SELECT id FROM ONLY map_inputs WHERE ai_semantic.map(body, 'Echo the input.', '{"model":"golden-map-v1","temperature":0,"max_tokens":128}'::jsonb) = 'hello';
2026-09-03 18:22:09.940 CST [122199] 006_map_plan.pl ERROR:  ai_semantic.map is only supported as a top-level output expression
2026-09-03 18:22:09.940 CST [122199] 006_map_plan.pl STATEMENT:  EXPLAIN SELECT id FROM ONLY map_inputs WHERE ai_semantic.map(body, 'Echo the input.', '{"model":"golden-map-v1","temperature":0,"max_tokens":128}'::jsonb) = 'hello';
2026-09-03 18:22:09.947 CST [122201] 006_map_plan.pl LOG:  statement: EXPLAIN SELECT id, ai_semantic.map(body, 'Echo the input.', '{"model":"golden-map-v1","temperature":0,"max_tokens":128}'::jsonb) AS generated FROM ONLY map_inputs WHERE ai_semantic.filter(body);
2026-09-03 18:22:09.948 CST [122201] 006_map_plan.pl ERROR:  SemMap and SemFilter cannot be combined in the current capability
2026-09-03 18:22:09.948 CST [122201] 006_map_plan.pl STATEMENT:  EXPLAIN SELECT id, ai_semantic.map(body, 'Echo the input.', '{"model":"golden-map-v1","temperature":0,"max_tokens":128}'::jsonb) AS generated FROM ONLY map_inputs WHERE ai_semantic.filter(body);
2026-09-03 18:22:09.957 CST [122203] 006_map_plan.pl LOG:  statement: EXPLAIN SELECT ai_semantic.map((SELECT 'hello'::text), 'Echo the input.', '{"model":"golden-map-v1","temperature":0,"max_tokens":128}'::jsonb) FROM ONLY map_inputs;
2026-09-03 18:22:09.957 CST [122203] 006_map_plan.pl ERROR:  query shape is outside the current SemMap capability
2026-09-03 18:22:09.957 CST [122203] 006_map_plan.pl DETAIL:  Only a single-table SELECT or INSERT ... SELECT with ordinary filters, projections, and LIMIT is supported.
2026-09-03 18:22:09.957 CST [122203] 006_map_plan.pl STATEMENT:  EXPLAIN SELECT ai_semantic.map((SELECT 'hello'::text), 'Echo the input.', '{"model":"golden-map-v1","temperature":0,"max_tokens":128}'::jsonb) FROM ONLY map_inputs;
2026-09-03 18:22:09.966 CST [122205] 006_map_plan.pl LOG:  statement: EXPLAIN SELECT id, ai_semantic.map(body, 'Echo the input.', '{"model":"golden-map-v1","temperature":0,"max_tokens":128}'::jsonb) AS generated FROM ONLY map_inputs WHERE id = (SELECT 1);
2026-09-03 18:22:09.967 CST [122205] 006_map_plan.pl ERROR:  query shape is outside the current SemMap capability
2026-09-03 18:22:09.967 CST [122205] 006_map_plan.pl DETAIL:  Only a single-table SELECT or INSERT ... SELECT with ordinary filters, projections, and LIMIT is supported.
2026-09-03 18:22:09.967 CST [122205] 006_map_plan.pl STATEMENT:  EXPLAIN SELECT id, ai_semantic.map(body, 'Echo the input.', '{"model":"golden-map-v1","temperature":0,"max_tokens":128}'::jsonb) AS generated FROM ONLY map_inputs WHERE id = (SELECT 1);
2026-09-03 18:22:09.976 CST [122207] 006_map_plan.pl LOG:  statement: EXPLAIN SELECT id, ai_semantic.map(body, 'Echo the input.', '{"model":"golden-map-v1","temperature":0,"max_tokens":128}'::jsonb) AS generated FROM ONLY map_inputs ORDER BY id;
2026-09-03 18:22:09.978 CST [122207] 006_map_plan.pl ERROR:  query shape is outside the current SemMap capability
2026-09-03 18:22:09.978 CST [122207] 006_map_plan.pl DETAIL:  Only a single-table SELECT or INSERT ... SELECT with ordinary filters, projections, and LIMIT is supported.
2026-09-03 18:22:09.978 CST [122207] 006_map_plan.pl STATEMENT:  EXPLAIN SELECT id, ai_semantic.map(body, 'Echo the input.', '{"model":"golden-map-v1","temperature":0,"max_tokens":128}'::jsonb) AS generated FROM ONLY map_inputs ORDER BY id;
2026-09-03 18:22:09.987 CST [122209] 006_map_plan.pl LOG:  statement: EXPLAIN SELECT DISTINCT ai_semantic.map(body, 'Echo the input.', '{"model":"golden-map-v1","temperature":0,"max_tokens":128}'::jsonb) FROM ONLY map_inputs;
2026-09-03 18:22:09.988 CST [122209] 006_map_plan.pl ERROR:  query shape is outside the current SemMap capability
2026-09-03 18:22:09.988 CST [122209] 006_map_plan.pl DETAIL:  Only a single-table SELECT or INSERT ... SELECT with ordinary filters, projections, and LIMIT is supported.
2026-09-03 18:22:09.988 CST [122209] 006_map_plan.pl STATEMENT:  EXPLAIN SELECT DISTINCT ai_semantic.map(body, 'Echo the input.', '{"model":"golden-map-v1","temperature":0,"max_tokens":128}'::jsonb) FROM ONLY map_inputs;
2026-09-03 18:22:09.995 CST [122211] 006_map_plan.pl LOG:  statement: EXPLAIN SELECT id, ai_semantic.map(body, 'Echo the input.', '{"model":"golden-map-v1","temperature":0,"max_tokens":128}'::jsonb) AS generated FROM ONLY map_inputs JOIN ONLY map_target USING(id);
2026-09-03 18:22:09.996 CST [122211] 006_map_plan.pl ERROR:  the SemMap capability requires exactly one base relation
2026-09-03 18:22:09.996 CST [122211] 006_map_plan.pl STATEMENT:  EXPLAIN SELECT id, ai_semantic.map(body, 'Echo the input.', '{"model":"golden-map-v1","temperature":0,"max_tokens":128}'::jsonb) AS generated FROM ONLY map_inputs JOIN ONLY map_target USING(id);
2026-09-03 18:22:10.004 CST [122213] 006_map_plan.pl LOG:  statement: EXPLAIN INSERT INTO map_target SELECT id, ai_semantic.map(body, 'Echo the input.', '{"model":"golden-map-v1","temperature":0,"max_tokens":128}'::jsonb) AS generated FROM ONLY map_inputs RETURNING id;
2026-09-03 18:22:10.005 CST [122213] 006_map_plan.pl ERROR:  INSERT shape is outside the current SemMap capability
2026-09-03 18:22:10.005 CST [122213] 006_map_plan.pl DETAIL:  ON CONFLICT, RETURNING, and OVERRIDING are not supported.
2026-09-03 18:22:10.005 CST [122213] 006_map_plan.pl STATEMENT:  EXPLAIN INSERT INTO map_target SELECT id, ai_semantic.map(body, 'Echo the input.', '{"model":"golden-map-v1","temperature":0,"max_tokens":128}'::jsonb) AS generated FROM ONLY map_inputs RETURNING id;
2026-09-03 18:22:10.012 CST [122216] 006_map_plan.pl LOG:  statement: EXPLAIN INSERT INTO map_target SELECT id, ai_semantic.map(body, 'Echo the input.', '{"model":"golden-map-v1","temperature":0,"max_tokens":128}'::jsonb) AS generated FROM ONLY map_inputs ON CONFLICT DO NOTHING;
2026-09-03 18:22:10.014 CST [122216] 006_map_plan.pl ERROR:  INSERT shape is outside the current SemMap capability
2026-09-03 18:22:10.014 CST [122216] 006_map_plan.pl DETAIL:  ON CONFLICT, RETURNING, and OVERRIDING are not supported.
2026-09-03 18:22:10.014 CST [122216] 006_map_plan.pl STATEMENT:  EXPLAIN INSERT INTO map_target SELECT id, ai_semantic.map(body, 'Echo the input.', '{"model":"golden-map-v1","temperature":0,"max_tokens":128}'::jsonb) AS generated FROM ONLY map_inputs ON CONFLICT DO NOTHING;
2026-09-03 18:22:10.023 CST [122218] 006_map_plan.pl LOG:  statement: EXPLAIN INSERT INTO map_target OVERRIDING SYSTEM VALUE SELECT id, ai_semantic.map(body, 'Echo the input.', '{"model":"golden-map-v1","temperature":0,"max_tokens":128}'::jsonb) AS generated FROM ONLY map_inputs;
2026-09-03 18:22:10.024 CST [122218] 006_map_plan.pl ERROR:  INSERT shape is outside the current SemMap capability
2026-09-03 18:22:10.024 CST [122218] 006_map_plan.pl DETAIL:  ON CONFLICT, RETURNING, and OVERRIDING are not supported.
2026-09-03 18:22:10.024 CST [122218] 006_map_plan.pl STATEMENT:  EXPLAIN INSERT INTO map_target OVERRIDING SYSTEM VALUE SELECT id, ai_semantic.map(body, 'Echo the input.', '{"model":"golden-map-v1","temperature":0,"max_tokens":128}'::jsonb) AS generated FROM ONLY map_inputs;
2026-09-03 18:22:10.029 CST [121898] LOG:  received fast shutdown request
2026-09-03 18:22:10.029 CST [121898] LOG:  aborting any active transactions
2026-09-03 18:22:10.030 CST [121898] LOG:  background worker "logical replication launcher" (PID 121907) exited with exit code 1
2026-09-03 18:22:10.030 CST [121902] LOG:  shutting down
2026-09-03 18:22:10.031 CST [121902] LOG:  checkpoint starting: shutdown immediate
2026-09-03 18:22:10.042 CST [121902] LOG:  checkpoint complete: wrote 1003 buffers (6.1%), wrote 3 SLRU buffers; 0 WAL file(s) added, 0 removed, 0 recycled; write=0.011 s, sync=0.001 s, total=0.012 s; sync files=0, longest=0.000 s, average=0.000 s; distance=7747 kB, estimate=7747 kB; lsn=0/1E7E230, redo lsn=0/1E7E230
2026-09-03 18:22:10.054 CST [121898] LOG:  database system is shut down
