test_canonical_gateway_serves_both_versions_without_rewriting_results (tests.postgres.test_semloom_choice_protocol.ChoiceFixedAdapterTests.test_canonical_gateway_serves_both_versions_without_rewriting_results) ... ok
test_choice_mapping_changes_only_the_explicit_constraint (tests.postgres.test_semloom_choice_protocol.ChoiceFixedAdapterTests.test_choice_mapping_changes_only_the_explicit_constraint) ... ok
test_gateway_refuses_undeclared_choice_without_model_request (tests.postgres.test_semloom_choice_protocol.ChoiceFixedAdapterTests.test_gateway_refuses_undeclared_choice_without_model_request) ... ok
test_service_rejection_is_terminal_without_unconstrained_retry (tests.postgres.test_semloom_choice_protocol.ChoiceFixedAdapterTests.test_service_rejection_is_terminal_without_unconstrained_retry) ... ok
test_undeclared_choice_support_fails_before_http (tests.postgres.test_semloom_choice_protocol.ChoiceFixedAdapterTests.test_undeclared_choice_support_fails_before_http) ... ok
test_execution_payload_and_completion_match_independent_vectors (tests.postgres.test_semloom_choice_protocol.ChoiceProtocolTests.test_execution_payload_and_completion_match_independent_vectors) ... ok
test_exported_options_cannot_change_effective_wire_parameters (tests.postgres.test_semloom_choice_protocol.ChoiceProtocolTests.test_exported_options_cannot_change_effective_wire_parameters) ... ok
test_invalid_json_after_open_has_a_redacted_terminal_error (tests.postgres.test_semloom_choice_protocol.ChoiceProtocolTests.test_invalid_json_after_open_has_a_redacted_terminal_error) ... ok
test_malformed_task_frame_returns_strict_v4_error (tests.postgres.test_semloom_choice_protocol.ChoiceProtocolTests.test_malformed_task_frame_returns_strict_v4_error) ... ok
test_task_checks_profile_sequence_and_actual_instruction (tests.postgres.test_semloom_choice_protocol.ChoiceProtocolTests.test_task_checks_profile_sequence_and_actual_instruction) ... ok
test_v4_plan_uses_the_independent_pg_schema3_vector (tests.postgres.test_semloom_choice_protocol.ChoiceProtocolTests.test_v4_plan_uses_the_independent_pg_schema3_vector) ... ok
test_v4_rejects_oversized_sequences_and_non_pg_text (tests.postgres.test_semloom_choice_protocol.ChoiceProtocolTests.test_v4_rejects_oversized_sequences_and_non_pg_text) ... ok
test_v4_session_preserves_raw_output_and_profile_evidence (tests.postgres.test_semloom_choice_protocol.ChoiceProtocolTests.test_v4_session_preserves_raw_output_and_profile_evidence) ... ok
test_version_mismatch_and_nested_duplicate_open_never_execute (tests.postgres.test_semloom_choice_protocol.ChoiceProtocolTests.test_version_mismatch_and_nested_duplicate_open_never_execute) ... ok
test_versions_and_complete_profile_are_strict (tests.postgres.test_semloom_choice_protocol.ChoiceProtocolTests.test_versions_and_complete_profile_are_strict) ... ok
test_repeated_timeouts_share_one_bounded_dns_resolution (tests.postgres.test_semloom_fixed_model_adapter.FixedModelAdapterDeadlineTests.test_repeated_timeouts_share_one_bounded_dns_resolution) ... ok
test_adapter_forwards_the_exact_v3_request_once (tests.postgres.test_semloom_fixed_model_adapter.FixedModelAdapterTests.test_adapter_forwards_the_exact_v3_request_once) ... ok
test_adapter_maps_remote_failures_to_redacted_wire_codes_without_retry (tests.postgres.test_semloom_fixed_model_adapter.FixedModelAdapterTests.test_adapter_maps_remote_failures_to_redacted_wire_codes_without_retry) ... ok
test_adapter_rejects_redirect_without_contacting_target (tests.postgres.test_semloom_fixed_model_adapter.FixedModelAdapterTests.test_adapter_rejects_redirect_without_contacting_target) ... ok
test_adapter_timeout_is_a_total_deadline_for_slow_response (tests.postgres.test_semloom_fixed_model_adapter.FixedModelAdapterTests.test_adapter_timeout_is_a_total_deadline_for_slow_response) ... ok
test_canonical_gateway_routes_wire_v3_through_the_fixed_adapter (tests.postgres.test_semloom_fixed_model_adapter.FixedModelAdapterTests.test_canonical_gateway_routes_wire_v3_through_the_fixed_adapter) ... ok
test_config_loader_reads_auth_from_a_named_environment_variable (tests.postgres.test_semloom_fixed_model_adapter.FixedModelAdapterTests.test_config_loader_reads_auth_from_a_named_environment_variable) ... ok
test_config_loader_rejects_unknown_fields_and_missing_auth (tests.postgres.test_semloom_fixed_model_adapter.FixedModelAdapterTests.test_config_loader_rejects_unknown_fields_and_missing_auth) ... ok
test_connection_refusal_releases_capacity_without_http_dispatch (tests.postgres.test_semloom_fixed_model_adapter.FixedModelAdapterTests.test_connection_refusal_releases_capacity_without_http_dispatch) ... ok
test_map_session_uses_fixed_identity_and_verbatim_generation_request (tests.postgres.test_semloom_fixed_model_adapter.FixedModelAdapterTests.test_map_session_uses_fixed_identity_and_verbatim_generation_request) ... ok
test_oversized_unfinished_response_retains_request_capacity (tests.postgres.test_semloom_fixed_model_adapter.FixedModelAdapterTests.test_oversized_unfinished_response_retains_request_capacity) ... ok
test_truncated_content_length_never_becomes_a_successful_completion (tests.postgres.test_semloom_fixed_model_adapter.FixedModelAdapterTests.test_truncated_content_length_never_becomes_a_successful_completion) ... ok
test_c_binds_every_profile_byte_and_never_requires_a_terminator (tests.postgres.test_semloom_generation_profile.CGenerationProfileTests.test_c_binds_every_profile_byte_and_never_requires_a_terminator) ... ok
test_c_canonical_bytes_and_identity_match_python_and_independent_vector (tests.postgres.test_semloom_generation_profile.CGenerationProfileTests.test_c_canonical_bytes_and_identity_match_python_and_independent_vector) ... ok
test_c_encoder_is_bounded_and_failure_never_publishes_partial_bytes (tests.postgres.test_semloom_generation_profile.CGenerationProfileTests.test_c_encoder_is_bounded_and_failure_never_publishes_partial_bytes) ... ok
test_c_rejects_unknown_identity_kind_count_and_malformed_slices (tests.postgres.test_semloom_generation_profile.CGenerationProfileTests.test_c_rejects_unknown_identity_kind_count_and_malformed_slices) ... ok
test_only_the_exact_typed_ordered_profile_is_supported (tests.postgres.test_semloom_generation_profile.GenerationProfileTests.test_only_the_exact_typed_ordered_profile_is_supported) ... ok
test_profile_cannot_change_after_identity_is_computed (tests.postgres.test_semloom_generation_profile.GenerationProfileTests.test_profile_cannot_change_after_identity_is_computed) ... ok
test_record_is_self_contained_and_rejects_unbound_or_changed_fields (tests.postgres.test_semloom_generation_profile.GenerationProfileTests.test_record_is_self_contained_and_rejects_unbound_or_changed_fields) ... ok
test_tristate_profile_matches_independent_canonical_vector (tests.postgres.test_semloom_generation_profile.GenerationProfileTests.test_tristate_profile_matches_independent_canonical_vector) ... ok
test_c_completion_policy_matches_python_and_never_changes_text (tests.postgres.test_semloom_map_contract.MapCContractTests.test_c_completion_policy_matches_python_and_never_changes_text) ... ok
test_c_completion_rejects_invalid_storage_and_encoding (tests.postgres.test_semloom_map_contract.MapCContractTests.test_c_completion_rejects_invalid_storage_and_encoding) ... ok
test_c_plan_capacity_and_borrowed_null_flags_are_checked (tests.postgres.test_semloom_map_contract.MapCContractTests.test_c_plan_capacity_and_borrowed_null_flags_are_checked) ... ok
test_c_plan_identity_matches_independent_vectors_and_python (tests.postgres.test_semloom_map_contract.MapCContractTests.test_c_plan_identity_matches_independent_vectors_and_python) ... ok
test_c_plan_rejects_invalid_values_without_partial_output (tests.postgres.test_semloom_map_contract.MapCContractTests.test_c_plan_rejects_invalid_values_without_partial_output) ... ok
test_map_completion_checks_representation_model_and_usage_first (tests.postgres.test_semloom_map_contract.SemanticMapContractTests.test_map_completion_checks_representation_model_and_usage_first) ... ok
test_map_completion_preserves_text_and_distinguishes_failure_classes (tests.postgres.test_semloom_map_contract.SemanticMapContractTests.test_map_completion_preserves_text_and_distinguishes_failure_classes) ... ok
test_map_plan_identity_matches_independent_ascii_vector (tests.postgres.test_semloom_map_contract.SemanticMapContractTests.test_map_plan_identity_matches_independent_ascii_vector) ... ok
test_map_plan_preserves_identity_and_exposes_fresh_generation_values (tests.postgres.test_semloom_map_contract.SemanticMapContractTests.test_map_plan_preserves_identity_and_exposes_fresh_generation_values) ... ok
test_map_plan_validates_all_variable_values_before_encoding (tests.postgres.test_semloom_map_contract.SemanticMapContractTests.test_map_plan_validates_all_variable_values_before_encoding) ... ok
test_shared_completion_preserves_raw_values (tests.postgres.test_semloom_map_contract.SemanticMapContractTests.test_shared_completion_preserves_raw_values) ... ok
test_completion_metadata_and_wire_counters_survive_without_text_changes (tests.postgres.test_semloom_map_protocol.MapProtocolTests.test_completion_metadata_and_wire_counters_survive_without_text_changes) ... ok
test_error_frames_are_strict_and_only_v5_admits_output_too_large (tests.postgres.test_semloom_map_protocol.MapProtocolTests.test_error_frames_are_strict_and_only_v5_admits_output_too_large) ... ok
test_execution_payload_and_completion_match_independent_vectors (tests.postgres.test_semloom_map_protocol.MapProtocolTests.test_execution_payload_and_completion_match_independent_vectors) ... ok
test_frame_bounds_use_decimal_strings_and_output_policy_order (tests.postgres.test_semloom_map_protocol.MapProtocolTests.test_frame_bounds_use_decimal_strings_and_output_policy_order) ... ok
test_identity_encoding_rejects_invalid_representations_and_binds_metadata (tests.postgres.test_semloom_map_protocol.MapProtocolTests.test_identity_encoding_rejects_invalid_representations_and_binds_metadata) ... ok
test_open_rejects_wrong_types_constraints_limits_and_duplicate_fields (tests.postgres.test_semloom_map_protocol.MapProtocolTests.test_open_rejects_wrong_types_constraints_limits_and_duplicate_fields) ... ok
test_output_too_large_requires_a_current_task (tests.postgres.test_semloom_map_protocol.MapProtocolTests.test_output_too_large_requires_a_current_task) ... ok
test_strict_open_and_task_bind_the_actual_instruction_and_sequence (tests.postgres.test_semloom_map_protocol.MapProtocolTests.test_strict_open_and_task_bind_the_actual_instruction_and_sequence) ... ok
test_task_rejects_wire_counter_types_and_nested_mutations (tests.postgres.test_semloom_map_protocol.MapProtocolTests.test_task_rejects_wire_counter_types_and_nested_mutations) ... ok
test_usage_fields_have_independent_uint64_ranges (tests.postgres.test_semloom_map_protocol.MapProtocolTests.test_usage_fields_have_independent_uint64_ranges) ... ok
test_adapter_value_and_recursion_errors_remain_internal_and_redacted (tests.postgres.test_semloom_map_protocol.MapSessionTests.test_adapter_value_and_recursion_errors_remain_internal_and_redacted) ... ok
test_deep_json_is_a_v5_frame_input_error (tests.postgres.test_semloom_map_protocol.MapSessionTests.test_deep_json_is_a_v5_frame_input_error) ... ok
test_invalid_json_task_reports_current_sequence_and_closes (tests.postgres.test_semloom_map_protocol.MapSessionTests.test_invalid_json_task_reports_current_sequence_and_closes) ... ok
test_invalid_semantic_identity_never_calls_adapter (tests.postgres.test_semloom_map_protocol.MapSessionTests.test_invalid_semantic_identity_never_calls_adapter) ... ok
test_map_fixture_errors_are_terminal_and_never_invent_metadata (tests.postgres.test_semloom_map_protocol.MapSessionTests.test_map_fixture_errors_are_terminal_and_never_invent_metadata) ... ok
test_shared_session_returns_explicit_fixture_metadata_and_rejects_repeated_sequence (tests.postgres.test_semloom_map_protocol.MapSessionTests.test_shared_session_returns_explicit_fixture_metadata_and_rejects_repeated_sequence) ... ok
test_unrepresentable_json_integer_is_a_v5_input_error_not_an_adapter_error (tests.postgres.test_semloom_map_protocol.MapSessionTests.test_unrepresentable_json_integer_is_a_v5_input_error_not_an_adapter_error) ... ok
test_version_mismatch_and_legacy_adapter_never_fall_back (tests.postgres.test_semloom_map_protocol.MapSessionTests.test_version_mismatch_and_legacy_adapter_never_fall_back) ... ok
test_existing_filter_profiles_keep_their_literal_messages (tests.postgres.test_semloom_message_compilation.MessageCompilationTests.test_existing_filter_profiles_keep_their_literal_messages) ... ok
test_existing_filter_profiles_keep_unicode_and_escaping (tests.postgres.test_semloom_message_compilation.MessageCompilationTests.test_existing_filter_profiles_keep_unicode_and_escaping) ... ok
test_generated_machine_dispatch_uses_map_message_vectors (tests.postgres.test_semloom_message_compilation.MessageCompilationTests.test_generated_machine_dispatch_uses_map_message_vectors) ... ok
test_map_accepts_maximum_utf8_byte_lengths_and_escape_expansion (tests.postgres.test_semloom_message_compilation.MessageCompilationTests.test_map_accepts_maximum_utf8_byte_lengths_and_escape_expansion) ... ok
test_map_compiles_two_verbatim_messages_without_filter_directive (tests.postgres.test_semloom_message_compilation.MessageCompilationTests.test_map_compiles_two_verbatim_messages_without_filter_directive) ... ok
test_map_distinguishes_empty_from_null_and_invalid_storage (tests.postgres.test_semloom_message_compilation.MessageCompilationTests.test_map_distinguishes_empty_from_null_and_invalid_storage) ... ok
test_map_preserves_scalar_boundaries_whitespace_and_normalization (tests.postgres.test_semloom_message_compilation.MessageCompilationTests.test_map_preserves_scalar_boundaries_whitespace_and_normalization) ... ok
test_map_rejects_nul_and_malformed_utf8_before_publishing (tests.postgres.test_semloom_message_compilation.MessageCompilationTests.test_map_rejects_nul_and_malformed_utf8_before_publishing) ... ok
test_map_rejects_oversized_text_before_publishing (tests.postgres.test_semloom_message_compilation.MessageCompilationTests.test_map_rejects_oversized_text_before_publishing) ... ok
test_map_requires_exact_capacity_without_writing_on_failure (tests.postgres.test_semloom_message_compilation.MessageCompilationTests.test_map_requires_exact_capacity_without_writing_on_failure) ... ok
test_python_and_c_map_match_text_and_byte_boundaries (tests.postgres.test_semloom_message_compilation.MessageCompilationTests.test_python_and_c_map_match_text_and_byte_boundaries) ... ok
test_python_map_compiles_the_same_literal_messages (tests.postgres.test_semloom_message_compilation.MessageCompilationTests.test_python_map_compiles_the_same_literal_messages) ... ok
test_python_map_rejects_invalid_text_with_static_errors (tests.postgres.test_semloom_message_compilation.MessageCompilationTests.test_python_map_rejects_invalid_text_with_static_errors) ... ok
test_recording_machines_still_do_not_compile_messages (tests.postgres.test_semloom_message_compilation.MessageCompilationTests.test_recording_machines_still_do_not_compile_messages) ... ok
test_exact_semfilter_cost_is_planner_visible_but_not_semantic_identity (tests.postgres.test_semloom_pg_static_contract.SemloomPgStaticContractTests.test_exact_semfilter_cost_is_planner_visible_but_not_semantic_identity) ... ok
test_exact_semfilter_has_a_constant_plan_owned_sql_contract (tests.postgres.test_semloom_pg_static_contract.SemloomPgStaticContractTests.test_exact_semfilter_has_a_constant_plan_owned_sql_contract) ... ok
test_executor_is_incremental_and_rejects_rescan (tests.postgres.test_semloom_pg_static_contract.SemloomPgStaticContractTests.test_executor_is_incremental_and_rejects_rescan) ... ok
test_fixed_model_profile_is_query_fixed_and_transport_neutral (tests.postgres.test_semloom_pg_static_contract.SemloomPgStaticContractTests.test_fixed_model_profile_is_query_fixed_and_transport_neutral) ... ok
test_input_limit_preflight_runs_before_canonical_task_construction (tests.postgres.test_semloom_pg_static_contract.SemloomPgStaticContractTests.test_input_limit_preflight_runs_before_canonical_task_construction) ... ok
test_marker_is_never_an_implicit_remote_udf (tests.postgres.test_semloom_pg_static_contract.SemloomPgStaticContractTests.test_marker_is_never_an_implicit_remote_udf) ... ok
test_neutral_provider_contract_has_no_postgres_dependencies (tests.postgres.test_semloom_pg_static_contract.SemloomPgStaticContractTests.test_neutral_provider_contract_has_no_postgres_dependencies) ... ok
test_neutral_provider_error_interface_hides_adapter_operations (tests.postgres.test_semloom_pg_static_contract.SemloomPgStaticContractTests.test_neutral_provider_error_interface_hides_adapter_operations) ... ok
test_pgxs_layout_is_versioned_and_has_regression_entry (tests.postgres.test_semloom_pg_static_contract.SemloomPgStaticContractTests.test_pgxs_layout_is_versioned_and_has_regression_entry) ... ok
test_planner_owns_the_versioned_semantic_plan_spec (tests.postgres.test_semloom_pg_static_contract.SemloomPgStaticContractTests.test_planner_owns_the_versioned_semantic_plan_spec) ... ok
test_planner_wraps_an_ordinary_child_path_and_chains_hooks (tests.postgres.test_semloom_pg_static_contract.SemloomPgStaticContractTests.test_planner_wraps_an_ordinary_child_path_and_chains_hooks) ... ok
test_recording_and_uds_are_separate_provider_adapters (tests.postgres.test_semloom_pg_static_contract.SemloomPgStaticContractTests.test_recording_and_uds_are_separate_provider_adapters) ... ok
test_reference_calibration_is_planner_owned_and_does_not_enter_runtime (tests.postgres.test_semloom_pg_static_contract.SemloomPgStaticContractTests.test_reference_calibration_is_planner_owned_and_does_not_enter_runtime) ... ok
test_regression_contract_covers_explain_filter_duplicates_and_limit (tests.postgres.test_semloom_pg_static_contract.SemloomPgStaticContractTests.test_regression_contract_covers_explain_filter_duplicates_and_limit) ... ok
test_scan_delegates_tuple_flow_to_the_pump_and_runtime (tests.postgres.test_semloom_pg_static_contract.SemloomPgStaticContractTests.test_scan_delegates_tuple_flow_to_the_pump_and_runtime) ... ok
test_tap_contract_covers_preload_prepare_snapshot_and_cancel (tests.postgres.test_semloom_pg_static_contract.SemloomPgStaticContractTests.test_tap_contract_covers_preload_prepare_snapshot_and_cancel) ... ok
test_two_operators_share_one_postgres_semantic_runtime (tests.postgres.test_semloom_pg_static_contract.SemloomPgStaticContractTests.test_two_operators_share_one_postgres_semantic_runtime) ... ok
test_wire_common_c_owns_shared_transport_and_json_primitives (tests.postgres.test_semloom_pg_static_contract.SemloomPgStaticContractTests.test_wire_common_c_owns_shared_transport_and_json_primitives) ... ok
test_wire_v3_is_strict_and_does_not_mutate_recording_v2 (tests.postgres.test_semloom_pg_static_contract.SemloomPgStaticContractTests.test_wire_v3_is_strict_and_does_not_mutate_recording_v2) ... ok
test_wire_v3_owns_and_strictly_validates_error_frames (tests.postgres.test_semloom_pg_static_contract.SemloomPgStaticContractTests.test_wire_v3_owns_and_strictly_validates_error_frames) ... ok
test_bad_payload_digest_fails_closed_without_echoing_input (tests.postgres.test_semloom_recording_protocol.SemloomRecordingProtocolTests.test_bad_payload_digest_fails_closed_without_echoing_input) ... ok
test_boolean_semantic_spec_version_fails_closed (tests.postgres.test_semloom_recording_protocol.SemloomRecordingProtocolTests.test_boolean_semantic_spec_version_fails_closed) ... ok
test_digest_golden_vectors_cover_unicode_and_null (tests.postgres.test_semloom_recording_protocol.SemloomRecordingProtocolTests.test_digest_golden_vectors_cover_unicode_and_null) ... ok
test_disconnect_on_task_yields_no_completion (tests.postgres.test_semloom_recording_protocol.SemloomRecordingProtocolTests.test_disconnect_on_task_yields_no_completion) ... ok
test_filter_spec_returns_deterministic_tristate_completions (tests.postgres.test_semloom_recording_protocol.SemloomRecordingProtocolTests.test_filter_spec_returns_deterministic_tristate_completions) ... ok
test_fragmented_and_coalesced_frames_complete_a_unicode_task (tests.postgres.test_semloom_recording_protocol.SemloomRecordingProtocolTests.test_fragmented_and_coalesced_frames_complete_a_unicode_task) ... ok
test_null_and_oversized_tasks_are_rejected_before_execution (tests.postgres.test_semloom_recording_protocol.SemloomRecordingProtocolTests.test_null_and_oversized_tasks_are_rejected_before_execution) ... ok
test_unknown_open_field_and_oversized_frame_fail_closed (tests.postgres.test_semloom_recording_protocol.SemloomRecordingProtocolTests.test_unknown_open_field_and_oversized_frame_fail_closed) ... ok
test_completion_fault_fixtures_target_v3_evidence_fields (tests.postgres.test_semloom_semantic_protocol.SemloomSemanticProtocolTests.test_completion_fault_fixtures_target_v3_evidence_fields) ... ok
test_error_fault_fixtures_characterize_invalid_v3_frames (tests.postgres.test_semloom_semantic_protocol.SemloomSemanticProtocolTests.test_error_fault_fixtures_characterize_invalid_v3_frames) ... ok
test_golden_adapter_returns_fixture_bound_completion (tests.postgres.test_semloom_semantic_protocol.SemloomSemanticProtocolTests.test_golden_adapter_returns_fixture_bound_completion) ... ok
test_open_error_fixtures_characterize_nullable_sequence (tests.postgres.test_semloom_semantic_protocol.SemloomSemanticProtocolTests.test_open_error_fixtures_characterize_nullable_sequence) ... ok
test_shared_session_runner_uses_the_selected_execution_profile (tests.postgres.test_semloom_semantic_protocol.SemloomSemanticProtocolTests.test_shared_session_runner_uses_the_selected_execution_profile) ... ok
test_strict_nested_fields_and_decimal_uint64_fail_closed (tests.postgres.test_semloom_semantic_protocol.SemloomSemanticProtocolTests.test_strict_nested_fields_and_decimal_uint64_fail_closed) ... ok
test_unknown_payload_digest_fails_closed_without_prompt_echo (tests.postgres.test_semloom_semantic_protocol.SemloomSemanticProtocolTests.test_unknown_payload_digest_fails_closed_without_prompt_echo) ... ok
test_v3_digest_and_prompt_golden_vectors (tests.postgres.test_semloom_semantic_protocol.SemloomSemanticProtocolTests.test_v3_digest_and_prompt_golden_vectors) ... ok
test_v3_error_message_has_a_strict_versioned_schema (tests.postgres.test_semloom_semantic_protocol.SemloomSemanticProtocolTests.test_v3_error_message_has_a_strict_versioned_schema) ... ok

----------------------------------------------------------------------
Ran 115 tests in 9.444s

OK
