2026-09-03 17:18:21.039 CST [112458] LOG:  starting PostgreSQL 18.3 on x86_64-pc-linux-gnu, compiled by gcc (Ubuntu 11.4.0-1ubuntu1~22.04.3) 11.4.0, 64-bit
2026-09-03 17:18:21.039 CST [112458] LOG:  listening on Unix socket "/tmp/vXcv2hpPno/.s.PGSQL.17482"
2026-09-03 17:18:21.041 CST [112464] LOG:  database system was shut down at 2026-09-03 17:18:20 CST
2026-09-03 17:18:21.043 CST [112458] LOG:  database system is ready to accept connections
2026-09-03 17:18:21.140 CST [112469] 005_function_identity.pl LOG:  statement: CREATE SCHEMA ai_semantic
2026-09-03 17:18:21.151 CST [112471] 005_function_identity.pl LOG:  statement: CREATE OR REPLACE FUNCTION ai_semantic.map(input text) RETURNS text LANGUAGE plpgsql VOLATILE AS $$ BEGIN RETURN 'ordinary:' || $1; END $$;
2026-09-03 17:18:21.160 CST [112473] 005_function_identity.pl LOG:  statement: CREATE OR REPLACE FUNCTION ai_semantic.filter(input text) RETURNS boolean LANGUAGE plpgsql VOLATILE AS $$ BEGIN RETURN true; END $$;
2026-09-03 17:18:21.170 CST [112475] 005_function_identity.pl LOG:  statement: CREATE OR REPLACE FUNCTION ai_semantic.filter(input text, instruction text, options jsonb) RETURNS boolean LANGUAGE plpgsql VOLATILE AS $$ BEGIN RETURN true; END $$;
2026-09-03 17:18:21.179 CST [112477] 005_function_identity.pl LOG:  statement: CREATE OR REPLACE FUNCTION ai_semantic.filter(input text, instruction text, options jsonb) RETURNS boolean LANGUAGE plpgsql VOLATILE AS $$ BEGIN RETURN true; END $$;
2026-09-03 17:18:21.188 CST [112479] 005_function_identity.pl LOG:  statement: CREATE TABLE identity_inputs(content text);
2026-09-03 17:18:21.190 CST [112479] 005_function_identity.pl LOG:  statement: INSERT INTO identity_inputs VALUES ('false');
2026-09-03 17:18:21.199 CST [112481] 005_function_identity.pl LOG:  statement: SELECT ai_semantic.map(content) FROM identity_inputs
2026-09-03 17:18:21.208 CST [112483] 005_function_identity.pl LOG:  statement: EXPLAIN SELECT ai_semantic.map(content) FROM identity_inputs
2026-09-03 17:18:21.218 CST [112485] 005_function_identity.pl LOG:  statement: SELECT content FROM identity_inputs WHERE ai_semantic.filter(content)
2026-09-03 17:18:21.228 CST [112487] 005_function_identity.pl LOG:  statement: EXPLAIN SELECT content FROM identity_inputs WHERE ai_semantic.filter(content)
2026-09-03 17:18:21.237 CST [112489] 005_function_identity.pl LOG:  statement: SELECT content FROM identity_inputs WHERE ai_semantic.filter(content, 'Classify input.', '{"model":"golden-model-v1","temperature":0,"max_tokens":8}'::jsonb)
2026-09-03 17:18:21.249 CST [112491] 005_function_identity.pl LOG:  statement: EXPLAIN SELECT content FROM identity_inputs WHERE ai_semantic.filter(content, 'Classify input.', '{"model":"golden-model-v1","temperature":0,"max_tokens":8}'::jsonb)
2026-09-03 17:18:21.260 CST [112493] 005_function_identity.pl LOG:  statement: SELECT content FROM identity_inputs WHERE ai_semantic.filter(content, 'Classify input.', '{"model":"golden-model-v1","temperature":0,"max_tokens":8,"generation_profile":"semloom.generation.choice.tristate.v1"}'::jsonb)
2026-09-03 17:18:21.270 CST [112495] 005_function_identity.pl LOG:  statement: EXPLAIN SELECT content FROM identity_inputs WHERE ai_semantic.filter(content, 'Classify input.', '{"model":"golden-model-v1","temperature":0,"max_tokens":8,"generation_profile":"semloom.generation.choice.tristate.v1"}'::jsonb)
2026-09-03 17:18:21.282 CST [112497] 005_function_identity.pl LOG:  statement: DROP SCHEMA ai_semantic CASCADE;
2026-09-03 17:18:21.283 CST [112497] 005_function_identity.pl LOG:  statement: CREATE EXTENSION semloom_pg;
2026-09-03 17:18:21.293 CST [112499] 005_function_identity.pl LOG:  statement: EXPLAIN SELECT ai_semantic.map(content) FROM identity_inputs
2026-09-03 17:18:21.303 CST [112501] 005_function_identity.pl LOG:  statement: EXPLAIN SELECT content FROM identity_inputs WHERE ai_semantic.filter(content)
2026-09-03 17:18:21.312 CST [112503] 005_function_identity.pl LOG:  statement: EXPLAIN SELECT content FROM identity_inputs WHERE ai_semantic.filter(content, 'Classify input.', '{"model":"golden-model-v1","temperature":0,"max_tokens":8}'::jsonb)
2026-09-03 17:18:21.321 CST [112505] 005_function_identity.pl LOG:  statement: EXPLAIN SELECT content FROM identity_inputs WHERE ai_semantic.filter(content, 'Classify input.', '{"model":"golden-model-v1","temperature":0,"max_tokens":8,"generation_profile":"semloom.generation.choice.tristate.v1"}'::jsonb)
2026-09-03 17:18:21.331 CST [112507] 005_function_identity.pl LOG:  statement: SELECT ai_semantic.map(content) FROM identity_inputs
2026-09-03 17:18:21.340 CST [112509] 005_function_identity.pl LOG:  statement: SELECT content FROM identity_inputs WHERE ai_semantic.filter(content)
2026-09-03 17:18:21.351 CST [112511] 005_function_identity.pl LOG:  statement: CREATE SCHEMA ordinary;
2026-09-03 17:18:21.351 CST [112511] 005_function_identity.pl LOG:  statement: CREATE FUNCTION ordinary.map(text) RETURNS text LANGUAGE plpgsql VOLATILE
	AS $$ BEGIN RETURN 'other:' || $1; END $$;
2026-09-03 17:18:21.352 CST [112511] 005_function_identity.pl LOG:  statement: CREATE FUNCTION ordinary.filter(text) RETURNS boolean LANGUAGE plpgsql VOLATILE
	AS $$ BEGIN RETURN true; END $$;
2026-09-03 17:18:21.352 CST [112511] 005_function_identity.pl LOG:  statement: CREATE FUNCTION ai_semantic.map(integer) RETURNS text LANGUAGE plpgsql VOLATILE
	AS $$ BEGIN RETURN 'integer:' || $1; END $$;
2026-09-03 17:18:21.352 CST [112511] 005_function_identity.pl LOG:  statement: CREATE FUNCTION ai_semantic.filter(integer) RETURNS boolean LANGUAGE plpgsql VOLATILE
	AS $$ BEGIN RETURN true; END $$;
2026-09-03 17:18:21.362 CST [112513] 005_function_identity.pl LOG:  statement: SELECT ordinary.map(content) FROM identity_inputs
2026-09-03 17:18:21.374 CST [112515] 005_function_identity.pl LOG:  statement: EXPLAIN SELECT ordinary.map(content) FROM identity_inputs
2026-09-03 17:18:21.384 CST [112517] 005_function_identity.pl LOG:  statement: SELECT content FROM identity_inputs WHERE ordinary.filter(content)
2026-09-03 17:18:21.394 CST [112519] 005_function_identity.pl LOG:  statement: EXPLAIN SELECT content FROM identity_inputs WHERE ordinary.filter(content)
2026-09-03 17:18:21.404 CST [112521] 005_function_identity.pl LOG:  statement: SELECT ai_semantic.map(length(content)) FROM identity_inputs
2026-09-03 17:18:21.413 CST [112523] 005_function_identity.pl LOG:  statement: EXPLAIN SELECT ai_semantic.map(length(content)) FROM identity_inputs
2026-09-03 17:18:21.424 CST [112525] 005_function_identity.pl LOG:  statement: SELECT content FROM identity_inputs WHERE ai_semantic.filter(length(content))
2026-09-03 17:18:21.435 CST [112527] 005_function_identity.pl LOG:  statement: EXPLAIN SELECT content FROM identity_inputs WHERE ai_semantic.filter(length(content))
2026-09-03 17:18:21.448 CST [112529] 005_function_identity.pl LOG:  statement: SELECT 'ai_semantic.map(text)'::regprocedure::oid
2026-09-03 17:18:21.457 CST [112531] 005_function_identity.pl LOG:  statement: SELECT pg_get_functiondef('ai_semantic.map(text)'::regprocedure)
2026-09-03 17:18:21.471 CST [112533] 005_function_identity.pl LOG:  statement: SET plan_cache_mode=force_generic_plan;
2026-09-03 17:18:21.471 CST [112533] 005_function_identity.pl LOG:  statement: PREPARE identity_plan AS SELECT ai_semantic.map(content) FROM identity_inputs;
2026-09-03 17:18:21.472 CST [112533] 005_function_identity.pl LOG:  statement: ;
2026-09-03 17:18:21.472 CST [112533] 005_function_identity.pl LOG:  statement: EXPLAIN EXECUTE identity_plan
	;
2026-09-03 17:18:21.482 CST [112535] 005_function_identity.pl LOG:  statement: ALTER EXTENSION semloom_pg DROP FUNCTION ai_semantic.map(text);
2026-09-03 17:18:21.490 CST [112537] 005_function_identity.pl LOG:  statement: EXPLAIN SELECT ai_semantic.map(content) FROM identity_inputs
2026-09-03 17:18:21.501 CST [112539] 005_function_identity.pl LOG:  statement: CREATE OR REPLACE FUNCTION ai_semantic.map(input text) RETURNS text LANGUAGE plpgsql VOLATILE AS $$ BEGIN RETURN 'ordinary:' || $1; END $$;
2026-09-03 17:18:21.510 CST [112541] 005_function_identity.pl LOG:  statement: SELECT 'ai_semantic.map(text)'::regprocedure::oid
2026-09-03 17:18:21.512 CST [112533] 005_function_identity.pl LOG:  statement: EXECUTE identity_plan
	;
2026-09-03 17:18:21.512 CST [112533] 005_function_identity.pl DETAIL:  prepare: PREPARE identity_plan AS SELECT ai_semantic.map(content) FROM identity_inputs;
2026-09-03 17:18:21.515 CST [112533] 005_function_identity.pl LOG:  statement: EXPLAIN EXECUTE identity_plan
	;
2026-09-03 17:18:21.524 CST [112543] 005_function_identity.pl LOG:  statement: ALTER EXTENSION plpgsql ADD FUNCTION ai_semantic.map(text);
2026-09-03 17:18:21.533 CST [112545] 005_function_identity.pl LOG:  statement: EXPLAIN SELECT ai_semantic.map(content) FROM identity_inputs
2026-09-03 17:18:21.544 CST [112547] 005_function_identity.pl LOG:  statement: ALTER EXTENSION plpgsql DROP FUNCTION ai_semantic.map(text);
2026-09-03 17:18:21.545 CST [112547] 005_function_identity.pl LOG:  statement: DROP FUNCTION ai_semantic.map(text);
2026-09-03 17:18:21.545 CST [112547] 005_function_identity.pl LOG:  statement: CREATE OR REPLACE FUNCTION ai_semantic.map(input text) RETURNS text LANGUAGE plpgsql VOLATILE AS $$ BEGIN RETURN 'ordinary:' || $1; END $$;
2026-09-03 17:18:21.556 CST [112549] 005_function_identity.pl LOG:  statement: SELECT 'ai_semantic.map(text)'::regprocedure::oid
2026-09-03 17:18:21.558 CST [112533] 005_function_identity.pl LOG:  statement: EXECUTE identity_plan
	;
2026-09-03 17:18:21.558 CST [112533] 005_function_identity.pl DETAIL:  prepare: PREPARE identity_plan AS SELECT ai_semantic.map(content) FROM identity_inputs;
2026-09-03 17:18:21.559 CST [112533] 005_function_identity.pl LOG:  statement: EXPLAIN EXECUTE identity_plan
	;
2026-09-03 17:18:21.568 CST [112551] 005_function_identity.pl LOG:  statement: DROP FUNCTION ai_semantic.map(text);
2026-09-03 17:18:21.569 CST [112551] 005_function_identity.pl LOG:  statement: CREATE OR REPLACE FUNCTION ai_semantic.map(input text)
	 RETURNS text
	 LANGUAGE c
	AS '$libdir/semloom_pg', $function$semloom_marker_map$function$
	;
2026-09-03 17:18:21.569 CST [112551] 005_function_identity.pl LOG:  statement: ALTER EXTENSION semloom_pg ADD FUNCTION ai_semantic.map(text);
2026-09-03 17:18:21.571 CST [112533] 005_function_identity.pl LOG:  statement: EXPLAIN EXECUTE identity_plan
	;
2026-09-03 17:18:21.581 CST [112553] 005_function_identity.pl LOG:  statement: SELECT 'ai_semantic.filter(text)'::regprocedure::oid
2026-09-03 17:18:21.590 CST [112555] 005_function_identity.pl LOG:  statement: SELECT pg_get_functiondef('ai_semantic.filter(text)'::regprocedure)
2026-09-03 17:18:21.600 CST [112557] 005_function_identity.pl LOG:  statement: SET plan_cache_mode=force_generic_plan;
2026-09-03 17:18:21.600 CST [112557] 005_function_identity.pl LOG:  statement: PREPARE identity_plan AS SELECT content FROM identity_inputs WHERE ai_semantic.filter(content);
2026-09-03 17:18:21.600 CST [112557] 005_function_identity.pl LOG:  statement: ;
2026-09-03 17:18:21.601 CST [112557] 005_function_identity.pl LOG:  statement: EXPLAIN EXECUTE identity_plan
	;
2026-09-03 17:18:21.611 CST [112559] 005_function_identity.pl LOG:  statement: ALTER EXTENSION semloom_pg DROP FUNCTION ai_semantic.filter(text);
2026-09-03 17:18:21.619 CST [112561] 005_function_identity.pl LOG:  statement: EXPLAIN SELECT content FROM identity_inputs WHERE ai_semantic.filter(content)
2026-09-03 17:18:21.628 CST [112563] 005_function_identity.pl LOG:  statement: CREATE OR REPLACE FUNCTION ai_semantic.filter(input text) RETURNS boolean LANGUAGE plpgsql VOLATILE AS $$ BEGIN RETURN true; END $$;
2026-09-03 17:18:21.637 CST [112565] 005_function_identity.pl LOG:  statement: SELECT 'ai_semantic.filter(text)'::regprocedure::oid
2026-09-03 17:18:21.639 CST [112557] 005_function_identity.pl LOG:  statement: EXECUTE identity_plan
	;
2026-09-03 17:18:21.639 CST [112557] 005_function_identity.pl DETAIL:  prepare: PREPARE identity_plan AS SELECT content FROM identity_inputs WHERE ai_semantic.filter(content);
2026-09-03 17:18:21.641 CST [112557] 005_function_identity.pl LOG:  statement: EXPLAIN EXECUTE identity_plan
	;
2026-09-03 17:18:21.649 CST [112567] 005_function_identity.pl LOG:  statement: ALTER EXTENSION plpgsql ADD FUNCTION ai_semantic.filter(text);
2026-09-03 17:18:21.658 CST [112569] 005_function_identity.pl LOG:  statement: EXPLAIN SELECT content FROM identity_inputs WHERE ai_semantic.filter(content)
2026-09-03 17:18:21.668 CST [112571] 005_function_identity.pl LOG:  statement: ALTER EXTENSION plpgsql DROP FUNCTION ai_semantic.filter(text);
2026-09-03 17:18:21.668 CST [112571] 005_function_identity.pl LOG:  statement: DROP FUNCTION ai_semantic.filter(text);
2026-09-03 17:18:21.669 CST [112571] 005_function_identity.pl LOG:  statement: CREATE OR REPLACE FUNCTION ai_semantic.filter(input text) RETURNS boolean LANGUAGE plpgsql VOLATILE AS $$ BEGIN RETURN true; END $$;
2026-09-03 17:18:21.678 CST [112573] 005_function_identity.pl LOG:  statement: SELECT 'ai_semantic.filter(text)'::regprocedure::oid
2026-09-03 17:18:21.681 CST [112557] 005_function_identity.pl LOG:  statement: EXECUTE identity_plan
	;
2026-09-03 17:18:21.681 CST [112557] 005_function_identity.pl DETAIL:  prepare: PREPARE identity_plan AS SELECT content FROM identity_inputs WHERE ai_semantic.filter(content);
2026-09-03 17:18:21.682 CST [112557] 005_function_identity.pl LOG:  statement: EXPLAIN EXECUTE identity_plan
	;
2026-09-03 17:18:21.690 CST [112575] 005_function_identity.pl LOG:  statement: DROP FUNCTION ai_semantic.filter(text);
2026-09-03 17:18:21.690 CST [112575] 005_function_identity.pl LOG:  statement: CREATE OR REPLACE FUNCTION ai_semantic.filter(input text)
	 RETURNS boolean
	 LANGUAGE c
	AS '$libdir/semloom_pg', $function$semloom_marker_filter$function$
	;
2026-09-03 17:18:21.691 CST [112575] 005_function_identity.pl LOG:  statement: ALTER EXTENSION semloom_pg ADD FUNCTION ai_semantic.filter(text);
2026-09-03 17:18:21.692 CST [112557] 005_function_identity.pl LOG:  statement: EXPLAIN EXECUTE identity_plan
	;
2026-09-03 17:18:21.701 CST [112577] 005_function_identity.pl LOG:  statement: SELECT 'ai_semantic.filter(text,text,jsonb)'::regprocedure::oid
2026-09-03 17:18:21.711 CST [112579] 005_function_identity.pl LOG:  statement: SELECT pg_get_functiondef('ai_semantic.filter(text,text,jsonb)'::regprocedure)
2026-09-03 17:18:21.721 CST [112581] 005_function_identity.pl LOG:  statement: SET plan_cache_mode=force_generic_plan;
2026-09-03 17:18:21.721 CST [112581] 005_function_identity.pl LOG:  statement: PREPARE identity_plan AS SELECT content FROM identity_inputs WHERE ai_semantic.filter(content, 'Classify input.', '{"model":"golden-model-v1","temperature":0,"max_tokens":8}'::jsonb);
2026-09-03 17:18:21.721 CST [112581] 005_function_identity.pl LOG:  statement: ;
2026-09-03 17:18:21.722 CST [112581] 005_function_identity.pl LOG:  statement: EXPLAIN EXECUTE identity_plan
	;
2026-09-03 17:18:21.731 CST [112583] 005_function_identity.pl LOG:  statement: ALTER EXTENSION semloom_pg DROP FUNCTION ai_semantic.filter(text,text,jsonb);
2026-09-03 17:18:21.741 CST [112585] 005_function_identity.pl LOG:  statement: EXPLAIN SELECT content FROM identity_inputs WHERE ai_semantic.filter(content, 'Classify input.', '{"model":"golden-model-v1","temperature":0,"max_tokens":8}'::jsonb)
2026-09-03 17:18:21.751 CST [112587] 005_function_identity.pl LOG:  statement: CREATE OR REPLACE FUNCTION ai_semantic.filter(input text, instruction text, options jsonb) RETURNS boolean LANGUAGE plpgsql VOLATILE AS $$ BEGIN RETURN true; END $$;
2026-09-03 17:18:21.758 CST [112589] 005_function_identity.pl LOG:  statement: SELECT 'ai_semantic.filter(text,text,jsonb)'::regprocedure::oid
2026-09-03 17:18:21.760 CST [112581] 005_function_identity.pl LOG:  statement: EXECUTE identity_plan
	;
2026-09-03 17:18:21.760 CST [112581] 005_function_identity.pl DETAIL:  prepare: PREPARE identity_plan AS SELECT content FROM identity_inputs WHERE ai_semantic.filter(content, 'Classify input.', '{"model":"golden-model-v1","temperature":0,"max_tokens":8}'::jsonb);
2026-09-03 17:18:21.763 CST [112581] 005_function_identity.pl LOG:  statement: EXPLAIN EXECUTE identity_plan
	;
2026-09-03 17:18:21.769 CST [112591] 005_function_identity.pl LOG:  statement: ALTER EXTENSION plpgsql ADD FUNCTION ai_semantic.filter(text,text,jsonb);
2026-09-03 17:18:21.778 CST [112593] 005_function_identity.pl LOG:  statement: EXPLAIN SELECT content FROM identity_inputs WHERE ai_semantic.filter(content, 'Classify input.', '{"model":"golden-model-v1","temperature":0,"max_tokens":8}'::jsonb)
2026-09-03 17:18:21.789 CST [112595] 005_function_identity.pl LOG:  statement: ALTER EXTENSION plpgsql DROP FUNCTION ai_semantic.filter(text,text,jsonb);
2026-09-03 17:18:21.790 CST [112595] 005_function_identity.pl LOG:  statement: DROP FUNCTION ai_semantic.filter(text,text,jsonb);
2026-09-03 17:18:21.790 CST [112595] 005_function_identity.pl LOG:  statement: CREATE OR REPLACE FUNCTION ai_semantic.filter(input text, instruction text, options jsonb) RETURNS boolean LANGUAGE plpgsql VOLATILE AS $$ BEGIN RETURN true; END $$;
2026-09-03 17:18:21.802 CST [112597] 005_function_identity.pl LOG:  statement: SELECT 'ai_semantic.filter(text,text,jsonb)'::regprocedure::oid
2026-09-03 17:18:21.804 CST [112581] 005_function_identity.pl LOG:  statement: EXECUTE identity_plan
	;
2026-09-03 17:18:21.804 CST [112581] 005_function_identity.pl DETAIL:  prepare: PREPARE identity_plan AS SELECT content FROM identity_inputs WHERE ai_semantic.filter(content, 'Classify input.', '{"model":"golden-model-v1","temperature":0,"max_tokens":8}'::jsonb);
2026-09-03 17:18:21.806 CST [112581] 005_function_identity.pl LOG:  statement: EXPLAIN EXECUTE identity_plan
	;
2026-09-03 17:18:21.813 CST [112599] 005_function_identity.pl LOG:  statement: DROP FUNCTION ai_semantic.filter(text,text,jsonb);
2026-09-03 17:18:21.814 CST [112599] 005_function_identity.pl LOG:  statement: CREATE OR REPLACE FUNCTION ai_semantic.filter(input text, instruction text, options jsonb)
	 RETURNS boolean
	 LANGUAGE c
	AS '$libdir/semloom_pg', $function$semloom_marker_filter$function$
	;
2026-09-03 17:18:21.814 CST [112599] 005_function_identity.pl LOG:  statement: ALTER EXTENSION semloom_pg ADD FUNCTION ai_semantic.filter(text,text,jsonb);
2026-09-03 17:18:21.816 CST [112581] 005_function_identity.pl LOG:  statement: EXPLAIN EXECUTE identity_plan
	;
2026-09-03 17:18:21.824 CST [112601] 005_function_identity.pl LOG:  statement: SELECT 'ai_semantic.filter(text,text,jsonb)'::regprocedure::oid
2026-09-03 17:18:21.831 CST [112603] 005_function_identity.pl LOG:  statement: SELECT pg_get_functiondef('ai_semantic.filter(text,text,jsonb)'::regprocedure)
2026-09-03 17:18:21.839 CST [112605] 005_function_identity.pl LOG:  statement: SET plan_cache_mode=force_generic_plan;
2026-09-03 17:18:21.839 CST [112605] 005_function_identity.pl LOG:  statement: PREPARE identity_plan AS SELECT content FROM identity_inputs WHERE ai_semantic.filter(content, 'Classify input.', '{"model":"golden-model-v1","temperature":0,"max_tokens":8,"generation_profile":"semloom.generation.choice.tristate.v1"}'::jsonb);
2026-09-03 17:18:21.840 CST [112605] 005_function_identity.pl LOG:  statement: ;
2026-09-03 17:18:21.840 CST [112605] 005_function_identity.pl LOG:  statement: EXPLAIN EXECUTE identity_plan
	;
2026-09-03 17:18:21.851 CST [112607] 005_function_identity.pl LOG:  statement: ALTER EXTENSION semloom_pg DROP FUNCTION ai_semantic.filter(text,text,jsonb);
2026-09-03 17:18:21.867 CST [112609] 005_function_identity.pl LOG:  statement: EXPLAIN SELECT content FROM identity_inputs WHERE ai_semantic.filter(content, 'Classify input.', '{"model":"golden-model-v1","temperature":0,"max_tokens":8,"generation_profile":"semloom.generation.choice.tristate.v1"}'::jsonb)
2026-09-03 17:18:21.878 CST [112611] 005_function_identity.pl LOG:  statement: CREATE OR REPLACE FUNCTION ai_semantic.filter(input text, instruction text, options jsonb) RETURNS boolean LANGUAGE plpgsql VOLATILE AS $$ BEGIN RETURN true; END $$;
2026-09-03 17:18:21.887 CST [112613] 005_function_identity.pl LOG:  statement: SELECT 'ai_semantic.filter(text,text,jsonb)'::regprocedure::oid
2026-09-03 17:18:21.890 CST [112605] 005_function_identity.pl LOG:  statement: EXECUTE identity_plan
	;
2026-09-03 17:18:21.890 CST [112605] 005_function_identity.pl DETAIL:  prepare: PREPARE identity_plan AS SELECT content FROM identity_inputs WHERE ai_semantic.filter(content, 'Classify input.', '{"model":"golden-model-v1","temperature":0,"max_tokens":8,"generation_profile":"semloom.generation.choice.tristate.v1"}'::jsonb);
2026-09-03 17:18:21.892 CST [112605] 005_function_identity.pl LOG:  statement: EXPLAIN EXECUTE identity_plan
	;
2026-09-03 17:18:21.901 CST [112615] 005_function_identity.pl LOG:  statement: ALTER EXTENSION plpgsql ADD FUNCTION ai_semantic.filter(text,text,jsonb);
2026-09-03 17:18:21.910 CST [112617] 005_function_identity.pl LOG:  statement: EXPLAIN SELECT content FROM identity_inputs WHERE ai_semantic.filter(content, 'Classify input.', '{"model":"golden-model-v1","temperature":0,"max_tokens":8,"generation_profile":"semloom.generation.choice.tristate.v1"}'::jsonb)
2026-09-03 17:18:21.920 CST [112619] 005_function_identity.pl LOG:  statement: ALTER EXTENSION plpgsql DROP FUNCTION ai_semantic.filter(text,text,jsonb);
2026-09-03 17:18:21.921 CST [112619] 005_function_identity.pl LOG:  statement: DROP FUNCTION ai_semantic.filter(text,text,jsonb);
2026-09-03 17:18:21.921 CST [112619] 005_function_identity.pl LOG:  statement: CREATE OR REPLACE FUNCTION ai_semantic.filter(input text, instruction text, options jsonb) RETURNS boolean LANGUAGE plpgsql VOLATILE AS $$ BEGIN RETURN true; END $$;
2026-09-03 17:18:21.929 CST [112621] 005_function_identity.pl LOG:  statement: SELECT 'ai_semantic.filter(text,text,jsonb)'::regprocedure::oid
2026-09-03 17:18:21.931 CST [112605] 005_function_identity.pl LOG:  statement: EXECUTE identity_plan
	;
2026-09-03 17:18:21.931 CST [112605] 005_function_identity.pl DETAIL:  prepare: PREPARE identity_plan AS SELECT content FROM identity_inputs WHERE ai_semantic.filter(content, 'Classify input.', '{"model":"golden-model-v1","temperature":0,"max_tokens":8,"generation_profile":"semloom.generation.choice.tristate.v1"}'::jsonb);
2026-09-03 17:18:21.933 CST [112605] 005_function_identity.pl LOG:  statement: EXPLAIN EXECUTE identity_plan
	;
2026-09-03 17:18:21.942 CST [112623] 005_function_identity.pl LOG:  statement: DROP FUNCTION ai_semantic.filter(text,text,jsonb);
2026-09-03 17:18:21.943 CST [112623] 005_function_identity.pl LOG:  statement: CREATE OR REPLACE FUNCTION ai_semantic.filter(input text, instruction text, options jsonb)
	 RETURNS boolean
	 LANGUAGE c
	AS '$libdir/semloom_pg', $function$semloom_marker_filter$function$
	;
2026-09-03 17:18:21.943 CST [112623] 005_function_identity.pl LOG:  statement: ALTER EXTENSION semloom_pg ADD FUNCTION ai_semantic.filter(text,text,jsonb);
2026-09-03 17:18:21.945 CST [112605] 005_function_identity.pl LOG:  statement: EXPLAIN EXECUTE identity_plan
	;
2026-09-03 17:18:21.967 CST [112625] 005_function_identity.pl LOG:  statement: SELECT pg_backend_pid()
	;
2026-09-03 17:18:21.969 CST [112627] 005_function_identity.pl LOG:  statement: SELECT pg_backend_pid()
	;
2026-09-03 17:18:21.970 CST [112627] 005_function_identity.pl LOG:  statement: SELECT 'ai_semantic.map(text)'::regprocedure::oid, pg_get_functiondef('ai_semantic.map(text)'::regprocedure)
	;
2026-09-03 17:18:21.971 CST [112625] 005_function_identity.pl LOG:  statement: SET plan_cache_mode=force_generic_plan;
2026-09-03 17:18:21.971 CST [112625] 005_function_identity.pl LOG:  statement: PREPARE membership_plan AS SELECT ai_semantic.map(content) FROM identity_inputs;
2026-09-03 17:18:21.971 CST [112625] 005_function_identity.pl LOG:  statement: ;
2026-09-03 17:18:21.971 CST [112625] 005_function_identity.pl LOG:  statement: EXPLAIN EXECUTE membership_plan
	;
2026-09-03 17:18:21.972 CST [112627] 005_function_identity.pl LOG:  statement: BEGIN;
2026-09-03 17:18:21.972 CST [112627] 005_function_identity.pl LOG:  statement: ALTER EXTENSION semloom_pg DROP FUNCTION ai_semantic.map(text);
2026-09-03 17:18:21.972 CST [112627] 005_function_identity.pl LOG:  statement: COMMIT;
2026-09-03 17:18:21.973 CST [112627] 005_function_identity.pl LOG:  statement: ;
2026-09-03 17:18:21.973 CST [112627] 005_function_identity.pl LOG:  statement: SELECT 'ai_semantic.map(text)'::regprocedure::oid, pg_get_functiondef('ai_semantic.map(text)'::regprocedure)
	;
2026-09-03 17:18:21.974 CST [112625] 005_function_identity.pl LOG:  statement: EXPLAIN EXECUTE membership_plan
	;
2026-09-03 17:18:21.974 CST [112625] 005_function_identity.pl LOG:  statement: DISCARD PLANS
	;
2026-09-03 17:18:21.974 CST [112625] 005_function_identity.pl LOG:  statement: EXPLAIN EXECUTE membership_plan
	;
2026-09-03 17:18:21.975 CST [112625] 005_function_identity.pl LOG:  statement: SELECT count(*) FROM pg_prepared_statements WHERE name='membership_plan'
	;
2026-09-03 17:18:21.977 CST [112627] 005_function_identity.pl LOG:  statement: BEGIN;
2026-09-03 17:18:21.977 CST [112627] 005_function_identity.pl LOG:  statement: ALTER EXTENSION semloom_pg ADD FUNCTION ai_semantic.map(text);
2026-09-03 17:18:21.977 CST [112627] 005_function_identity.pl LOG:  statement: COMMIT;
2026-09-03 17:18:21.977 CST [112627] 005_function_identity.pl LOG:  statement: ;
2026-09-03 17:18:21.978 CST [112627] 005_function_identity.pl LOG:  statement: SELECT 'ai_semantic.map(text)'::regprocedure::oid, pg_get_functiondef('ai_semantic.map(text)'::regprocedure)
	;
2026-09-03 17:18:21.978 CST [112625] 005_function_identity.pl LOG:  statement: EXPLAIN EXECUTE membership_plan
	;
2026-09-03 17:18:21.979 CST [112625] 005_function_identity.pl LOG:  statement: DISCARD PLANS
	;
2026-09-03 17:18:21.979 CST [112625] 005_function_identity.pl LOG:  statement: EXPLAIN EXECUTE membership_plan
	;
2026-09-03 17:18:21.980 CST [112625] 005_function_identity.pl LOG:  statement: SELECT count(*) FROM pg_prepared_statements WHERE name='membership_plan'
	;
2026-09-03 17:18:22.004 CST [112629] 005_function_identity.pl LOG:  statement: SELECT pg_backend_pid()
	;
2026-09-03 17:18:22.007 CST [112631] 005_function_identity.pl LOG:  statement: SELECT pg_backend_pid()
	;
2026-09-03 17:18:22.008 CST [112631] 005_function_identity.pl LOG:  statement: SELECT 'ai_semantic.filter(text)'::regprocedure::oid, pg_get_functiondef('ai_semantic.filter(text)'::regprocedure)
	;
2026-09-03 17:18:22.009 CST [112629] 005_function_identity.pl LOG:  statement: SET plan_cache_mode=force_generic_plan;
2026-09-03 17:18:22.009 CST [112629] 005_function_identity.pl LOG:  statement: PREPARE membership_plan AS SELECT content FROM identity_inputs WHERE ai_semantic.filter(content);
2026-09-03 17:18:22.009 CST [112629] 005_function_identity.pl LOG:  statement: ;
2026-09-03 17:18:22.010 CST [112629] 005_function_identity.pl LOG:  statement: EXPLAIN EXECUTE membership_plan
	;
2026-09-03 17:18:22.011 CST [112631] 005_function_identity.pl LOG:  statement: BEGIN;
2026-09-03 17:18:22.011 CST [112631] 005_function_identity.pl LOG:  statement: ALTER EXTENSION semloom_pg DROP FUNCTION ai_semantic.filter(text);
2026-09-03 17:18:22.011 CST [112631] 005_function_identity.pl LOG:  statement: COMMIT;
2026-09-03 17:18:22.011 CST [112631] 005_function_identity.pl LOG:  statement: ;
2026-09-03 17:18:22.011 CST [112631] 005_function_identity.pl LOG:  statement: SELECT 'ai_semantic.filter(text)'::regprocedure::oid, pg_get_functiondef('ai_semantic.filter(text)'::regprocedure)
	;
2026-09-03 17:18:22.012 CST [112629] 005_function_identity.pl LOG:  statement: EXPLAIN EXECUTE membership_plan
	;
2026-09-03 17:18:22.012 CST [112629] 005_function_identity.pl LOG:  statement: DISCARD PLANS
	;
2026-09-03 17:18:22.013 CST [112629] 005_function_identity.pl LOG:  statement: EXPLAIN EXECUTE membership_plan
	;
2026-09-03 17:18:22.014 CST [112629] 005_function_identity.pl LOG:  statement: SELECT count(*) FROM pg_prepared_statements WHERE name='membership_plan'
	;
2026-09-03 17:18:22.015 CST [112631] 005_function_identity.pl LOG:  statement: BEGIN;
2026-09-03 17:18:22.015 CST [112631] 005_function_identity.pl LOG:  statement: ALTER EXTENSION semloom_pg ADD FUNCTION ai_semantic.filter(text);
2026-09-03 17:18:22.015 CST [112631] 005_function_identity.pl LOG:  statement: COMMIT;
2026-09-03 17:18:22.015 CST [112631] 005_function_identity.pl LOG:  statement: ;
2026-09-03 17:18:22.015 CST [112631] 005_function_identity.pl LOG:  statement: SELECT 'ai_semantic.filter(text)'::regprocedure::oid, pg_get_functiondef('ai_semantic.filter(text)'::regprocedure)
	;
2026-09-03 17:18:22.016 CST [112629] 005_function_identity.pl LOG:  statement: EXPLAIN EXECUTE membership_plan
	;
2026-09-03 17:18:22.016 CST [112629] 005_function_identity.pl LOG:  statement: DISCARD PLANS
	;
2026-09-03 17:18:22.017 CST [112629] 005_function_identity.pl LOG:  statement: EXPLAIN EXECUTE membership_plan
	;
2026-09-03 17:18:22.018 CST [112629] 005_function_identity.pl LOG:  statement: SELECT count(*) FROM pg_prepared_statements WHERE name='membership_plan'
	;
2026-09-03 17:18:22.037 CST [112633] 005_function_identity.pl LOG:  statement: SELECT pg_backend_pid()
	;
2026-09-03 17:18:22.038 CST [112635] 005_function_identity.pl LOG:  statement: SELECT pg_backend_pid()
	;
2026-09-03 17:18:22.040 CST [112635] 005_function_identity.pl LOG:  statement: SELECT 'ai_semantic.filter(text,text,jsonb)'::regprocedure::oid, pg_get_functiondef('ai_semantic.filter(text,text,jsonb)'::regprocedure)
	;
2026-09-03 17:18:22.040 CST [112633] 005_function_identity.pl LOG:  statement: SET plan_cache_mode=force_generic_plan;
2026-09-03 17:18:22.040 CST [112633] 005_function_identity.pl LOG:  statement: PREPARE membership_plan AS SELECT content FROM identity_inputs WHERE ai_semantic.filter(content, 'Classify input.', '{"model":"golden-model-v1","temperature":0,"max_tokens":8}'::jsonb);
2026-09-03 17:18:22.041 CST [112633] 005_function_identity.pl LOG:  statement: ;
2026-09-03 17:18:22.041 CST [112633] 005_function_identity.pl LOG:  statement: EXPLAIN EXECUTE membership_plan
	;
2026-09-03 17:18:22.042 CST [112635] 005_function_identity.pl LOG:  statement: BEGIN;
2026-09-03 17:18:22.042 CST [112635] 005_function_identity.pl LOG:  statement: ALTER EXTENSION semloom_pg DROP FUNCTION ai_semantic.filter(text,text,jsonb);
2026-09-03 17:18:22.042 CST [112635] 005_function_identity.pl LOG:  statement: COMMIT;
2026-09-03 17:18:22.042 CST [112635] 005_function_identity.pl LOG:  statement: ;
2026-09-03 17:18:22.043 CST [112635] 005_function_identity.pl LOG:  statement: SELECT 'ai_semantic.filter(text,text,jsonb)'::regprocedure::oid, pg_get_functiondef('ai_semantic.filter(text,text,jsonb)'::regprocedure)
	;
2026-09-03 17:18:22.043 CST [112633] 005_function_identity.pl LOG:  statement: EXPLAIN EXECUTE membership_plan
	;
2026-09-03 17:18:22.044 CST [112633] 005_function_identity.pl LOG:  statement: DISCARD PLANS
	;
2026-09-03 17:18:22.044 CST [112633] 005_function_identity.pl LOG:  statement: EXPLAIN EXECUTE membership_plan
	;
2026-09-03 17:18:22.045 CST [112633] 005_function_identity.pl LOG:  statement: SELECT count(*) FROM pg_prepared_statements WHERE name='membership_plan'
	;
2026-09-03 17:18:22.046 CST [112635] 005_function_identity.pl LOG:  statement: BEGIN;
2026-09-03 17:18:22.046 CST [112635] 005_function_identity.pl LOG:  statement: ALTER EXTENSION semloom_pg ADD FUNCTION ai_semantic.filter(text,text,jsonb);
2026-09-03 17:18:22.046 CST [112635] 005_function_identity.pl LOG:  statement: COMMIT;
2026-09-03 17:18:22.047 CST [112635] 005_function_identity.pl LOG:  statement: ;
2026-09-03 17:18:22.047 CST [112635] 005_function_identity.pl LOG:  statement: SELECT 'ai_semantic.filter(text,text,jsonb)'::regprocedure::oid, pg_get_functiondef('ai_semantic.filter(text,text,jsonb)'::regprocedure)
	;
2026-09-03 17:18:22.048 CST [112633] 005_function_identity.pl LOG:  statement: EXPLAIN EXECUTE membership_plan
	;
2026-09-03 17:18:22.048 CST [112633] 005_function_identity.pl LOG:  statement: DISCARD PLANS
	;
2026-09-03 17:18:22.048 CST [112633] 005_function_identity.pl LOG:  statement: EXPLAIN EXECUTE membership_plan
	;
2026-09-03 17:18:22.049 CST [112633] 005_function_identity.pl LOG:  statement: SELECT count(*) FROM pg_prepared_statements WHERE name='membership_plan'
	;
2026-09-03 17:18:22.071 CST [112637] 005_function_identity.pl LOG:  statement: SELECT pg_backend_pid()
	;
2026-09-03 17:18:22.072 CST [112639] 005_function_identity.pl LOG:  statement: SELECT pg_backend_pid()
	;
2026-09-03 17:18:22.073 CST [112639] 005_function_identity.pl LOG:  statement: SELECT 'ai_semantic.filter(text,text,jsonb)'::regprocedure::oid, pg_get_functiondef('ai_semantic.filter(text,text,jsonb)'::regprocedure)
	;
2026-09-03 17:18:22.074 CST [112637] 005_function_identity.pl LOG:  statement: SET plan_cache_mode=force_generic_plan;
2026-09-03 17:18:22.074 CST [112637] 005_function_identity.pl LOG:  statement: PREPARE membership_plan AS SELECT content FROM identity_inputs WHERE ai_semantic.filter(content, 'Classify input.', '{"model":"golden-model-v1","temperature":0,"max_tokens":8,"generation_profile":"semloom.generation.choice.tristate.v1"}'::jsonb);
2026-09-03 17:18:22.075 CST [112637] 005_function_identity.pl LOG:  statement: ;
2026-09-03 17:18:22.075 CST [112637] 005_function_identity.pl LOG:  statement: EXPLAIN EXECUTE membership_plan
	;
2026-09-03 17:18:22.076 CST [112639] 005_function_identity.pl LOG:  statement: BEGIN;
2026-09-03 17:18:22.076 CST [112639] 005_function_identity.pl LOG:  statement: ALTER EXTENSION semloom_pg DROP FUNCTION ai_semantic.filter(text,text,jsonb);
2026-09-03 17:18:22.076 CST [112639] 005_function_identity.pl LOG:  statement: COMMIT;
2026-09-03 17:18:22.076 CST [112639] 005_function_identity.pl LOG:  statement: ;
2026-09-03 17:18:22.077 CST [112639] 005_function_identity.pl LOG:  statement: SELECT 'ai_semantic.filter(text,text,jsonb)'::regprocedure::oid, pg_get_functiondef('ai_semantic.filter(text,text,jsonb)'::regprocedure)
	;
2026-09-03 17:18:22.077 CST [112637] 005_function_identity.pl LOG:  statement: EXPLAIN EXECUTE membership_plan
	;
2026-09-03 17:18:22.078 CST [112637] 005_function_identity.pl LOG:  statement: DISCARD PLANS
	;
2026-09-03 17:18:22.078 CST [112637] 005_function_identity.pl LOG:  statement: EXPLAIN EXECUTE membership_plan
	;
2026-09-03 17:18:22.079 CST [112637] 005_function_identity.pl LOG:  statement: SELECT count(*) FROM pg_prepared_statements WHERE name='membership_plan'
	;
2026-09-03 17:18:22.080 CST [112639] 005_function_identity.pl LOG:  statement: BEGIN;
2026-09-03 17:18:22.080 CST [112639] 005_function_identity.pl LOG:  statement: ALTER EXTENSION semloom_pg ADD FUNCTION ai_semantic.filter(text,text,jsonb);
2026-09-03 17:18:22.080 CST [112639] 005_function_identity.pl LOG:  statement: COMMIT;
2026-09-03 17:18:22.081 CST [112639] 005_function_identity.pl LOG:  statement: ;
2026-09-03 17:18:22.081 CST [112639] 005_function_identity.pl LOG:  statement: SELECT 'ai_semantic.filter(text,text,jsonb)'::regprocedure::oid, pg_get_functiondef('ai_semantic.filter(text,text,jsonb)'::regprocedure)
	;
2026-09-03 17:18:22.082 CST [112637] 005_function_identity.pl LOG:  statement: EXPLAIN EXECUTE membership_plan
	;
2026-09-03 17:18:22.082 CST [112637] 005_function_identity.pl LOG:  statement: DISCARD PLANS
	;
2026-09-03 17:18:22.083 CST [112637] 005_function_identity.pl LOG:  statement: EXPLAIN EXECUTE membership_plan
	;
2026-09-03 17:18:22.084 CST [112637] 005_function_identity.pl LOG:  statement: SELECT count(*) FROM pg_prepared_statements WHERE name='membership_plan'
	;
2026-09-03 17:18:22.092 CST [112641] 005_function_identity.pl LOG:  statement: DROP EXTENSION semloom_pg CASCADE;
2026-09-03 17:18:22.093 CST [112641] 005_function_identity.pl LOG:  statement: CREATE SCHEMA ai_semantic;
2026-09-03 17:18:22.100 CST [112643] 005_function_identity.pl LOG:  statement: CREATE OR REPLACE FUNCTION ai_semantic.map(input text) RETURNS text LANGUAGE plpgsql VOLATILE AS $$ BEGIN RETURN 'ordinary:' || $1; END $$;
2026-09-03 17:18:22.109 CST [112645] 005_function_identity.pl LOG:  statement: CREATE OR REPLACE FUNCTION ai_semantic.filter(input text) RETURNS boolean LANGUAGE plpgsql VOLATILE AS $$ BEGIN RETURN true; END $$;
2026-09-03 17:18:22.118 CST [112647] 005_function_identity.pl LOG:  statement: CREATE OR REPLACE FUNCTION ai_semantic.filter(input text, instruction text, options jsonb) RETURNS boolean LANGUAGE plpgsql VOLATILE AS $$ BEGIN RETURN true; END $$;
2026-09-03 17:18:22.127 CST [112649] 005_function_identity.pl LOG:  statement: CREATE OR REPLACE FUNCTION ai_semantic.filter(input text, instruction text, options jsonb) RETURNS boolean LANGUAGE plpgsql VOLATILE AS $$ BEGIN RETURN true; END $$;
2026-09-03 17:18:22.137 CST [112651] 005_function_identity.pl LOG:  statement: SELECT ai_semantic.map(content) FROM identity_inputs
2026-09-03 17:18:22.153 CST [112653] 005_function_identity.pl LOG:  statement: EXPLAIN SELECT ai_semantic.map(content) FROM identity_inputs
2026-09-03 17:18:22.162 CST [112655] 005_function_identity.pl LOG:  statement: SELECT content FROM identity_inputs WHERE ai_semantic.filter(content)
2026-09-03 17:18:22.173 CST [112657] 005_function_identity.pl LOG:  statement: EXPLAIN SELECT content FROM identity_inputs WHERE ai_semantic.filter(content)
2026-09-03 17:18:22.182 CST [112659] 005_function_identity.pl LOG:  statement: SELECT content FROM identity_inputs WHERE ai_semantic.filter(content, 'Classify input.', '{"model":"golden-model-v1","temperature":0,"max_tokens":8}'::jsonb)
2026-09-03 17:18:22.192 CST [112661] 005_function_identity.pl LOG:  statement: EXPLAIN SELECT content FROM identity_inputs WHERE ai_semantic.filter(content, 'Classify input.', '{"model":"golden-model-v1","temperature":0,"max_tokens":8}'::jsonb)
2026-09-03 17:18:22.200 CST [112663] 005_function_identity.pl LOG:  statement: SELECT content FROM identity_inputs WHERE ai_semantic.filter(content, 'Classify input.', '{"model":"golden-model-v1","temperature":0,"max_tokens":8,"generation_profile":"semloom.generation.choice.tristate.v1"}'::jsonb)
2026-09-03 17:18:22.207 CST [112665] 005_function_identity.pl LOG:  statement: EXPLAIN SELECT content FROM identity_inputs WHERE ai_semantic.filter(content, 'Classify input.', '{"model":"golden-model-v1","temperature":0,"max_tokens":8,"generation_profile":"semloom.generation.choice.tristate.v1"}'::jsonb)
2026-09-03 17:18:22.214 CST [112667] 005_function_identity.pl LOG:  statement: SELECT content FROM identity_inputs
2026-09-03 17:18:22.219 CST [112458] LOG:  received fast shutdown request
2026-09-03 17:18:22.220 CST [112458] LOG:  aborting any active transactions
2026-09-03 17:18:22.221 CST [112458] LOG:  background worker "logical replication launcher" (PID 112467) exited with exit code 1
2026-09-03 17:18:22.221 CST [112462] LOG:  shutting down
2026-09-03 17:18:22.222 CST [112462] LOG:  checkpoint starting: shutdown immediate
2026-09-03 17:18:22.225 CST [112462] LOG:  checkpoint complete: wrote 71 buffers (0.4%), wrote 3 SLRU buffers; 0 WAL file(s) added, 0 removed, 0 recycled; write=0.003 s, sync=0.001 s, total=0.004 s; sync files=0, longest=0.000 s, average=0.000 s; distance=390 kB, estimate=390 kB; lsn=0/174EE98, redo lsn=0/174EE98
2026-09-03 17:18:22.231 CST [112458] LOG:  database system is shut down
