2026-09-02 17:34:49.889 CST [60328] LOG:  starting PostgreSQL 18.3 on x86_64-pc-linux-gnu, compiled by gcc (Ubuntu 11.4.0-1ubuntu1~22.04.3) 11.4.0, 64-bit
2026-09-02 17:34:49.889 CST [60328] LOG:  listening on Unix socket "<artifact-root>/regression/socket/.s.PGSQL.55446"
2026-09-02 17:34:49.892 CST [60334] LOG:  database system was shut down at 2026-09-02 17:34:49 CST
2026-09-02 17:34:49.895 CST [60328] LOG:  database system is ready to accept connections
2026-09-02 17:34:50.104 CST [60368] ERROR:  nested ai_semantic.map expressions are not supported
2026-09-02 17:34:50.104 CST [60368] STATEMENT:  SELECT upper(ai_semantic.map(payload))
	FROM semloom_documents;
2026-09-02 17:34:50.105 CST [60368] ERROR:  query shape is outside the current SemMap capability
2026-09-02 17:34:50.105 CST [60368] DETAIL:  Only a single-table SELECT or INSERT ... SELECT with ordinary filters, projections, and LIMIT is supported.
2026-09-02 17:34:50.105 CST [60368] STATEMENT:  SELECT ai_semantic.map(payload)
	FROM semloom_documents
	ORDER BY doc_id;
2026-09-02 17:34:50.107 CST [60368] ERROR:  SemFilter provider completion must be true, false, or unknown
2026-09-02 17:34:50.107 CST [60368] STATEMENT:  SELECT doc_id
	FROM semloom_filter_decisions
	WHERE doc_id = 6 AND ai_semantic.filter(decision);
2026-09-02 17:34:50.108 CST [60368] ERROR:  ai_semantic.filter must be one top-level AND predicate
2026-09-02 17:34:50.108 CST [60368] STATEMENT:  SELECT doc_id
	FROM semloom_filter_decisions
	WHERE NOT ai_semantic.filter(decision);
2026-09-02 17:34:50.108 CST [60368] ERROR:  ai_semantic.filter must be one top-level AND predicate
2026-09-02 17:34:50.108 CST [60368] STATEMENT:  SELECT doc_id
	FROM semloom_filter_decisions
	WHERE ai_semantic.filter(decision)
	  AND ai_semantic.filter(decision || '');
2026-09-02 17:34:50.108 CST [60368] ERROR:  SemMap and SemFilter cannot be combined in the current capability
2026-09-02 17:34:50.108 CST [60368] STATEMENT:  SELECT ai_semantic.map(decision)
	FROM semloom_filter_decisions
	WHERE ai_semantic.filter(decision);
2026-09-02 17:34:50.109 CST [60368] ERROR:  INSERT shape is outside the current SemMap capability
2026-09-02 17:34:50.109 CST [60368] DETAIL:  ON CONFLICT, RETURNING, and OVERRIDING are not supported.
2026-09-02 17:34:50.109 CST [60368] STATEMENT:  INSERT INTO semloom_sink
	SELECT ai_semantic.map(payload)
	FROM semloom_documents
	WHERE doc_id = 3
	RETURNING completion;
2026-09-02 17:34:50.109 CST [60368] ERROR:  INSERT shape is outside the current SemMap capability
2026-09-02 17:34:50.109 CST [60368] DETAIL:  ON CONFLICT, RETURNING, and OVERRIDING are not supported.
2026-09-02 17:34:50.109 CST [60368] STATEMENT:  INSERT INTO semloom_sink
	SELECT ai_semantic.map(payload)
	FROM semloom_documents
	WHERE doc_id = 3
	ON CONFLICT DO NOTHING;
2026-09-02 17:34:50.125 CST [60328] LOG:  received fast shutdown request
2026-09-02 17:34:50.126 CST [60328] LOG:  aborting any active transactions
2026-09-02 17:34:50.128 CST [60328] LOG:  background worker "logical replication launcher" (PID 60337) exited with exit code 1
2026-09-02 17:34:50.128 CST [60332] LOG:  shutting down
2026-09-02 17:34:50.128 CST [60332] LOG:  checkpoint starting: shutdown immediate
2026-09-02 17:34:50.147 CST [60332] LOG:  checkpoint complete: wrote 915 buffers (5.6%), wrote 3 SLRU buffers; 0 WAL file(s) added, 0 removed, 0 recycled; write=0.016 s, sync=0.003 s, total=0.020 s; sync files=305, longest=0.001 s, average=0.001 s; distance=4176 kB, estimate=4176 kB; lsn=0/1B016F0, redo lsn=0/1B016F0
2026-09-02 17:34:50.159 CST [60328] LOG:  database system is shut down
