2026-09-03 17:21:55.343 CST [115471] LOG:  starting PostgreSQL 18.3 on x86_64-pc-linux-gnu, compiled by gcc (Ubuntu 11.4.0-1ubuntu1~22.04.3) 11.4.0, 64-bit
2026-09-03 17:21:55.343 CST [115471] LOG:  listening on Unix socket "<artifact-root>/regression/socket/.s.PGSQL.55446"
2026-09-03 17:21:55.346 CST [115477] LOG:  database system was shut down at 2026-09-03 17:21:55 CST
2026-09-03 17:21:55.349 CST [115471] LOG:  database system is ready to accept connections
2026-09-03 17:21:55.561 CST [115509] ERROR:  nested ai_semantic.map expressions are not supported
2026-09-03 17:21:55.561 CST [115509] STATEMENT:  SELECT upper(ai_semantic.map(payload))
	FROM semloom_documents;
2026-09-03 17:21:55.562 CST [115509] ERROR:  query shape is outside the current SemMap capability
2026-09-03 17:21:55.562 CST [115509] DETAIL:  Only a single-table SELECT or INSERT ... SELECT with ordinary filters, projections, and LIMIT is supported.
2026-09-03 17:21:55.562 CST [115509] STATEMENT:  SELECT ai_semantic.map(payload)
	FROM semloom_documents
	ORDER BY doc_id;
2026-09-03 17:21:55.564 CST [115509] ERROR:  SemFilter provider completion must be true, false, or unknown
2026-09-03 17:21:55.564 CST [115509] STATEMENT:  SELECT doc_id
	FROM semloom_filter_decisions
	WHERE doc_id = 6 AND ai_semantic.filter(decision);
2026-09-03 17:21:55.565 CST [115509] ERROR:  ai_semantic.filter must be one top-level AND predicate
2026-09-03 17:21:55.565 CST [115509] STATEMENT:  SELECT doc_id
	FROM semloom_filter_decisions
	WHERE NOT ai_semantic.filter(decision);
2026-09-03 17:21:55.565 CST [115509] ERROR:  ai_semantic.filter must be one top-level AND predicate
2026-09-03 17:21:55.565 CST [115509] STATEMENT:  SELECT doc_id
	FROM semloom_filter_decisions
	WHERE ai_semantic.filter(decision)
	  AND ai_semantic.filter(decision || '');
2026-09-03 17:21:55.565 CST [115509] ERROR:  SemMap and SemFilter cannot be combined in the current capability
2026-09-03 17:21:55.565 CST [115509] STATEMENT:  SELECT ai_semantic.map(decision)
	FROM semloom_filter_decisions
	WHERE ai_semantic.filter(decision);
2026-09-03 17:21:55.566 CST [115509] ERROR:  INSERT shape is outside the current SemMap capability
2026-09-03 17:21:55.566 CST [115509] DETAIL:  ON CONFLICT, RETURNING, and OVERRIDING are not supported.
2026-09-03 17:21:55.566 CST [115509] STATEMENT:  INSERT INTO semloom_sink
	SELECT ai_semantic.map(payload)
	FROM semloom_documents
	WHERE doc_id = 3
	RETURNING completion;
2026-09-03 17:21:55.567 CST [115509] ERROR:  INSERT shape is outside the current SemMap capability
2026-09-03 17:21:55.567 CST [115509] DETAIL:  ON CONFLICT, RETURNING, and OVERRIDING are not supported.
2026-09-03 17:21:55.567 CST [115509] STATEMENT:  INSERT INTO semloom_sink
	SELECT ai_semantic.map(payload)
	FROM semloom_documents
	WHERE doc_id = 3
	ON CONFLICT DO NOTHING;
2026-09-03 17:21:55.586 CST [115471] LOG:  received fast shutdown request
2026-09-03 17:21:55.587 CST [115471] LOG:  aborting any active transactions
2026-09-03 17:21:55.588 CST [115471] LOG:  background worker "logical replication launcher" (PID 115480) exited with exit code 1
2026-09-03 17:21:55.589 CST [115475] LOG:  shutting down
2026-09-03 17:21:55.589 CST [115475] LOG:  checkpoint starting: shutdown immediate
2026-09-03 17:21:55.607 CST [115475] LOG:  checkpoint complete: wrote 915 buffers (5.6%), wrote 3 SLRU buffers; 0 WAL file(s) added, 0 removed, 0 recycled; write=0.015 s, sync=0.003 s, total=0.019 s; sync files=305, longest=0.001 s, average=0.001 s; distance=4178 kB, estimate=4178 kB; lsn=0/1B01CD0, redo lsn=0/1B01CD0
2026-09-03 17:21:55.619 CST [115471] LOG:  database system is shut down
