test_fragmented_header_and_body_share_one_deadline (tests.execution_provider.test_frame_deadline.FrameDeadlineTests.test_fragmented_header_and_body_share_one_deadline) ... ok
test_success_restores_timeout_and_leaves_the_next_frame_intact (tests.execution_provider.test_frame_deadline.FrameDeadlineTests.test_success_restores_timeout_and_leaves_the_next_frame_intact) ... ok
test_canonical_cli_is_self_locating (tests.execution_provider.test_gateway_migration.GatewayMigrationTests.test_canonical_cli_is_self_locating) ... ok
test_canonical_cli_serves_the_frozen_recording_contract (tests.execution_provider.test_gateway_migration.GatewayMigrationTests.test_canonical_cli_serves_the_frozen_recording_contract) ... ok
test_canonical_wire_v2_preserves_frozen_digest_vectors (tests.execution_provider.test_gateway_migration.GatewayMigrationTests.test_canonical_wire_v2_preserves_frozen_digest_vectors) ... ok
test_connection_limit_rejects_excess_without_blocking_existing_sessions (tests.execution_provider.test_gateway_sessions.GatewaySessionsTests.test_connection_limit_rejects_excess_without_blocking_existing_sessions) ... ok
test_idle_session_does_not_block_another_and_errors_are_isolated (tests.execution_provider.test_gateway_sessions.GatewaySessionsTests.test_idle_session_does_not_block_another_and_errors_are_isolated) ... ok
test_repeated_sessions_release_fds_and_threads_while_gateway_stays_alive (tests.execution_provider.test_gateway_sessions.GatewaySessionsTests.test_repeated_sessions_release_fds_and_threads_while_gateway_stays_alive) ... ok
test_same_plan_and_payload_have_independent_sequences (tests.execution_provider.test_gateway_sessions.GatewaySessionsTests.test_same_plan_and_payload_have_independent_sequences) ... ok
test_shutdown_also_unblocks_a_finite_session_drain (tests.execution_provider.test_gateway_sessions.GatewaySessionsTests.test_shutdown_also_unblocks_a_finite_session_drain) ... ok
test_shutdown_unblocks_idle_connections (tests.execution_provider.test_gateway_sessions.GatewaySessionsTests.test_shutdown_unblocks_idle_connections) ... ok
test_self_locating_cli_survives_invalid_open_and_preserves_map_metadata (tests.execution_provider.test_map_gateway.MapGatewayTests.test_self_locating_cli_survives_invalid_open_and_preserves_map_metadata) ... ok
test_busy_is_rejected_without_queue_or_redispatch_and_capacity_returns (tests.execution_provider.test_request_admission.RequestAdmissionTests.test_busy_is_rejected_without_queue_or_redispatch_and_capacity_returns) ... ok
test_client_disconnect_does_not_release_a_running_model_request (tests.execution_provider.test_request_admission.RequestAdmissionTests.test_client_disconnect_does_not_release_a_running_model_request) ... ok
test_configured_parallel_capacity_accepts_two_and_rejects_a_third (tests.execution_provider.test_request_admission.RequestAdmissionTests.test_configured_parallel_capacity_accepts_two_and_rejects_a_third) ... ok
test_unexpected_adapter_failure_never_assumes_remote_completion (tests.execution_provider.test_request_admission.RequestAdmissionTests.test_unexpected_adapter_failure_never_assumes_remote_completion) ... ok
test_unknown_outcome_keeps_capacity_but_known_terminal_error_releases_it (tests.execution_provider.test_request_admission.RequestAdmissionTests.test_unknown_outcome_keeps_capacity_but_known_terminal_error_releases_it) ... ok

----------------------------------------------------------------------
Ran 17 tests in 2.730s

OK
