2026-09-20 09:46:32,523	INFO worker.py:2024 -- Started a local Ray instance.
test_cumulative_queries_release_jobs_and_result_storage (tests.execution_provider.test_image_pg_integration.ImagePostgresTest.test_cumulative_queries_release_jobs_and_result_storage) ... ok
test_insert_rollback_decode_error_and_old_text_recording (tests.execution_provider.test_image_pg_integration.ImagePostgresTest.test_insert_rollback_decode_error_and_old_text_recording) ... 2026-09-20 09:46:37,943	ERROR worker.py:437 -- Unhandled error (suppress with 'RAY_IGNORE_UNHANDLED_ERRORS=1'): [36mray::Prepare.preprocess_staged()[39m (pid=4012, ip=172.17.0.6, actor_id=69a240f60386c64ea2db755901000000, repr=<tests.execution_provider.image_fixtures.Prepare object at 0x7f3c441a5400>)
           ^^^^^^^^^^^^^^^^^^^^^^^^^^^^^^^^^^^^
           ^^^^^^^^^^^^^^^^^^^^^^^^^^^^^^^
  File "<repository>/code/src/modalities/image/operator.py", line 61, in preprocess_staged
    batch = self.prepare(descriptor.row_ids, encoded_images)
            ^^^^^^^^^^^^^^^^^^^^^^^^^^^^^^^^^^^^^^^^^^^^^^^^
           ^^^^^^^^^^^^^^^^^^^^^^^^^^^^^^^
  File "<repository>/code/src/modalities/image/operator.py", line 46, in prepare
    check_encoded_image(self.plan, encoded_images[0])
  File "<repository>/code/src/modalities/image/operator.py", line 20, in check_encoded_image
    with Image.open(io.BytesIO(encoded)) as image:
         ^^^^^^^^^^^^^^^^^^^^^^^^^^^^^^^
  File "<python-runtime>/lib/python3.12/site-packages/PIL/Image.py", line 3711, in open
    raise UnidentifiedImageError(msg)
PIL.UnidentifiedImageError: cannot identify image file <_io.BytesIO object at 0x7f3ba01aac50>
FAIL
test_limit_and_null_do_not_speculate_invalid_later_images (tests.execution_provider.test_image_pg_integration.ImagePostgresTest.test_limit_and_null_do_not_speculate_invalid_later_images) ... ok
test_pg_cancel_waits_for_remote_end_without_killing_shared_worker (tests.execution_provider.test_image_pg_integration.ImagePostgresTest.test_pg_cancel_waits_for_remote_end_without_killing_shared_worker) ... ok
test_reference_staged_types_identity_order_and_null (tests.execution_provider.test_image_pg_integration.ImagePostgresTest.test_reference_staged_types_identity_order_and_null) ... ok

======================================================================
FAIL: test_insert_rollback_decode_error_and_old_text_recording (tests.execution_provider.test_image_pg_integration.ImagePostgresTest.test_insert_rollback_decode_error_and_old_text_recording)
----------------------------------------------------------------------
Traceback (most recent call last):
  File "<repository>/code/tests/execution_provider/test_image_pg_integration.py", line 178, in test_insert_rollback_decode_error_and_old_text_recording
    self.assertEqual(connection.execute("SELECT ai_semantic.map(value) FROM old_text").fetchone()[0], "old")
AssertionError: 'recorded:old' != 'old'
- recorded:old
+ old


----------------------------------------------------------------------
Ran 5 tests in 22.538s

FAILED (failures=1)
