2026-09-03 15:00:41.841 CST [98090] LOG:  starting PostgreSQL 18.3 on x86_64-pc-linux-gnu, compiled by gcc (Ubuntu 11.4.0-1ubuntu1~22.04.3) 11.4.0, 64-bit
2026-09-03 15:00:41.841 CST [98090] LOG:  listening on Unix socket "/tmp/TCTpvQRb6t/.s.PGSQL.15131"
2026-09-03 15:00:41.843 CST [98096] LOG:  database system was shut down at 2026-09-03 15:00:41 CST
2026-09-03 15:00:41.845 CST [98090] LOG:  database system is ready to accept connections
2026-09-03 15:00:41.942 CST [98101] 006_map_plan.pl LOG:  statement: CREATE EXTENSION semloom_pg VERSION '0.1.0';
2026-09-03 15:00:41.955 CST [98103] 006_map_plan.pl LOG:  statement: SELECT oid, proname, proargtypes, provolatile, proparallel, proisstrict, prosecdef, proleakproof,
	       coalesce(proacl::text, '')
	FROM pg_proc WHERE pronamespace = 'ai_semantic'::regnamespace ORDER BY oid;
2026-09-03 15:00:41.967 CST [98105] 006_map_plan.pl LOG:  statement: ALTER EXTENSION semloom_pg UPDATE TO '0.2.0';
2026-09-03 15:00:41.977 CST [98107] 006_map_plan.pl LOG:  statement: SELECT oid, proname, proargtypes, provolatile, proparallel, proisstrict, prosecdef, proleakproof,
	       coalesce(proacl::text, '')
	FROM pg_proc WHERE pronamespace = 'ai_semantic'::regnamespace
	AND oid <> 'ai_semantic.map(text,text,jsonb)'::regprocedure ORDER BY oid;
2026-09-03 15:00:41.987 CST [98109] 006_map_plan.pl LOG:  statement: SELECT prorettype::regtype, l.lanname, provolatile, proparallel, proisstrict, prosecdef, proleakproof
	FROM pg_proc p JOIN pg_language l ON l.oid = p.prolang
	WHERE p.oid = 'ai_semantic.map(text,text,jsonb)'::regprocedure;
2026-09-03 15:00:41.995 CST [98111] 006_map_plan.pl LOG:  statement: CREATE TABLE map_inputs(id integer, body text);
2026-09-03 15:00:41.997 CST [98111] 006_map_plan.pl LOG:  statement: INSERT INTO map_inputs VALUES (1, 'hello'), (2, NULL);
2026-09-03 15:00:42.006 CST [98113] 006_map_plan.pl LOG:  statement: EXPLAIN (FORMAT JSON) SELECT id, ai_semantic.map(body, 'Echo the input.', '{"model":"golden-map-v1","temperature":0,"max_tokens":128}'::jsonb) AS generated FROM ONLY map_inputs
2026-09-03 15:00:42.017 CST [98115] 006_map_plan.pl LOG:  statement: EXPLAIN SELECT id, ai_semantic.map(body, 'Echo the input.', '{"model":"golden-map-v1","temperature":0,"max_tokens":128}'::jsonb) AS generated FROM ONLY map_inputs
2026-09-03 15:00:42.027 CST [98117] 006_map_plan.pl LOG:  statement: SELECT id, ai_semantic.map(body, 'Echo the input.', '{"model":"golden-map-v1","temperature":0,"max_tokens":128}'::jsonb) AS generated FROM ONLY map_inputs;
2026-09-03 15:00:42.027 CST [98117] 006_map_plan.pl ERROR:  generative SemMap execution is not connected
2026-09-03 15:00:42.027 CST [98117] 006_map_plan.pl STATEMENT:  SELECT id, ai_semantic.map(body, 'Echo the input.', '{"model":"golden-map-v1","temperature":0,"max_tokens":128}'::jsonb) AS generated FROM ONLY map_inputs;
2026-09-03 15:00:42.035 CST [98119] 006_map_plan.pl LOG:  statement: SET plan_cache_mode=force_custom_plan;
2026-09-03 15:00:42.035 CST [98119] 006_map_plan.pl LOG:  statement: PREPARE map_parameter(text) AS SELECT ai_semantic.map(body, $1, '{"model":"golden-map-v1","temperature":0,"max_tokens":128}'::jsonb) FROM ONLY map_inputs;
2026-09-03 15:00:42.036 CST [98119] 006_map_plan.pl LOG:  statement: EXPLAIN EXECUTE map_parameter('Echo the input.');
2026-09-03 15:00:42.036 CST [98119] 006_map_plan.pl ERROR:  SemMap instruction and options must be fixed immutable constants
2026-09-03 15:00:42.036 CST [98119] 006_map_plan.pl STATEMENT:  EXPLAIN EXECUTE map_parameter('Echo the input.');
2026-09-03 15:00:42.045 CST [98121] 006_map_plan.pl LOG:  statement: SET plan_cache_mode=force_custom_plan;
2026-09-03 15:00:42.045 CST [98121] 006_map_plan.pl LOG:  statement: PREPARE map_parameter(jsonb) AS SELECT ai_semantic.map(body, 'Echo the input.', $1) FROM ONLY map_inputs;
2026-09-03 15:00:42.045 CST [98121] 006_map_plan.pl LOG:  statement: EXPLAIN EXECUTE map_parameter('{"model":"golden-map-v1","temperature":0,"max_tokens":128}'::jsonb);
2026-09-03 15:00:42.045 CST [98121] 006_map_plan.pl ERROR:  SemMap instruction and options must be fixed immutable constants
2026-09-03 15:00:42.045 CST [98121] 006_map_plan.pl STATEMENT:  EXPLAIN EXECUTE map_parameter('{"model":"golden-map-v1","temperature":0,"max_tokens":128}'::jsonb);
2026-09-03 15:00:42.054 CST [98123] 006_map_plan.pl LOG:  statement: SET plan_cache_mode=force_custom_plan;
2026-09-03 15:00:42.054 CST [98123] 006_map_plan.pl LOG:  statement: PREPARE map_input(text, integer) AS SELECT ai_semantic.map($1, 'Echo the input.', '{"model":"golden-map-v1","temperature":0,"max_tokens":128}'::jsonb) FROM ONLY map_inputs WHERE id >= $2;
2026-09-03 15:00:42.054 CST [98123] 006_map_plan.pl LOG:  statement: EXPLAIN (FORMAT JSON) EXECUTE map_input('hello', 1);
2026-09-03 15:00:42.065 CST [98125] 006_map_plan.pl LOG:  statement: SET plan_cache_mode=force_generic_plan;
2026-09-03 15:00:42.065 CST [98125] 006_map_plan.pl LOG:  statement: PREPARE map_parameter(text) AS SELECT ai_semantic.map(body, $1, '{"model":"golden-map-v1","temperature":0,"max_tokens":128}'::jsonb) FROM ONLY map_inputs;
2026-09-03 15:00:42.065 CST [98125] 006_map_plan.pl LOG:  statement: EXPLAIN EXECUTE map_parameter('Echo the input.');
2026-09-03 15:00:42.065 CST [98125] 006_map_plan.pl ERROR:  SemMap instruction and options must be fixed immutable constants
2026-09-03 15:00:42.065 CST [98125] 006_map_plan.pl STATEMENT:  EXPLAIN EXECUTE map_parameter('Echo the input.');
2026-09-03 15:00:42.075 CST [98127] 006_map_plan.pl LOG:  statement: SET plan_cache_mode=force_generic_plan;
2026-09-03 15:00:42.075 CST [98127] 006_map_plan.pl LOG:  statement: PREPARE map_parameter(jsonb) AS SELECT ai_semantic.map(body, 'Echo the input.', $1) FROM ONLY map_inputs;
2026-09-03 15:00:42.075 CST [98127] 006_map_plan.pl LOG:  statement: EXPLAIN EXECUTE map_parameter('{"model":"golden-map-v1","temperature":0,"max_tokens":128}'::jsonb);
2026-09-03 15:00:42.076 CST [98127] 006_map_plan.pl ERROR:  SemMap instruction and options must be fixed immutable constants
2026-09-03 15:00:42.076 CST [98127] 006_map_plan.pl STATEMENT:  EXPLAIN EXECUTE map_parameter('{"model":"golden-map-v1","temperature":0,"max_tokens":128}'::jsonb);
2026-09-03 15:00:42.087 CST [98129] 006_map_plan.pl LOG:  statement: SET plan_cache_mode=force_generic_plan;
2026-09-03 15:00:42.087 CST [98129] 006_map_plan.pl LOG:  statement: PREPARE map_input(text, integer) AS SELECT ai_semantic.map($1, 'Echo the input.', '{"model":"golden-map-v1","temperature":0,"max_tokens":128}'::jsonb) FROM ONLY map_inputs WHERE id >= $2;
2026-09-03 15:00:42.087 CST [98129] 006_map_plan.pl LOG:  statement: EXPLAIN (FORMAT JSON) EXECUTE map_input('hello', 1);
2026-09-03 15:00:42.098 CST [98131] 006_map_plan.pl LOG:  statement: CREATE FUNCTION stable_instruction() RETURNS text LANGUAGE sql STABLE AS $$ SELECT 'Echo the input.'::text $$;
2026-09-03 15:00:42.098 CST [98131] 006_map_plan.pl LOG:  statement: CREATE FUNCTION volatile_instruction() RETURNS text LANGUAGE sql VOLATILE AS $$ SELECT 'Echo the input.'::text $$;
2026-09-03 15:00:42.106 CST [98133] 006_map_plan.pl LOG:  statement: EXPLAIN SELECT ai_semantic.map(body, body, '{"model":"golden-map-v1","temperature":0,"max_tokens":128}'::jsonb) FROM ONLY map_inputs;
2026-09-03 15:00:42.106 CST [98133] 006_map_plan.pl ERROR:  SemMap instruction and options must be fixed immutable constants
2026-09-03 15:00:42.106 CST [98133] 006_map_plan.pl STATEMENT:  EXPLAIN SELECT ai_semantic.map(body, body, '{"model":"golden-map-v1","temperature":0,"max_tokens":128}'::jsonb) FROM ONLY map_inputs;
2026-09-03 15:00:42.115 CST [98135] 006_map_plan.pl LOG:  statement: EXPLAIN SELECT ai_semantic.map(body, (SELECT 'Echo the input.'::text), '{"model":"golden-map-v1","temperature":0,"max_tokens":128}'::jsonb) FROM ONLY map_inputs;
2026-09-03 15:00:42.115 CST [98135] 006_map_plan.pl ERROR:  SemMap instruction and options must be fixed immutable constants
2026-09-03 15:00:42.115 CST [98135] 006_map_plan.pl STATEMENT:  EXPLAIN SELECT ai_semantic.map(body, (SELECT 'Echo the input.'::text), '{"model":"golden-map-v1","temperature":0,"max_tokens":128}'::jsonb) FROM ONLY map_inputs;
2026-09-03 15:00:42.124 CST [98137] 006_map_plan.pl LOG:  statement: EXPLAIN SELECT ai_semantic.map(body, stable_instruction(), '{"model":"golden-map-v1","temperature":0,"max_tokens":128}'::jsonb) FROM ONLY map_inputs;
2026-09-03 15:00:42.124 CST [98137] 006_map_plan.pl ERROR:  SemMap instruction and options must be fixed immutable constants
2026-09-03 15:00:42.124 CST [98137] 006_map_plan.pl STATEMENT:  EXPLAIN SELECT ai_semantic.map(body, stable_instruction(), '{"model":"golden-map-v1","temperature":0,"max_tokens":128}'::jsonb) FROM ONLY map_inputs;
2026-09-03 15:00:42.133 CST [98139] 006_map_plan.pl LOG:  statement: EXPLAIN SELECT ai_semantic.map(body, volatile_instruction(), '{"model":"golden-map-v1","temperature":0,"max_tokens":128}'::jsonb) FROM ONLY map_inputs;
2026-09-03 15:00:42.133 CST [98139] 006_map_plan.pl ERROR:  SemMap instruction and options must be fixed immutable constants
2026-09-03 15:00:42.133 CST [98139] 006_map_plan.pl STATEMENT:  EXPLAIN SELECT ai_semantic.map(body, volatile_instruction(), '{"model":"golden-map-v1","temperature":0,"max_tokens":128}'::jsonb) FROM ONLY map_inputs;
2026-09-03 15:00:42.147 CST [98141] 006_map_plan.pl LOG:  statement: EXPLAIN (FORMAT JSON) SELECT ai_semantic.map(body, 'Echo ' || 'the input.', ' {"max_tokens":128.0,"temperature":-0.0,"model":"golden-map-v1"}'::jsonb) FROM ONLY map_inputs;
2026-09-03 15:00:42.156 CST [98090] LOG:  received fast shutdown request
2026-09-03 15:00:42.156 CST [98090] LOG:  aborting any active transactions
2026-09-03 15:00:42.157 CST [98090] LOG:  background worker "logical replication launcher" (PID 98099) exited with exit code 1
2026-09-03 15:00:42.158 CST [98094] LOG:  shutting down
2026-09-03 15:00:42.158 CST [98094] LOG:  checkpoint starting: shutdown immediate
2026-09-03 15:00:42.160 CST [98094] LOG:  checkpoint complete: wrote 53 buffers (0.3%), wrote 3 SLRU buffers; 0 WAL file(s) added, 0 removed, 0 recycled; write=0.002 s, sync=0.001 s, total=0.003 s; sync files=0, longest=0.000 s, average=0.000 s; distance=224 kB, estimate=224 kB; lsn=0/17256B8, redo lsn=0/17256B8
2026-09-03 15:00:42.168 CST [98090] LOG:  database system is shut down
