Loading weights:   0%|          | 0/398 [00:00<?, ?it/s]Loading weights: 100%|██████████| 398/398 [00:00<00:00, 36871.78it/s]
{
  "batch_sizes": [
    1,
    16,
    32,
    64,
    128,
    256
  ],
  "dataset_rows": 5000,
  "db_fetch_s": 5.7591319270431995,
  "dtype": "float16",
  "gpu_name": "NVIDIA GeForce RTX 4090",
  "model_revision": "/root/autodl-tmp/models/clip-vit-base-patch32",
  "normalized": true,
  "pgvector_version": "0.8.5",
  "processor_revision": "/root/autodl-tmp/models/clip-vit-base-patch32",
  "repeats": 30,
  "seed": 20260801,
  "server_version": "18.4 (Ubuntu 18.4-1.pgdg22.04+1)",
  "skipped_variants": {},
  "torch_version": "2.12.1+cu130",
  "transformers_version": "5.14.1",
  "variants": [
    "production_np",
    "legacy_pt",
    "torchvision_pil_pt",
    "torchvision_tensor_pt"
  ],
  "warmup": 5
}
rows=720 csv=/root/autodl-tmp/experiment-artifacts/image_clip_preprocess_variants_20260801_f3d17af/raw_repeats.csv manifest=/root/autodl-tmp/experiment-artifacts/image_clip_preprocess_variants_20260801_f3d17af/manifest.json
minimum embedding cosine to production_np=1.000000
