test_explicit_screening_runs_both_paths_and_never_starts_evaluation (tests.experiments.test_m1_campaign.CampaignExecutionTests.test_explicit_screening_runs_both_paths_and_never_starts_evaluation) ... ok
test_resource_areas_and_tokens_do_not_turn_limits_into_rss (tests.experiments.test_m1_campaign.CampaignExecutionTests.test_resource_areas_and_tokens_do_not_turn_limits_into_rss) ... ok
test_work_tuning_keeps_no_advantage_and_no_trigger_results (tests.experiments.test_m1_campaign.CampaignExecutionTests.test_work_tuning_keeps_no_advantage_and_no_trigger_results) ... ok
test_independent_pairs_report_loss_and_output_changes (tests.experiments.test_m1_campaign.CapacitySelectionTests.test_independent_pairs_report_loss_and_output_changes) ... ok
test_missing_failed_nonfinite_or_mismatched_results_are_not_dropped (tests.experiments.test_m1_campaign.CapacitySelectionTests.test_missing_failed_nonfinite_or_mismatched_results_are_not_dropped) ... ok
test_near_medians_do_not_hide_large_repeat_variation (tests.experiments.test_m1_campaign.CapacitySelectionTests.test_near_medians_do_not_hide_large_repeat_variation) ... ok
test_no_platform_when_highest_capacity_still_improves (tests.experiments.test_m1_campaign.CapacitySelectionTests.test_no_platform_when_highest_capacity_still_improves) ... ok
test_peak_without_sustained_supply_cannot_select (tests.experiments.test_m1_campaign.CapacitySelectionTests.test_peak_without_sustained_supply_cannot_select) ... ok
test_platform_uses_effective_complete_throughput_and_keeps_wrong_answers (tests.experiments.test_m1_campaign.CapacitySelectionTests.test_platform_uses_effective_complete_throughput_and_keeps_wrong_answers) ... ok
test_supply_area_keeps_startup_and_drain_without_peak_shortcut (tests.experiments.test_m1_campaign.CapacitySelectionTests.test_supply_area_keeps_startup_and_drain_without_peak_shortcut) ... ok
test_bad_round_or_missing_direct_point_rejected (tests.experiments.test_m1_campaign.PreflightTests.test_bad_round_or_missing_direct_point_rejected) ... ok
test_c64_with_32mib_results_is_rejected_without_pg_or_budget (tests.experiments.test_m1_campaign.PreflightTests.test_c64_with_32mib_results_is_rejected_without_pg_or_budget) ... ok
test_holdout_cannot_choose_its_own_settings (tests.experiments.test_m1_campaign.PreflightTests.test_holdout_cannot_choose_its_own_settings) ... ok
test_input_pg_and_staging_can_independently_block (tests.experiments.test_m1_campaign.PreflightTests.test_input_pg_and_staging_can_independently_block) ... ok
test_legacy_matrix_and_stale_total_are_rejected (tests.experiments.test_m1_campaign.PreflightTests.test_legacy_matrix_and_stale_total_are_rejected) ... ok
test_query_failure_preserves_partial_evidence_and_stops_following_units (tests.experiments.test_m1_campaign.PreflightTests.test_query_failure_preserves_partial_evidence_and_stops_following_units) ... ok
test_uniform_resources_admit_128_candidates_statically (tests.experiments.test_m1_campaign.PreflightTests.test_uniform_resources_admit_128_candidates_statically) ... ok
test_evaluation_accepts_recorded_design_and_rejects_later_change (tests.experiments.test_m1_campaign.StageSelectionTests.test_evaluation_accepts_recorded_design_and_rejects_later_change) ... ok
test_group_request_count_and_log_modes_do_not_form_implicit_matrix (tests.experiments.test_m1_campaign.StageSelectionTests.test_group_request_count_and_log_modes_do_not_form_implicit_matrix) ... ok
test_work_stage_requires_matching_screen_and_preserves_context (tests.experiments.test_m1_campaign.StageSelectionTests.test_work_stage_requires_matching_screen_and_preserves_context) ... ok
test_missing_duplicated_or_late_terminal_cannot_be_inferred (tests.experiments.test_waiting_positions.WaitingPositionTests.test_missing_duplicated_or_late_terminal_cannot_be_inferred) ... ok
test_policy_dependent_eligibility_and_missing_preparation_are_rejected (tests.experiments.test_waiting_positions.WaitingPositionTests.test_policy_dependent_eligibility_and_missing_preparation_are_rejected) ... ok
test_preparation_and_all_waiting_segments_are_included (tests.experiments.test_waiting_positions.WaitingPositionTests.test_preparation_and_all_waiting_segments_are_included) ... ok
test_eof_or_session_closure_alone_does_not_prove_job_cleanup (tests.experiments.test_persistent_gateway.PersistentProjectionTests.test_eof_or_session_closure_alone_does_not_prove_job_cleanup) ... ok
test_failed_budget_cleanup_cannot_leave_a_passed_group_summary (tests.experiments.test_persistent_gateway.PersistentProjectionTests.test_failed_budget_cleanup_cannot_leave_a_passed_group_summary) ... ok
test_partial_write_is_revisited_and_previous_queries_are_not_repeated (tests.experiments.test_persistent_gateway.PersistentProjectionTests.test_partial_write_is_revisited_and_previous_queries_are_not_repeated) ... ok
test_previous_movies_ids_text_and_duplicates_are_excluded (tests.experiments.test_movie_partition.MoviePartitionTests.test_previous_movies_ids_text_and_duplicates_are_excluded) ... ok
test_capacity_api_rejects_callers_transaction_before_mutation (tests.experiments.test_map_capacity_runner.CapacityTests.test_capacity_api_rejects_callers_transaction_before_mutation) ... ok
test_direct_cell_reuses_client_bounds_intake_and_preserves_wrong_answers (tests.experiments.test_map_capacity_runner.CapacityTests.test_direct_cell_reuses_client_bounds_intake_and_preserves_wrong_answers) ... ok
test_exclusions_are_explicit_without_truncation (tests.experiments.test_map_capacity_runner.CapacityTests.test_exclusions_are_explicit_without_truncation) ... ok
test_gateway_launch_supplies_source_path_without_caller_pythonpath (tests.experiments.test_map_capacity_runner.CapacityTests.test_gateway_launch_supplies_source_path_without_caller_pythonpath) ... ok
test_partial_summary_does_not_hide_independent_cell_evidence (tests.experiments.test_map_capacity_runner.CapacityTests.test_partial_summary_does_not_hide_independent_cell_evidence) ... ok
test_pg_prepare_and_cleanup_errors_preserve_cell_evidence (tests.experiments.test_map_capacity_runner.CapacityTests.test_pg_prepare_and_cleanup_errors_preserve_cell_evidence) ... ok
test_sampling_is_deterministic_context_isolated_and_answer_independent (tests.experiments.test_map_capacity_runner.CapacityTests.test_sampling_is_deterministic_context_isolated_and_answer_independent) ... ok
test_sql_error_precedes_producer_capture_and_table_cleanup_failures (tests.experiments.test_map_capacity_runner.CapacityTests.test_sql_error_precedes_producer_capture_and_table_cleanup_failures) ... ok

----------------------------------------------------------------------
Ran 35 tests in 0.211s

OK
