2026-09-03 15:06:11.698 CST [98520] LOG:  starting PostgreSQL 18.3 on x86_64-pc-linux-gnu, compiled by gcc (Ubuntu 11.4.0-1ubuntu1~22.04.3) 11.4.0, 64-bit
2026-09-03 15:06:11.698 CST [98520] LOG:  listening on Unix socket "/tmp/U6kZ1jDbtH/.s.PGSQL.20411"
2026-09-03 15:06:11.700 CST [98526] LOG:  database system was shut down at 2026-09-03 15:06:11 CST
2026-09-03 15:06:11.702 CST [98520] LOG:  database system is ready to accept connections
2026-09-03 15:06:11.804 CST [98531] 006_map_plan.pl LOG:  statement: CREATE EXTENSION semloom_pg VERSION '0.1.0';
2026-09-03 15:06:11.819 CST [98533] 006_map_plan.pl LOG:  statement: SELECT oid, proname, proargtypes, provolatile, proparallel, proisstrict, prosecdef, proleakproof,
	       coalesce(proacl::text, '')
	FROM pg_proc WHERE pronamespace = 'ai_semantic'::regnamespace ORDER BY oid;
2026-09-03 15:06:11.833 CST [98535] 006_map_plan.pl LOG:  statement: ALTER EXTENSION semloom_pg UPDATE TO '0.2.0';
2026-09-03 15:06:11.843 CST [98537] 006_map_plan.pl LOG:  statement: SELECT oid, proname, proargtypes, provolatile, proparallel, proisstrict, prosecdef, proleakproof,
	       coalesce(proacl::text, '')
	FROM pg_proc WHERE pronamespace = 'ai_semantic'::regnamespace
	AND oid <> 'ai_semantic.map(text,text,jsonb)'::regprocedure ORDER BY oid;
2026-09-03 15:06:11.855 CST [98539] 006_map_plan.pl LOG:  statement: SELECT prorettype::regtype, l.lanname, provolatile, proparallel, proisstrict, prosecdef, proleakproof
	FROM pg_proc p JOIN pg_language l ON l.oid = p.prolang
	WHERE p.oid = 'ai_semantic.map(text,text,jsonb)'::regprocedure;
2026-09-03 15:06:11.870 CST [98541] 006_map_plan.pl LOG:  statement: CREATE TABLE map_inputs(id integer, body text);
2026-09-03 15:06:11.872 CST [98541] 006_map_plan.pl LOG:  statement: INSERT INTO map_inputs VALUES (1, 'hello'), (2, NULL);
2026-09-03 15:06:11.882 CST [98543] 006_map_plan.pl LOG:  statement: EXPLAIN (FORMAT JSON) SELECT id, ai_semantic.map(body, 'Echo the input.', '{"model":"golden-map-v1","temperature":0,"max_tokens":128}'::jsonb) AS generated FROM ONLY map_inputs
2026-09-03 15:06:11.895 CST [98545] 006_map_plan.pl LOG:  statement: EXPLAIN SELECT id, ai_semantic.map(body, 'Echo the input.', '{"model":"golden-map-v1","temperature":0,"max_tokens":128}'::jsonb) AS generated FROM ONLY map_inputs
2026-09-03 15:06:11.903 CST [98547] 006_map_plan.pl LOG:  statement: SELECT id, ai_semantic.map(body, 'Echo the input.', '{"model":"golden-map-v1","temperature":0,"max_tokens":128}'::jsonb) AS generated FROM ONLY map_inputs;
2026-09-03 15:06:11.904 CST [98547] 006_map_plan.pl ERROR:  generative SemMap execution is not connected
2026-09-03 15:06:11.904 CST [98547] 006_map_plan.pl STATEMENT:  SELECT id, ai_semantic.map(body, 'Echo the input.', '{"model":"golden-map-v1","temperature":0,"max_tokens":128}'::jsonb) AS generated FROM ONLY map_inputs;
2026-09-03 15:06:11.913 CST [98549] 006_map_plan.pl LOG:  statement: SET plan_cache_mode=force_custom_plan;
2026-09-03 15:06:11.913 CST [98549] 006_map_plan.pl LOG:  statement: PREPARE map_parameter(text) AS SELECT ai_semantic.map(body, $1, '{"model":"golden-map-v1","temperature":0,"max_tokens":128}'::jsonb) FROM ONLY map_inputs;
2026-09-03 15:06:11.913 CST [98549] 006_map_plan.pl LOG:  statement: EXPLAIN EXECUTE map_parameter('Echo the input.');
2026-09-03 15:06:11.913 CST [98549] 006_map_plan.pl ERROR:  SemMap instruction and options must be fixed immutable constants
2026-09-03 15:06:11.913 CST [98549] 006_map_plan.pl STATEMENT:  EXPLAIN EXECUTE map_parameter('Echo the input.');
2026-09-03 15:06:11.925 CST [98551] 006_map_plan.pl LOG:  statement: SET plan_cache_mode=force_custom_plan;
2026-09-03 15:06:11.925 CST [98551] 006_map_plan.pl LOG:  statement: PREPARE map_parameter(jsonb) AS SELECT ai_semantic.map(body, 'Echo the input.', $1) FROM ONLY map_inputs;
2026-09-03 15:06:11.925 CST [98551] 006_map_plan.pl LOG:  statement: EXPLAIN EXECUTE map_parameter('{"model":"golden-map-v1","temperature":0,"max_tokens":128}'::jsonb);
2026-09-03 15:06:11.925 CST [98551] 006_map_plan.pl ERROR:  SemMap instruction and options must be fixed immutable constants
2026-09-03 15:06:11.925 CST [98551] 006_map_plan.pl STATEMENT:  EXPLAIN EXECUTE map_parameter('{"model":"golden-map-v1","temperature":0,"max_tokens":128}'::jsonb);
2026-09-03 15:06:11.935 CST [98553] 006_map_plan.pl LOG:  statement: SET plan_cache_mode=force_custom_plan;
2026-09-03 15:06:11.935 CST [98553] 006_map_plan.pl LOG:  statement: PREPARE map_input(text, integer) AS SELECT ai_semantic.map($1, 'Echo the input.', '{"model":"golden-map-v1","temperature":0,"max_tokens":128}'::jsonb) FROM ONLY map_inputs WHERE id >= $2;
2026-09-03 15:06:11.936 CST [98553] 006_map_plan.pl LOG:  statement: EXPLAIN (FORMAT JSON) EXECUTE map_input('hello', 1);
2026-09-03 15:06:11.947 CST [98555] 006_map_plan.pl LOG:  statement: SET plan_cache_mode=force_generic_plan;
2026-09-03 15:06:11.947 CST [98555] 006_map_plan.pl LOG:  statement: PREPARE map_parameter(text) AS SELECT ai_semantic.map(body, $1, '{"model":"golden-map-v1","temperature":0,"max_tokens":128}'::jsonb) FROM ONLY map_inputs;
2026-09-03 15:06:11.947 CST [98555] 006_map_plan.pl LOG:  statement: EXPLAIN EXECUTE map_parameter('Echo the input.');
2026-09-03 15:06:11.947 CST [98555] 006_map_plan.pl ERROR:  SemMap instruction and options must be fixed immutable constants
2026-09-03 15:06:11.947 CST [98555] 006_map_plan.pl STATEMENT:  EXPLAIN EXECUTE map_parameter('Echo the input.');
2026-09-03 15:06:11.955 CST [98557] 006_map_plan.pl LOG:  statement: SET plan_cache_mode=force_generic_plan;
2026-09-03 15:06:11.955 CST [98557] 006_map_plan.pl LOG:  statement: PREPARE map_parameter(jsonb) AS SELECT ai_semantic.map(body, 'Echo the input.', $1) FROM ONLY map_inputs;
2026-09-03 15:06:11.956 CST [98557] 006_map_plan.pl LOG:  statement: EXPLAIN EXECUTE map_parameter('{"model":"golden-map-v1","temperature":0,"max_tokens":128}'::jsonb);
2026-09-03 15:06:11.956 CST [98557] 006_map_plan.pl ERROR:  SemMap instruction and options must be fixed immutable constants
2026-09-03 15:06:11.956 CST [98557] 006_map_plan.pl STATEMENT:  EXPLAIN EXECUTE map_parameter('{"model":"golden-map-v1","temperature":0,"max_tokens":128}'::jsonb);
2026-09-03 15:06:11.965 CST [98559] 006_map_plan.pl LOG:  statement: SET plan_cache_mode=force_generic_plan;
2026-09-03 15:06:11.965 CST [98559] 006_map_plan.pl LOG:  statement: PREPARE map_input(text, integer) AS SELECT ai_semantic.map($1, 'Echo the input.', '{"model":"golden-map-v1","temperature":0,"max_tokens":128}'::jsonb) FROM ONLY map_inputs WHERE id >= $2;
2026-09-03 15:06:11.966 CST [98559] 006_map_plan.pl LOG:  statement: EXPLAIN (FORMAT JSON) EXECUTE map_input('hello', 1);
2026-09-03 15:06:11.975 CST [98561] 006_map_plan.pl LOG:  statement: CREATE FUNCTION stable_instruction() RETURNS text LANGUAGE sql STABLE AS $$ SELECT 'Echo the input.'::text $$;
2026-09-03 15:06:11.976 CST [98561] 006_map_plan.pl LOG:  statement: CREATE FUNCTION volatile_instruction() RETURNS text LANGUAGE sql VOLATILE AS $$ SELECT 'Echo the input.'::text $$;
2026-09-03 15:06:11.982 CST [98563] 006_map_plan.pl LOG:  statement: EXPLAIN SELECT ai_semantic.map(body, body, '{"model":"golden-map-v1","temperature":0,"max_tokens":128}'::jsonb) FROM ONLY map_inputs;
2026-09-03 15:06:11.983 CST [98563] 006_map_plan.pl ERROR:  SemMap instruction and options must be fixed immutable constants
2026-09-03 15:06:11.983 CST [98563] 006_map_plan.pl STATEMENT:  EXPLAIN SELECT ai_semantic.map(body, body, '{"model":"golden-map-v1","temperature":0,"max_tokens":128}'::jsonb) FROM ONLY map_inputs;
2026-09-03 15:06:11.992 CST [98565] 006_map_plan.pl LOG:  statement: EXPLAIN SELECT ai_semantic.map(body, (SELECT 'Echo the input.'::text), '{"model":"golden-map-v1","temperature":0,"max_tokens":128}'::jsonb) FROM ONLY map_inputs;
2026-09-03 15:06:11.993 CST [98565] 006_map_plan.pl ERROR:  SemMap instruction and options must be fixed immutable constants
2026-09-03 15:06:11.993 CST [98565] 006_map_plan.pl STATEMENT:  EXPLAIN SELECT ai_semantic.map(body, (SELECT 'Echo the input.'::text), '{"model":"golden-map-v1","temperature":0,"max_tokens":128}'::jsonb) FROM ONLY map_inputs;
2026-09-03 15:06:12.002 CST [98567] 006_map_plan.pl LOG:  statement: EXPLAIN SELECT ai_semantic.map(body, stable_instruction(), '{"model":"golden-map-v1","temperature":0,"max_tokens":128}'::jsonb) FROM ONLY map_inputs;
2026-09-03 15:06:12.003 CST [98567] 006_map_plan.pl ERROR:  SemMap instruction and options must be fixed immutable constants
2026-09-03 15:06:12.003 CST [98567] 006_map_plan.pl STATEMENT:  EXPLAIN SELECT ai_semantic.map(body, stable_instruction(), '{"model":"golden-map-v1","temperature":0,"max_tokens":128}'::jsonb) FROM ONLY map_inputs;
2026-09-03 15:06:12.011 CST [98569] 006_map_plan.pl LOG:  statement: EXPLAIN SELECT ai_semantic.map(body, volatile_instruction(), '{"model":"golden-map-v1","temperature":0,"max_tokens":128}'::jsonb) FROM ONLY map_inputs;
2026-09-03 15:06:12.011 CST [98569] 006_map_plan.pl ERROR:  SemMap instruction and options must be fixed immutable constants
2026-09-03 15:06:12.011 CST [98569] 006_map_plan.pl STATEMENT:  EXPLAIN SELECT ai_semantic.map(body, volatile_instruction(), '{"model":"golden-map-v1","temperature":0,"max_tokens":128}'::jsonb) FROM ONLY map_inputs;
2026-09-03 15:06:12.020 CST [98571] 006_map_plan.pl LOG:  statement: EXPLAIN (FORMAT JSON) SELECT ai_semantic.map(body, 'Echo ' || 'the input.', ' {"max_tokens":128.0,"temperature":-0.0,"model":"golden-map-v1"}'::jsonb) FROM ONLY map_inputs;
2026-09-03 15:06:12.032 CST [98573] 006_map_plan.pl LOG:  statement: CREATE ROLE map_reader;
2026-09-03 15:06:12.032 CST [98573] 006_map_plan.pl LOG:  statement: GRANT USAGE ON SCHEMA ai_semantic TO map_reader;
2026-09-03 15:06:12.032 CST [98573] 006_map_plan.pl LOG:  statement: GRANT SELECT ON map_inputs TO map_reader;
2026-09-03 15:06:12.032 CST [98573] 006_map_plan.pl LOG:  statement: REVOKE ALL ON FUNCTION ai_semantic.map(text,text,jsonb) FROM PUBLIC;
2026-09-03 15:06:12.033 CST [98573] 006_map_plan.pl LOG:  statement: CREATE FUNCTION map_test_capture(statement text) RETURNS text LANGUAGE plpgsql AS $$
	DECLARE code text; message text;
	BEGIN
	  EXECUTE statement;
	  RETURN 'unexpected success';
	EXCEPTION WHEN OTHERS THEN
	  GET STACKED DIAGNOSTICS code = RETURNED_SQLSTATE, message = MESSAGE_TEXT;
	  RETURN code || '|' || message;
	END $$;
2026-09-03 15:06:12.048 CST [98575] 006_map_plan.pl LOG:  statement: SET ROLE map_reader
	;
2026-09-03 15:06:12.049 CST [98575] 006_map_plan.pl LOG:  statement: SELECT map_test_capture('SELECT id, ai_semantic.map(body, ''Echo the input.'', ''{"model":"golden-map-v1","temperature":0,"max_tokens":128}''::jsonb) AS generated FROM ONLY map_inputs');
2026-09-03 15:06:12.051 CST [98575] 006_map_plan.pl LOG:  statement: ;
2026-09-03 15:06:12.052 CST [98575] 006_map_plan.pl LOG:  statement: SELECT map_test_capture('SELECT id, ai_semantic.map(body, ''Echo the input.'', ''{"model":"golden-map-v1","temperature":0,"max_tokens":128}''::jsonb) AS generated FROM ONLY map_inputs LIMIT 0');
2026-09-03 15:06:12.052 CST [98575] 006_map_plan.pl LOG:  statement: ;
2026-09-03 15:06:12.053 CST [98575] 006_map_plan.pl LOG:  statement: SELECT map_test_capture('SELECT id, ai_semantic.map(body, ''Echo the input.'', ''{"model":"golden-map-v1","temperature":0,"max_tokens":128}''::jsonb) AS generated FROM ONLY map_inputs WHERE false');
2026-09-03 15:06:12.053 CST [98575] 006_map_plan.pl LOG:  statement: ;
2026-09-03 15:06:12.054 CST [98575] 006_map_plan.pl LOG:  statement: SELECT map_test_capture('SELECT id, ai_semantic.map(body, ''Echo the input.'', ''{"model":"golden-map-v1","temperature":0,"max_tokens":128}''::jsonb) AS generated FROM ONLY map_inputs WHERE body IS NULL');
2026-09-03 15:06:12.054 CST [98575] 006_map_plan.pl LOG:  statement: ;
2026-09-03 15:06:12.055 CST [98575] 006_map_plan.pl LOG:  statement: SELECT map_test_capture('EXPLAIN SELECT id, ai_semantic.map(body, ''Echo the input.'', ''{"model":"golden-map-v1","temperature":0,"max_tokens":128}''::jsonb) AS generated FROM ONLY map_inputs');
2026-09-03 15:06:12.055 CST [98575] 006_map_plan.pl LOG:  statement: ;
2026-09-03 15:06:12.066 CST [98577] 006_map_plan.pl LOG:  statement: GRANT EXECUTE ON FUNCTION ai_semantic.map(text,text,jsonb) TO map_reader;
2026-09-03 15:06:12.070 CST [98575] 006_map_plan.pl LOG:  statement: SET plan_cache_mode=force_custom_plan;
2026-09-03 15:06:12.070 CST [98575] 006_map_plan.pl LOG:  statement: PREPARE map_acl(integer) AS SELECT id, ai_semantic.map(body, 'Echo the input.', '{"model":"golden-map-v1","temperature":0,"max_tokens":128}'::jsonb) AS generated FROM ONLY map_inputs WHERE id >= $1;
2026-09-03 15:06:12.070 CST [98575] 006_map_plan.pl LOG:  statement: ;
2026-09-03 15:06:12.071 CST [98575] 006_map_plan.pl LOG:  statement: EXPLAIN (FORMAT JSON) EXECUTE map_acl(1)
	;
2026-09-03 15:06:12.073 CST [98575] 006_map_plan.pl LOG:  statement: SELECT map_test_capture('EXECUTE map_acl(1)');
2026-09-03 15:06:12.073 CST [98575] 006_map_plan.pl LOG:  statement: ;
2026-09-03 15:06:12.074 CST [98575] 006_map_plan.pl LOG:  statement: SELECT custom_plans > 0 FROM pg_prepared_statements WHERE name='map_acl'
	;
2026-09-03 15:06:12.081 CST [98579] 006_map_plan.pl LOG:  statement: REVOKE EXECUTE ON FUNCTION ai_semantic.map(text,text,jsonb) FROM map_reader;
2026-09-03 15:06:12.083 CST [98575] 006_map_plan.pl LOG:  statement: SELECT map_test_capture('EXECUTE map_acl(1)');
2026-09-03 15:06:12.083 CST [98575] 006_map_plan.pl LOG:  statement: ;
2026-09-03 15:06:12.092 CST [98581] 006_map_plan.pl LOG:  statement: GRANT EXECUTE ON FUNCTION ai_semantic.map(text,text,jsonb) TO map_reader;
2026-09-03 15:06:12.094 CST [98575] 006_map_plan.pl LOG:  statement: SELECT map_test_capture('EXECUTE map_acl(1)');
2026-09-03 15:06:12.095 CST [98575] 006_map_plan.pl LOG:  statement: ;
2026-09-03 15:06:12.096 CST [98575] 006_map_plan.pl LOG:  statement: DEALLOCATE map_acl
	;
2026-09-03 15:06:12.096 CST [98575] 006_map_plan.pl LOG:  statement: SET plan_cache_mode=force_generic_plan;
2026-09-03 15:06:12.096 CST [98575] 006_map_plan.pl LOG:  statement: PREPARE map_acl(integer) AS SELECT id, ai_semantic.map(body, 'Echo the input.', '{"model":"golden-map-v1","temperature":0,"max_tokens":128}'::jsonb) AS generated FROM ONLY map_inputs WHERE id >= $1;
2026-09-03 15:06:12.096 CST [98575] 006_map_plan.pl LOG:  statement: ;
2026-09-03 15:06:12.097 CST [98575] 006_map_plan.pl LOG:  statement: EXPLAIN (FORMAT JSON) EXECUTE map_acl(1)
	;
2026-09-03 15:06:12.099 CST [98575] 006_map_plan.pl LOG:  statement: SELECT map_test_capture('EXECUTE map_acl(1)');
2026-09-03 15:06:12.099 CST [98575] 006_map_plan.pl LOG:  statement: ;
2026-09-03 15:06:12.100 CST [98575] 006_map_plan.pl LOG:  statement: SELECT generic_plans > 0 FROM pg_prepared_statements WHERE name='map_acl'
	;
2026-09-03 15:06:12.108 CST [98583] 006_map_plan.pl LOG:  statement: REVOKE EXECUTE ON FUNCTION ai_semantic.map(text,text,jsonb) FROM map_reader;
2026-09-03 15:06:12.110 CST [98575] 006_map_plan.pl LOG:  statement: SELECT map_test_capture('EXECUTE map_acl(1)');
2026-09-03 15:06:12.110 CST [98575] 006_map_plan.pl LOG:  statement: ;
2026-09-03 15:06:12.117 CST [98585] 006_map_plan.pl LOG:  statement: GRANT EXECUTE ON FUNCTION ai_semantic.map(text,text,jsonb) TO map_reader;
2026-09-03 15:06:12.119 CST [98575] 006_map_plan.pl LOG:  statement: SELECT map_test_capture('EXECUTE map_acl(1)');
2026-09-03 15:06:12.119 CST [98575] 006_map_plan.pl LOG:  statement: ;
2026-09-03 15:06:12.120 CST [98575] 006_map_plan.pl LOG:  statement: DEALLOCATE map_acl
	;
2026-09-03 15:06:12.124 CST [98520] LOG:  received fast shutdown request
2026-09-03 15:06:12.124 CST [98520] LOG:  aborting any active transactions
2026-09-03 15:06:12.125 CST [98520] LOG:  background worker "logical replication launcher" (PID 98529) exited with exit code 1
2026-09-03 15:06:12.125 CST [98524] LOG:  shutting down
2026-09-03 15:06:12.126 CST [98524] LOG:  checkpoint starting: shutdown immediate
2026-09-03 15:06:12.128 CST [98524] LOG:  checkpoint complete: wrote 66 buffers (0.4%), wrote 3 SLRU buffers; 0 WAL file(s) added, 0 removed, 0 recycled; write=0.003 s, sync=0.001 s, total=0.003 s; sync files=0, longest=0.000 s, average=0.000 s; distance=263 kB, estimate=263 kB; lsn=0/172F0D0, redo lsn=0/172F0D0
2026-09-03 15:06:12.136 CST [98520] LOG:  database system is shut down
