CREATE EXTENSION
SELECT 8
CREATE TABLE
CREATE FUNCTION
CREATE FUNCTION
SET
[
  {
    "Plan": {
      "Node Type": "Limit",
      "Parallel Aware": false,
      "Async Capable": false,
      "Startup Cost": 1.57,
      "Total Cost": 2.10,
      "Plan Rows": 1,
      "Plan Width": 64,
      "Disabled": false,
      "Output": ["(pg_temp.probe_tick(body))", "(ai_semantic.map(pg_temp.probe_null_tick(body), 'Echo.'::text, '{\"model\": \"golden-map-v1\", \"max_tokens\": 128, \"temperature\": 0}'::jsonb))"],
      "Plans": [
        {
          "Node Type": "Seq Scan",
          "Parent Relationship": "Outer",
          "Parallel Aware": false,
          "Async Capable": false,
          "Relation Name": "probe_inputs",
          "Schema": "pg_temp",
          "Alias": "probe_inputs",
          "Startup Cost": 0.00,
          "Total Cost": 445.62,
          "Plan Rows": 850,
          "Plan Width": 64,
          "Disabled": false,
          "Output": ["pg_temp.probe_tick(body)", "ai_semantic.map(pg_temp.probe_null_tick(body), 'Echo.'::text, '{\"model\": \"golden-map-v1\", \"max_tokens\": 128, \"temperature\": 0}'::jsonb)"]
        }
      ]
    }
  }
]
value|
map-input|4
ordinary|4
NOTICE:  extension "semloom_pg" already exists, skipping
