LOAD
CREATE EXTENSION
SELECT 8
CREATE TABLE
CREATE FUNCTION
CREATE FUNCTION
SET
[
  {
    "Plan": {
      "Node Type": "Limit",
      "Parallel Aware": false,
      "Async Capable": false,
      "Startup Cost": 1.57,
      "Total Cost": 2.09,
      "Plan Rows": 1,
      "Plan Width": 64,
      "Disabled": false,
      "Output": ["(pg_temp.probe_tick(body))", "(pg_temp.probe_tick(body))"],
      "Plans": [
        {
          "Node Type": "Seq Scan",
          "Parent Relationship": "Outer",
          "Parallel Aware": false,
          "Async Capable": false,
          "Relation Name": "probe_inputs",
          "Schema": "pg_temp",
          "Alias": "probe_inputs",
          "Startup Cost": 0.00,
          "Total Cost": 443.50,
          "Plan Rows": 850,
          "Plan Width": 64,
          "Disabled": false,
          "Output": ["pg_temp.probe_tick(body)", "pg_temp.probe_tick(body)"]
        }
      ]
    }
  }
]
value|value
ordinary|8
NOTICE:  extension "semloom_pg" already exists, skipping
